Component: ARM Compiler 5.06 update 2 (build 183) Tool: armlink [4d35b7]

==============================================================================

Section Cross References

    light_transfer.o(.text) refers to light_transfer.o(.data) for Flag
    light_transfer.o(.text) refers to com.o(.data) for Light_Singel
    light_transfer.o(.text) refers to com.o(.bss) for Light_Data
    main.o(.text) refers to misc.o(.text) for NVIC_PriorityGroupConfig
    main.o(.text) refers to system_stm32f10x.o(.text) for SystemInit
    main.o(.text) refers to delay.o(.text) for delay_init
    main.o(.text) refers to oled.o(.text) for OLED_Init
    main.o(.text) refers to flash.o(.text) for FF_Init
    main.o(.text) refers to gpio.o(.text) for GPIO_Configuration
    main.o(.text) refers to dflti.o(.text) for __aeabi_i2d
    main.o(.text) refers to pow.o(i.pow) for pow
    main.o(.text) refers to dfixui.o(.text) for __aeabi_d2uiz
    main.o(.text) refers to com.o(.data) for Singel_Flag
    main.o(.text) refers to com.o(.bss) for Light_Data
    gpio.o(.text) refers to stm32f10x_rcc.o(.text) for RCC_APB2PeriphClockCmd
    gpio.o(.text) refers to stm32f10x_gpio.o(.text) for GPIO_Init
    irq.o(.text) refers to stm32f10x_rcc.o(.text) for RCC_APB1PeriphClockCmd
    irq.o(.text) refers to stm32f10x_gpio.o(.text) for GPIO_Init
    irq.o(.text) refers to stm32f10x_tim.o(.text) for TIM_DeInit
    irq.o(.text) refers to misc.o(.text) for NVIC_Init
    irq.o(.text) refers to light_transfer.o(.text) for Light_Transfer_Main
    irq.o(.text) refers to com.o(.data) for Light_Singel
    irq.o(.text) refers to irq.o(.data) for Flag
    adc.o(.text) refers to stm32f10x_rcc.o(.text) for RCC_APB2PeriphClockCmd
    adc.o(.text) refers to stm32f10x_gpio.o(.text) for GPIO_Init
    adc.o(.text) refers to stm32f10x_adc.o(.text) for ADC_DeInit
    adc.o(.text) refers to delay.o(.text) for delay_ms
    dac.o(.text) refers to stm32f10x_rcc.o(.text) for RCC_APB2PeriphClockCmd
    dac.o(.text) refers to stm32f10x_gpio.o(.text) for GPIO_Init
    dac.o(.text) refers to stm32f10x_dac.o(.text) for DAC_Init
    dac.o(.text) refers to ffltui.o(.text) for __aeabi_ui2f
    dac.o(.text) refers to fdiv.o(.text) for __aeabi_fdiv
    dac.o(.text) refers to fmul.o(.text) for __aeabi_fmul
    dac.o(.text) refers to f2d.o(.text) for __aeabi_f2d
    dac.o(.text) refers to ddiv.o(.text) for __aeabi_ddiv
    dac.o(.text) refers to d2f.o(.text) for __aeabi_d2f
    dac.o(.text) refers to ffixui.o(.text) for __aeabi_f2uiz
    pwm.o(.text) refers to stm32f10x_tim.o(.text) for TIM_GetCounter
    pwm.o(.text) refers to light_transfer.o(.text) for Light_Transfer_Main
    pwm.o(.text) refers to stm32f10x_rcc.o(.text) for RCC_APB1PeriphClockCmd
    pwm.o(.text) refers to stm32f10x_gpio.o(.text) for GPIO_Init
    pwm.o(.text) refers to misc.o(.text) for NVIC_Init
    pwm.o(.text) refers to com.o(.data) for Light_Singel
    pwm.o(.text) refers to pwm.o(.data) for Flag
    delay.o(.text) refers to misc.o(.text) for SysTick_CLKSourceConfig
    delay.o(.text) refers to system_stm32f10x.o(.data) for SystemCoreClock
    delay.o(.text) refers to delay.o(.data) for fac_us
    oled.o(.text) refers to stm32f10x_gpio.o(.text) for GPIO_SetBits
    oled.o(.text) refers to stm32f10x_rcc.o(.text) for RCC_APB2PeriphClockCmd
    oled.o(.text) refers to delay.o(.text) for delay_ms
    oled.o(.text) refers to flash.o(.text) for Read_FLASH
    oled.o(.text) refers to strlen.o(.text) for strlen
    flash.o(.text) refers to stm32f10x_gpio.o(.text) for GPIO_WriteBit
    flash.o(.text) refers to delay.o(.text) for delay_us
    startup_stm32f10x_hd.o(RESET) refers to startup_stm32f10x_hd.o(STACK) for __initial_sp
    startup_stm32f10x_hd.o(RESET) refers to startup_stm32f10x_hd.o(.text) for Reset_Handler
    startup_stm32f10x_hd.o(RESET) refers to irq.o(.text) for TIM2_IRQHandler
    startup_stm32f10x_hd.o(RESET) refers to pwm.o(.text) for TIM5_IRQHandler
    startup_stm32f10x_hd.o(.text) refers to system_stm32f10x.o(.text) for SystemInit
    startup_stm32f10x_hd.o(.text) refers to entry.o(.ARM.Collect$$$$00000000) for __main
    system_stm32f10x.o(.text) refers to system_stm32f10x.o(.data) for SystemCoreClock
    stm32f10x_adc.o(.text) refers to stm32f10x_rcc.o(.text) for RCC_APB2PeriphResetCmd
    stm32f10x_bkp.o(.text) refers to stm32f10x_rcc.o(.text) for RCC_BackupResetCmd
    stm32f10x_can.o(.text) refers to stm32f10x_rcc.o(.text) for RCC_APB1PeriphResetCmd
    stm32f10x_cec.o(.text) refers to stm32f10x_rcc.o(.text) for RCC_APB1PeriphResetCmd
    stm32f10x_dac.o(.text) refers to stm32f10x_rcc.o(.text) for RCC_APB1PeriphResetCmd
    stm32f10x_gpio.o(.text) refers to stm32f10x_rcc.o(.text) for RCC_APB2PeriphResetCmd
    stm32f10x_i2c.o(.text) refers to stm32f10x_rcc.o(.text) for RCC_APB1PeriphResetCmd
    stm32f10x_pwr.o(.text) refers to stm32f10x_rcc.o(.text) for RCC_APB1PeriphResetCmd
    stm32f10x_rcc.o(.text) refers to stm32f10x_rcc.o(.data) for APBAHBPrescTable
    stm32f10x_spi.o(.text) refers to stm32f10x_rcc.o(.text) for RCC_APB2PeriphResetCmd
    stm32f10x_tim.o(.text) refers to stm32f10x_rcc.o(.text) for RCC_APB2PeriphResetCmd
    stm32f10x_usart.o(.text) refers to stm32f10x_rcc.o(.text) for RCC_APB2PeriphResetCmd
    stm32f10x_wwdg.o(.text) refers to stm32f10x_rcc.o(.text) for RCC_APB1PeriphResetCmd
    pow.o(i.__softfp_pow) refers (Special) to iusefp.o(.text) for __I$use$fp
    pow.o(i.__softfp_pow) refers to pow.o(i.pow) for pow
    pow.o(i.pow) refers (Special) to iusefp.o(.text) for __I$use$fp
    pow.o(i.pow) refers to dunder.o(i.__mathlib_dbl_infnan2) for __mathlib_dbl_infnan2
    pow.o(i.pow) refers to errno.o(i.__set_errno) for __set_errno
    pow.o(i.pow) refers to dunder.o(i.__mathlib_dbl_divzero) for __mathlib_dbl_divzero
    pow.o(i.pow) refers to ddiv.o(.text) for __aeabi_ddiv
    pow.o(i.pow) refers to sqrt.o(i.sqrt) for sqrt
    pow.o(i.pow) refers to dmul.o(.text) for __aeabi_dmul
    pow.o(i.pow) refers to dflti.o(.text) for __aeabi_i2d
    pow.o(i.pow) refers to dunder.o(i.__mathlib_dbl_invalid) for __mathlib_dbl_invalid
    pow.o(i.pow) refers to dunder.o(i.__mathlib_dbl_overflow) for __mathlib_dbl_overflow
    pow.o(i.pow) refers to dunder.o(i.__mathlib_dbl_underflow) for __mathlib_dbl_underflow
    pow.o(i.pow) refers to dadd.o(.text) for __aeabi_dsub
    pow.o(i.pow) refers to dscalb.o(.text) for __ARM_scalbn
    pow.o(i.pow) refers to qnan.o(.constdata) for __mathlib_zero
    pow.o(i.pow) refers to poly.o(i.__kernel_poly) for __kernel_poly
    pow.o(i.pow) refers to cdrcmple.o(.text) for __aeabi_cdrcmple
    pow.o(i.pow) refers to pow.o(.constdata) for .constdata
    pow.o(i.pow) refers to fpclassify.o(i.__ARM_fpclassify) for __ARM_fpclassify
    pow.o(.constdata) refers (Special) to iusefp.o(.text) for __I$use$fp
    pow_x.o(i.____softfp_pow$lsc) refers (Special) to iusefp.o(.text) for __I$use$fp
    pow_x.o(i.____softfp_pow$lsc) refers to pow_x.o(i.__pow$lsc) for __pow$lsc
    pow_x.o(i.__pow$lsc) refers (Special) to iusefp.o(.text) for __I$use$fp
    pow_x.o(i.__pow$lsc) refers to dunder.o(i.__mathlib_dbl_infnan2) for __mathlib_dbl_infnan2
    pow_x.o(i.__pow$lsc) refers to errno.o(i.__set_errno) for __set_errno
    pow_x.o(i.__pow$lsc) refers to ddiv.o(.text) for __aeabi_ddiv
    pow_x.o(i.__pow$lsc) refers to sqrt.o(i.sqrt) for sqrt
    pow_x.o(i.__pow$lsc) refers to dmul.o(.text) for __aeabi_dmul
    pow_x.o(i.__pow$lsc) refers to dflti.o(.text) for __aeabi_i2d
    pow_x.o(i.__pow$lsc) refers to dadd.o(.text) for __aeabi_dsub
    pow_x.o(i.__pow$lsc) refers to dscalb.o(.text) for __ARM_scalbn
    pow_x.o(i.__pow$lsc) refers to qnan.o(.constdata) for __mathlib_zero
    pow_x.o(i.__pow$lsc) refers to poly.o(i.__kernel_poly) for __kernel_poly
    pow_x.o(i.__pow$lsc) refers to cdrcmple.o(.text) for __aeabi_cdrcmple
    pow_x.o(i.__pow$lsc) refers to pow_x.o(.constdata) for .constdata
    pow_x.o(.constdata) refers (Special) to iusefp.o(.text) for __I$use$fp
    entry.o(.ARM.Collect$$$$00000000) refers (Special) to entry10a.o(.ARM.Collect$$$$0000000D) for __rt_final_cpp
    entry.o(.ARM.Collect$$$$00000000) refers (Special) to entry11a.o(.ARM.Collect$$$$0000000F) for __rt_final_exit
    entry.o(.ARM.Collect$$$$00000000) refers (Special) to entry7b.o(.ARM.Collect$$$$00000008) for _main_clock
    entry.o(.ARM.Collect$$$$00000000) refers (Special) to entry8b.o(.ARM.Collect$$$$0000000A) for _main_cpp_init
    entry.o(.ARM.Collect$$$$00000000) refers (Special) to entry9a.o(.ARM.Collect$$$$0000000B) for _main_init
    entry.o(.ARM.Collect$$$$00000000) refers (Special) to entry5.o(.ARM.Collect$$$$00000004) for _main_scatterload
    entry.o(.ARM.Collect$$$$00000000) refers (Special) to entry2.o(.ARM.Collect$$$$00000001) for _main_stk
    fmul.o(.text) refers (Special) to iusefp.o(.text) for __I$use$fp
    fdiv.o(.text) refers (Special) to iusefp.o(.text) for __I$use$fp
    fdiv.o(.text) refers to fepilogue.o(.text) for _float_round
    ddiv.o(.text) refers (Special) to iusefp.o(.text) for __I$use$fp
    ddiv.o(.text) refers to depilogue.o(.text) for _double_round
    ffltui.o(.text) refers (Special) to iusefp.o(.text) for __I$use$fp
    ffltui.o(.text) refers to fepilogue.o(.text) for _float_epilogue
    dflti.o(.text) refers (Special) to iusefp.o(.text) for __I$use$fp
    dflti.o(.text) refers to depilogue.o(.text) for _double_epilogue
    ffixui.o(.text) refers (Special) to iusefp.o(.text) for __I$use$fp
    dfixui.o(.text) refers (Special) to iusefp.o(.text) for __I$use$fp
    dfixui.o(.text) refers to llushr.o(.text) for __aeabi_llsr
    f2d.o(.text) refers (Special) to iusefp.o(.text) for __I$use$fp
    d2f.o(.text) refers (Special) to iusefp.o(.text) for __I$use$fp
    d2f.o(.text) refers to fepilogue.o(.text) for _float_round
    dunder.o(i.__mathlib_dbl_divzero) refers to ddiv.o(.text) for __aeabi_ddiv
    dunder.o(i.__mathlib_dbl_infnan) refers to dscalb.o(.text) for __ARM_scalbn
    dunder.o(i.__mathlib_dbl_infnan2) refers to dadd.o(.text) for __aeabi_dadd
    dunder.o(i.__mathlib_dbl_invalid) refers to ddiv.o(.text) for __aeabi_ddiv
    dunder.o(i.__mathlib_dbl_overflow) refers to dscalb.o(.text) for __ARM_scalbn
    dunder.o(i.__mathlib_dbl_posinfnan) refers to dmul.o(.text) for __aeabi_dmul
    dunder.o(i.__mathlib_dbl_underflow) refers to dscalb.o(.text) for __ARM_scalbn
    fpclassify.o(i.__ARM_fpclassify) refers (Special) to iusefp.o(.text) for __I$use$fp
    poly.o(i.__kernel_poly) refers (Special) to iusefp.o(.text) for __I$use$fp
    poly.o(i.__kernel_poly) refers to dmul.o(.text) for __aeabi_dmul
    poly.o(i.__kernel_poly) refers to dadd.o(.text) for __aeabi_dadd
    qnan.o(.constdata) refers (Special) to iusefp.o(.text) for __I$use$fp
    sqrt.o(i.__softfp_sqrt) refers (Special) to iusefp.o(.text) for __I$use$fp
    sqrt.o(i.__softfp_sqrt) refers to dsqrt.o(.text) for _dsqrt
    sqrt.o(i.__softfp_sqrt) refers to errno.o(i.__set_errno) for __set_errno
    sqrt.o(i.sqrt) refers (Special) to iusefp.o(.text) for __I$use$fp
    sqrt.o(i.sqrt) refers to dsqrt.o(.text) for _dsqrt
    sqrt.o(i.sqrt) refers to errno.o(i.__set_errno) for __set_errno
    sqrt_x.o(i.____softfp_sqrt$lsc) refers (Special) to iusefp.o(.text) for __I$use$fp
    sqrt_x.o(i.____softfp_sqrt$lsc) refers to cdcmple.o(.text) for __aeabi_cdcmple
    sqrt_x.o(i.____softfp_sqrt$lsc) refers to errno.o(i.__set_errno) for __set_errno
    sqrt_x.o(i.____softfp_sqrt$lsc) refers to dsqrt.o(.text) for _dsqrt
    sqrt_x.o(i.__sqrt$lsc) refers (Special) to iusefp.o(.text) for __I$use$fp
    sqrt_x.o(i.__sqrt$lsc) refers to cdcmple.o(.text) for __aeabi_cdcmple
    sqrt_x.o(i.__sqrt$lsc) refers to errno.o(i.__set_errno) for __set_errno
    sqrt_x.o(i.__sqrt$lsc) refers to dsqrt.o(.text) for _dsqrt
    entry2.o(.ARM.Collect$$$$00000001) refers to entry2.o(.ARM.Collect$$$$00002712) for __lit__00000000
    entry2.o(.ARM.Collect$$$$00002712) refers to startup_stm32f10x_hd.o(STACK) for __initial_sp
    entry2.o(__vectab_stack_and_reset_area) refers to startup_stm32f10x_hd.o(STACK) for __initial_sp
    entry2.o(__vectab_stack_and_reset_area) refers to entry.o(.ARM.Collect$$$$00000000) for __main
    entry5.o(.ARM.Collect$$$$00000004) refers to init.o(.text) for __scatterload
    entry9a.o(.ARM.Collect$$$$0000000B) refers to main.o(.text) for main
    entry9b.o(.ARM.Collect$$$$0000000C) refers to main.o(.text) for main
    errno.o(i.__aeabi_errno_addr) refers to errno.o(.data) for .data
    errno.o(i.__read_errno) refers to errno.o(.data) for .data
    errno.o(i.__set_errno) refers to errno.o(.data) for .data
    depilogue.o(.text) refers to llshl.o(.text) for __aeabi_llsl
    depilogue.o(.text) refers to llushr.o(.text) for __aeabi_llsr
    dadd.o(.text) refers to llshl.o(.text) for __aeabi_llsl
    dadd.o(.text) refers to llsshr.o(.text) for __aeabi_lasr
    dadd.o(.text) refers to depilogue.o(.text) for _double_epilogue
    dmul.o(.text) refers to depilogue.o(.text) for _double_epilogue
    init.o(.text) refers to entry5.o(.ARM.Collect$$$$00000004) for __main_after_scatterload
    dsqrt.o(.text) refers to llushr.o(.text) for __aeabi_llsr
    dsqrt.o(.text) refers to depilogue.o(.text) for _double_round


==============================================================================

Removing Unused input sections from the image.

    Removing main.o(.constdata), (1024 bytes).
    Removing adc.o(.text), (232 bytes).
    Removing dac.o(.text), (188 bytes).
    Removing sys.o(.emb_text), (6 bytes).
    Removing sys.o(.text), (12 bytes).
    Removing startup_stm32f10x_hd.o(HEAP), (512 bytes).
    Removing core_cm3.o(.emb_text), (32 bytes).
    Removing stm32f10x_adc.o(.text), (1102 bytes).
    Removing stm32f10x_bkp.o(.text), (196 bytes).
    Removing stm32f10x_can.o(.text), (2544 bytes).
    Removing stm32f10x_cec.o(.text), (288 bytes).
    Removing stm32f10x_crc.o(.text), (72 bytes).
    Removing stm32f10x_dac.o(.text), (396 bytes).
    Removing stm32f10x_dbgmcu.o(.text), (48 bytes).
    Removing stm32f10x_dma.o(.text), (596 bytes).
    Removing stm32f10x_exti.o(.text), (284 bytes).
    Removing stm32f10x_flash.o(.text), (1468 bytes).
    Removing stm32f10x_fsmc.o(.text), (1548 bytes).
    Removing stm32f10x_i2c.o(.text), (1028 bytes).
    Removing stm32f10x_iwdg.o(.text), (64 bytes).
    Removing stm32f10x_pwr.o(.text), (204 bytes).
    Removing stm32f10x_rtc.o(.text), (328 bytes).
    Removing stm32f10x_sdio.o(.text), (468 bytes).
    Removing stm32f10x_spi.o(.text), (780 bytes).
    Removing stm32f10x_usart.o(.text), (1032 bytes).
    Removing stm32f10x_wwdg.o(.text), (136 bytes).
    Removing fmul.o(.text), (100 bytes).
    Removing fdiv.o(.text), (124 bytes).
    Removing ffltui.o(.text), (10 bytes).
    Removing ffixui.o(.text), (40 bytes).
    Removing f2d.o(.text), (38 bytes).
    Removing d2f.o(.text), (56 bytes).
    Removing fepilogue.o(.text), (110 bytes).
    Removing cdcmple.o(.text), (48 bytes).

34 unused section(s) (total 15114 bytes) removed from the image.

==============================================================================

Image Symbol Table

    Local Symbols

    Symbol Name                              Value     Ov Type        Size  Object(Section)

    ../clib/microlib/errno.c                 0x00000000   Number         0  errno.o ABSOLUTE
    ../clib/microlib/init/entry.s            0x00000000   Number         0  entry7a.o ABSOLUTE
    ../clib/microlib/init/entry.s            0x00000000   Number         0  entry8b.o ABSOLUTE
    ../clib/microlib/init/entry.s            0x00000000   Number         0  entry10a.o ABSOLUTE
    ../clib/microlib/init/entry.s            0x00000000   Number         0  entry9a.o ABSOLUTE
    ../clib/microlib/init/entry.s            0x00000000   Number         0  entry9b.o ABSOLUTE
    ../clib/microlib/init/entry.s            0x00000000   Number         0  entry.o ABSOLUTE
    ../clib/microlib/init/entry.s            0x00000000   Number         0  entry11b.o ABSOLUTE
    ../clib/microlib/init/entry.s            0x00000000   Number         0  entry2.o ABSOLUTE
    ../clib/microlib/init/entry.s            0x00000000   Number         0  entry5.o ABSOLUTE
    ../clib/microlib/init/entry.s            0x00000000   Number         0  entry7b.o ABSOLUTE
    ../clib/microlib/init/entry.s            0x00000000   Number         0  entry8a.o ABSOLUTE
    ../clib/microlib/init/entry.s            0x00000000   Number         0  entry11a.o ABSOLUTE
    ../clib/microlib/init/entry.s            0x00000000   Number         0  entry10b.o ABSOLUTE
    ../clib/microlib/longlong.c              0x00000000   Number         0  llushr.o ABSOLUTE
    ../clib/microlib/longlong.c              0x00000000   Number         0  llshl.o ABSOLUTE
    ../clib/microlib/longlong.c              0x00000000   Number         0  llsshr.o ABSOLUTE
    ../clib/microlib/string/strlen.c         0x00000000   Number         0  strlen.o ABSOLUTE
    ../clib/microlib/stubs.s                 0x00000000   Number         0  iusefp.o ABSOLUTE
    ../fplib/microlib/d2f.c                  0x00000000   Number         0  d2f.o ABSOLUTE
    ../fplib/microlib/f2d.c                  0x00000000   Number         0  f2d.o ABSOLUTE
    ../fplib/microlib/fpadd.c                0x00000000   Number         0  dadd.o ABSOLUTE
    ../fplib/microlib/fpdiv.c                0x00000000   Number         0  ddiv.o ABSOLUTE
    ../fplib/microlib/fpdiv.c                0x00000000   Number         0  fdiv.o ABSOLUTE
    ../fplib/microlib/fpepilogue.c           0x00000000   Number         0  depilogue.o ABSOLUTE
    ../fplib/microlib/fpepilogue.c           0x00000000   Number         0  fepilogue.o ABSOLUTE
    ../fplib/microlib/fpfix.c                0x00000000   Number         0  dfixui.o ABSOLUTE
    ../fplib/microlib/fpfix.c                0x00000000   Number         0  ffixui.o ABSOLUTE
    ../fplib/microlib/fpflt.c                0x00000000   Number         0  ffltui.o ABSOLUTE
    ../fplib/microlib/fpflt.c                0x00000000   Number         0  dflti.o ABSOLUTE
    ../fplib/microlib/fpmul.c                0x00000000   Number         0  fmul.o ABSOLUTE
    ../fplib/microlib/fpmul.c                0x00000000   Number         0  dmul.o ABSOLUTE
    ../fplib/microlib/fpscalb.c              0x00000000   Number         0  dscalb.o ABSOLUTE
    ../fplib/microlib/fpsqrt.c               0x00000000   Number         0  dsqrt.o ABSOLUTE
    ../mathlib/dunder.c                      0x00000000   Number         0  dunder.o ABSOLUTE
    ../mathlib/fpclassify.c                  0x00000000   Number         0  fpclassify.o ABSOLUTE
    ../mathlib/poly.c                        0x00000000   Number         0  poly.o ABSOLUTE
    ../mathlib/pow.c                         0x00000000   Number         0  pow_x.o ABSOLUTE
    ../mathlib/pow.c                         0x00000000   Number         0  pow.o ABSOLUTE
    ../mathlib/qnan.c                        0x00000000   Number         0  qnan.o ABSOLUTE
    ../mathlib/sqrt.c                        0x00000000   Number         0  sqrt.o ABSOLUTE
    ../mathlib/sqrt.c                        0x00000000   Number         0  sqrt_x.o ABSOLUTE
    _0_FWLib\CMSIS\core_cm3.c                0x00000000   Number         0  core_cm3.o ABSOLUTE
    _0_FWLib\CMSIS\startup\startup_stm32f10x_hd.s 0x00000000   Number         0  startup_stm32f10x_hd.o ABSOLUTE
    _0_FWLib\CMSIS\system_stm32f10x.c        0x00000000   Number         0  system_stm32f10x.o ABSOLUTE
    _0_FWLib\\CMSIS\\core_cm3.c              0x00000000   Number         0  core_cm3.o ABSOLUTE
    _0_FWLib\src\misc.c                      0x00000000   Number         0  misc.o ABSOLUTE
    _0_FWLib\src\stm32f10x_adc.c             0x00000000   Number         0  stm32f10x_adc.o ABSOLUTE
    _0_FWLib\src\stm32f10x_bkp.c             0x00000000   Number         0  stm32f10x_bkp.o ABSOLUTE
    _0_FWLib\src\stm32f10x_can.c             0x00000000   Number         0  stm32f10x_can.o ABSOLUTE
    _0_FWLib\src\stm32f10x_cec.c             0x00000000   Number         0  stm32f10x_cec.o ABSOLUTE
    _0_FWLib\src\stm32f10x_crc.c             0x00000000   Number         0  stm32f10x_crc.o ABSOLUTE
    _0_FWLib\src\stm32f10x_dac.c             0x00000000   Number         0  stm32f10x_dac.o ABSOLUTE
    _0_FWLib\src\stm32f10x_dbgmcu.c          0x00000000   Number         0  stm32f10x_dbgmcu.o ABSOLUTE
    _0_FWLib\src\stm32f10x_dma.c             0x00000000   Number         0  stm32f10x_dma.o ABSOLUTE
    _0_FWLib\src\stm32f10x_exti.c            0x00000000   Number         0  stm32f10x_exti.o ABSOLUTE
    _0_FWLib\src\stm32f10x_flash.c           0x00000000   Number         0  stm32f10x_flash.o ABSOLUTE
    _0_FWLib\src\stm32f10x_fsmc.c            0x00000000   Number         0  stm32f10x_fsmc.o ABSOLUTE
    _0_FWLib\src\stm32f10x_gpio.c            0x00000000   Number         0  stm32f10x_gpio.o ABSOLUTE
    _0_FWLib\src\stm32f10x_i2c.c             0x00000000   Number         0  stm32f10x_i2c.o ABSOLUTE
    _0_FWLib\src\stm32f10x_iwdg.c            0x00000000   Number         0  stm32f10x_iwdg.o ABSOLUTE
    _0_FWLib\src\stm32f10x_pwr.c             0x00000000   Number         0  stm32f10x_pwr.o ABSOLUTE
    _0_FWLib\src\stm32f10x_rcc.c             0x00000000   Number         0  stm32f10x_rcc.o ABSOLUTE
    _0_FWLib\src\stm32f10x_rtc.c             0x00000000   Number         0  stm32f10x_rtc.o ABSOLUTE
    _0_FWLib\src\stm32f10x_sdio.c            0x00000000   Number         0  stm32f10x_sdio.o ABSOLUTE
    _0_FWLib\src\stm32f10x_spi.c             0x00000000   Number         0  stm32f10x_spi.o ABSOLUTE
    _0_FWLib\src\stm32f10x_tim.c             0x00000000   Number         0  stm32f10x_tim.o ABSOLUTE
    _0_FWLib\src\stm32f10x_usart.c           0x00000000   Number         0  stm32f10x_usart.o ABSOLUTE
    _0_FWLib\src\stm32f10x_wwdg.c            0x00000000   Number         0  stm32f10x_wwdg.o ABSOLUTE
    _2_USER\com.c                            0x00000000   Number         0  com.o ABSOLUTE
    _2_USER\main.c                           0x00000000   Number         0  main.o ABSOLUTE
    _3_SYSTEM\\sys.c                         0x00000000   Number         0  sys.o ABSOLUTE
    _3_SYSTEM\delay.c                        0x00000000   Number         0  delay.o ABSOLUTE
    _3_SYSTEM\sys.c                          0x00000000   Number         0  sys.o ABSOLUTE
    _4_HARDWARE\ADC.c                        0x00000000   Number         0  adc.o ABSOLUTE
    _4_HARDWARE\DAC.c                        0x00000000   Number         0  dac.o ABSOLUTE
    _4_HARDWARE\GPIO.c                       0x00000000   Number         0  gpio.o ABSOLUTE
    _4_HARDWARE\IRQ.c                        0x00000000   Number         0  irq.o ABSOLUTE
    _4_HARDWARE\PWM.c                        0x00000000   Number         0  pwm.o ABSOLUTE
    _5_APP\Light_Transfer.c                  0x00000000   Number         0  light_transfer.o ABSOLUTE
    _7_COMPA\OLED.c                          0x00000000   Number         0  oled.o ABSOLUTE
    _7_COMPA\flash.c                         0x00000000   Number         0  flash.o ABSOLUTE
    cdcmple.s                                0x00000000   Number         0  cdcmple.o ABSOLUTE
    cdrcmple.s                               0x00000000   Number         0  cdrcmple.o ABSOLUTE
    dc.s                                     0x00000000   Number         0  dc.o ABSOLUTE
    handlers.s                               0x00000000   Number         0  handlers.o ABSOLUTE
    init.s                                   0x00000000   Number         0  init.o ABSOLUTE
    RESET                                    0x08000000   Section      304  startup_stm32f10x_hd.o(RESET)
    .ARM.Collect$$$$00000000                 0x08000130   Section        0  entry.o(.ARM.Collect$$$$00000000)
    .ARM.Collect$$$$00000001                 0x08000130   Section        4  entry2.o(.ARM.Collect$$$$00000001)
    .ARM.Collect$$$$00000004                 0x08000134   Section        4  entry5.o(.ARM.Collect$$$$00000004)
    .ARM.Collect$$$$00000008                 0x08000138   Section        0  entry7b.o(.ARM.Collect$$$$00000008)
    .ARM.Collect$$$$0000000A                 0x08000138   Section        0  entry8b.o(.ARM.Collect$$$$0000000A)
    .ARM.Collect$$$$0000000B                 0x08000138   Section        8  entry9a.o(.ARM.Collect$$$$0000000B)
    .ARM.Collect$$$$0000000D                 0x08000140   Section        0  entry10a.o(.ARM.Collect$$$$0000000D)
    .ARM.Collect$$$$0000000F                 0x08000140   Section        0  entry11a.o(.ARM.Collect$$$$0000000F)
    .ARM.Collect$$$$00002712                 0x08000140   Section        4  entry2.o(.ARM.Collect$$$$00002712)
    __lit__00000000                          0x08000140   Data           4  entry2.o(.ARM.Collect$$$$00002712)
    .text                                    0x08000144   Section        0  light_transfer.o(.text)
    .text                                    0x080003ac   Section        0  main.o(.text)
    .text                                    0x080004e0   Section        0  gpio.o(.text)
    .text                                    0x08000538   Section        0  irq.o(.text)
    .text                                    0x080006e8   Section        0  pwm.o(.text)
    .text                                    0x08000820   Section        0  delay.o(.text)
    .text                                    0x08000910   Section        0  oled.o(.text)
    .text                                    0x08000d9c   Section        0  flash.o(.text)
    .text                                    0x08000edc   Section       36  startup_stm32f10x_hd.o(.text)
    .text                                    0x08000f00   Section        0  system_stm32f10x.o(.text)
    SetSysClockTo72                          0x08000f01   Thumb Code   214  system_stm32f10x.o(.text)
    SetSysClock                              0x08000fd7   Thumb Code     8  system_stm32f10x.o(.text)
    .text                                    0x080010e0   Section        0  misc.o(.text)
    .text                                    0x080011bc   Section        0  stm32f10x_gpio.o(.text)
    .text                                    0x08001518   Section        0  stm32f10x_rcc.o(.text)
    .text                                    0x080018bc   Section        0  stm32f10x_tim.o(.text)
    TI4_Config                               0x08001d63   Thumb Code   130  stm32f10x_tim.o(.text)
    TI3_Config                               0x08001df7   Thumb Code   122  stm32f10x_tim.o(.text)
    TI2_Config                               0x08001e8b   Thumb Code   130  stm32f10x_tim.o(.text)
    TI1_Config                               0x08001f1f   Thumb Code   108  stm32f10x_tim.o(.text)
    .text                                    0x080026d6   Section        0  strlen.o(.text)
    .text                                    0x080026e4   Section        0  ddiv.o(.text)
    .text                                    0x080027c2   Section        0  dflti.o(.text)
    .text                                    0x080027e4   Section        0  dfixui.o(.text)
    .text                                    0x08002816   Section        0  llushr.o(.text)
    .text                                    0x08002836   Section        0  iusefp.o(.text)
    .text                                    0x08002836   Section        0  depilogue.o(.text)
    .text                                    0x080028f0   Section        0  dadd.o(.text)
    .text                                    0x08002a3e   Section        0  dmul.o(.text)
    .text                                    0x08002b22   Section        0  dscalb.o(.text)
    .text                                    0x08002b50   Section       48  cdrcmple.o(.text)
    .text                                    0x08002b80   Section       36  init.o(.text)
    .text                                    0x08002ba4   Section        0  llshl.o(.text)
    .text                                    0x08002bc2   Section        0  llsshr.o(.text)
    .text                                    0x08002be6   Section        0  dsqrt.o(.text)
    i.__ARM_fpclassify                       0x08002c88   Section        0  fpclassify.o(i.__ARM_fpclassify)
    i.__kernel_poly                          0x08002cb0   Section        0  poly.o(i.__kernel_poly)
    i.__mathlib_dbl_divzero                  0x08002d5c   Section        0  dunder.o(i.__mathlib_dbl_divzero)
    i.__mathlib_dbl_infnan2                  0x08002d6c   Section        0  dunder.o(i.__mathlib_dbl_infnan2)
    i.__mathlib_dbl_invalid                  0x08002d70   Section        0  dunder.o(i.__mathlib_dbl_invalid)
    i.__mathlib_dbl_overflow                 0x08002d7c   Section        0  dunder.o(i.__mathlib_dbl_overflow)
    i.__mathlib_dbl_underflow                0x08002d8c   Section        0  dunder.o(i.__mathlib_dbl_underflow)
    i.__scatterload_copy                     0x08002d9c   Section       14  handlers.o(i.__scatterload_copy)
    i.__scatterload_null                     0x08002daa   Section        2  handlers.o(i.__scatterload_null)
    i.__scatterload_zeroinit                 0x08002dac   Section       14  handlers.o(i.__scatterload_zeroinit)
    i.__set_errno                            0x08002dbc   Section        0  errno.o(i.__set_errno)
    i.pow                                    0x08002dc8   Section        0  pow.o(i.pow)
    i.sqrt                                   0x080037a0   Section        0  sqrt.o(i.sqrt)
    .constdata                               0x080037f0   Section      136  pow.o(.constdata)
    bp                                       0x080037f0   Data          16  pow.o(.constdata)
    dp_h                                     0x08003800   Data          16  pow.o(.constdata)
    dp_l                                     0x08003810   Data          16  pow.o(.constdata)
    L                                        0x08003820   Data          48  pow.o(.constdata)
    P                                        0x08003850   Data          40  pow.o(.constdata)
    .constdata                               0x08003878   Section        8  qnan.o(.constdata)
    .data                                    0x20000000   Section       12  light_transfer.o(.data)
    bit                                      0x20000000   Data           4  light_transfer.o(.data)
    i                                        0x20000004   Data           4  light_transfer.o(.data)
    Flag                                     0x20000008   Data           4  light_transfer.o(.data)
    .data                                    0x2000000c   Section       17  com.o(.data)
    .data                                    0x2000001d   Section        1  irq.o(.data)
    Flag                                     0x2000001d   Data           1  irq.o(.data)
    .data                                    0x2000001e   Section        1  pwm.o(.data)
    Flag                                     0x2000001e   Data           1  pwm.o(.data)
    .data                                    0x20000020   Section        4  delay.o(.data)
    fac_us                                   0x20000020   Data           1  delay.o(.data)
    fac_ms                                   0x20000022   Data           2  delay.o(.data)
    .data                                    0x20000024   Section       20  system_stm32f10x.o(.data)
    .data                                    0x20000038   Section       20  stm32f10x_rcc.o(.data)
    APBAHBPrescTable                         0x20000038   Data          16  stm32f10x_rcc.o(.data)
    ADCPrescTable                            0x20000048   Data           4  stm32f10x_rcc.o(.data)
    .data                                    0x2000004c   Section        4  errno.o(.data)
    _errno                                   0x2000004c   Data           4  errno.o(.data)
    .bss                                     0x20000050   Section       80  com.o(.bss)
    STACK                                    0x200000a0   Section     1024  startup_stm32f10x_hd.o(STACK)

    Global Symbols

    Symbol Name                              Value     Ov Type        Size  Object(Section)

    BuildAttributes$$THM_ISAv4$P$D$K$B$S$PE$A:L22UL41UL21$X:L11$S22US41US21$IEEE1$IW$USESV6$~STKCKD$USESV7$~SHL$OTIME$ROPI$IEEEX$EBA8$MICROLIB$REQ8$PRES8$EABIv2 0x00000000   Number         0  anon$$obj.o ABSOLUTE
    __ARM_use_no_argv                        0x00000000   Number         0  main.o ABSOLUTE
    __cpp_initialize__aeabi_                  - Undefined Weak Reference
    __cxa_finalize                            - Undefined Weak Reference
    __decompress                              - Undefined Weak Reference
    _clock_init                               - Undefined Weak Reference
    _microlib_exit                            - Undefined Weak Reference
    __Vectors_Size                           0x00000130   Number         0  startup_stm32f10x_hd.o ABSOLUTE
    __Vectors                                0x08000000   Data           4  startup_stm32f10x_hd.o(RESET)
    __Vectors_End                            0x08000130   Data           0  startup_stm32f10x_hd.o(RESET)
    __main                                   0x08000131   Thumb Code     0  entry.o(.ARM.Collect$$$$00000000)
    _main_stk                                0x08000131   Thumb Code     0  entry2.o(.ARM.Collect$$$$00000001)
    _main_scatterload                        0x08000135   Thumb Code     0  entry5.o(.ARM.Collect$$$$00000004)
    __main_after_scatterload                 0x08000139   Thumb Code     0  entry5.o(.ARM.Collect$$$$00000004)
    _main_clock                              0x08000139   Thumb Code     0  entry7b.o(.ARM.Collect$$$$00000008)
    _main_cpp_init                           0x08000139   Thumb Code     0  entry8b.o(.ARM.Collect$$$$0000000A)
    _main_init                               0x08000139   Thumb Code     0  entry9a.o(.ARM.Collect$$$$0000000B)
    __rt_final_cpp                           0x08000141   Thumb Code     0  entry10a.o(.ARM.Collect$$$$0000000D)
    __rt_final_exit                          0x08000141   Thumb Code     0  entry11a.o(.ARM.Collect$$$$0000000F)
    Light_Transfer_Main                      0x08000145   Thumb Code   588  light_transfer.o(.text)
    main                                     0x080003ad   Thumb Code   292  main.o(.text)
    GPIO_Configuration                       0x080004e1   Thumb Code    80  gpio.o(.text)
    TIM4_Int_Init                            0x08000539   Thumb Code   182  irq.o(.text)
    TIM4_IRQHandler                          0x080005ef   Thumb Code   126  irq.o(.text)
    TIM2_Int_Init                            0x0800066d   Thumb Code    90  irq.o(.text)
    TIM2_IRQHandler                          0x080006c7   Thumb Code    12  irq.o(.text)
    TIM5_IRQHandler                          0x080006e9   Thumb Code   126  pwm.o(.text)
    TIM5_PWM_Init                            0x08000767   Thumb Code   162  pwm.o(.text)
    delay_init                               0x08000821   Thumb Code    50  delay.o(.text)
    delay_us                                 0x08000853   Thumb Code    72  delay.o(.text)
    delay_ms                                 0x0800089b   Thumb Code    72  delay.o(.text)
    delay_s                                  0x080008e3   Thumb Code    30  delay.o(.text)
    OLED_WrDat                               0x08000911   Thumb Code    78  oled.o(.text)
    OLED_WrCmd                               0x0800095f   Thumb Code    78  oled.o(.text)
    OLED_SetPos                              0x080009ad   Thumb Code    40  oled.o(.text)
    OLED_Fill                                0x080009d5   Thumb Code    74  oled.o(.text)
    OLED_CLS                                 0x08000a1f   Thumb Code    10  oled.o(.text)
    OLED_Init                                0x08000a29   Thumb Code   304  oled.o(.text)
    LcdDisChar                               0x08000b59   Thumb Code    72  oled.o(.text)
    LcdDisplay_HZ                            0x08000ba1   Thumb Code   172  oled.o(.text)
    LcdDisplay_Chinese                       0x08000c4d   Thumb Code    58  oled.o(.text)
    LcdDisplay_char                          0x08000c87   Thumb Code    54  oled.o(.text)
    OLED_BMP                                 0x08000cbd   Thumb Code   140  oled.o(.text)
    OLED_ShowNum                             0x08000d49   Thumb Code    80  oled.o(.text)
    FF_CS                                    0x08000d9d   Thumb Code    18  flash.o(.text)
    FF_SO                                    0x08000daf   Thumb Code    18  flash.o(.text)
    FF_CLK                                   0x08000dc1   Thumb Code    18  flash.o(.text)
    FF_Init                                  0x08000dd3   Thumb Code    66  flash.o(.text)
    Write_FF                                 0x08000e15   Thumb Code   104  flash.o(.text)
    Read_FLASH                               0x08000e7d   Thumb Code    88  flash.o(.text)
    Reset_Handler                            0x08000edd   Thumb Code     8  startup_stm32f10x_hd.o(.text)
    NMI_Handler                              0x08000ee5   Thumb Code     2  startup_stm32f10x_hd.o(.text)
    HardFault_Handler                        0x08000ee7   Thumb Code     2  startup_stm32f10x_hd.o(.text)
    MemManage_Handler                        0x08000ee9   Thumb Code     2  startup_stm32f10x_hd.o(.text)
    BusFault_Handler                         0x08000eeb   Thumb Code     2  startup_stm32f10x_hd.o(.text)
    UsageFault_Handler                       0x08000eed   Thumb Code     2  startup_stm32f10x_hd.o(.text)
    SVC_Handler                              0x08000eef   Thumb Code     2  startup_stm32f10x_hd.o(.text)
    DebugMon_Handler                         0x08000ef1   Thumb Code     2  startup_stm32f10x_hd.o(.text)
    PendSV_Handler                           0x08000ef3   Thumb Code     2  startup_stm32f10x_hd.o(.text)
    SysTick_Handler                          0x08000ef5   Thumb Code     2  startup_stm32f10x_hd.o(.text)
    ADC1_2_IRQHandler                        0x08000ef7   Thumb Code     0  startup_stm32f10x_hd.o(.text)
    ADC3_IRQHandler                          0x08000ef7   Thumb Code     0  startup_stm32f10x_hd.o(.text)
    CAN1_RX1_IRQHandler                      0x08000ef7   Thumb Code     0  startup_stm32f10x_hd.o(.text)
    CAN1_SCE_IRQHandler                      0x08000ef7   Thumb Code     0  startup_stm32f10x_hd.o(.text)
    DMA1_Channel1_IRQHandler                 0x08000ef7   Thumb Code     0  startup_stm32f10x_hd.o(.text)
    DMA1_Channel2_IRQHandler                 0x08000ef7   Thumb Code     0  startup_stm32f10x_hd.o(.text)
    DMA1_Channel3_IRQHandler                 0x08000ef7   Thumb Code     0  startup_stm32f10x_hd.o(.text)
    DMA1_Channel4_IRQHandler                 0x08000ef7   Thumb Code     0  startup_stm32f10x_hd.o(.text)
    DMA1_Channel5_IRQHandler                 0x08000ef7   Thumb Code     0  startup_stm32f10x_hd.o(.text)
    DMA1_Channel6_IRQHandler                 0x08000ef7   Thumb Code     0  startup_stm32f10x_hd.o(.text)
    DMA1_Channel7_IRQHandler                 0x08000ef7   Thumb Code     0  startup_stm32f10x_hd.o(.text)
    DMA2_Channel1_IRQHandler                 0x08000ef7   Thumb Code     0  startup_stm32f10x_hd.o(.text)
    DMA2_Channel2_IRQHandler                 0x08000ef7   Thumb Code     0  startup_stm32f10x_hd.o(.text)
    DMA2_Channel3_IRQHandler                 0x08000ef7   Thumb Code     0  startup_stm32f10x_hd.o(.text)
    DMA2_Channel4_5_IRQHandler               0x08000ef7   Thumb Code     0  startup_stm32f10x_hd.o(.text)
    EXTI0_IRQHandler                         0x08000ef7   Thumb Code     0  startup_stm32f10x_hd.o(.text)
    EXTI15_10_IRQHandler                     0x08000ef7   Thumb Code     0  startup_stm32f10x_hd.o(.text)
    EXTI1_IRQHandler                         0x08000ef7   Thumb Code     0  startup_stm32f10x_hd.o(.text)
    EXTI2_IRQHandler                         0x08000ef7   Thumb Code     0  startup_stm32f10x_hd.o(.text)
    EXTI3_IRQHandler                         0x08000ef7   Thumb Code     0  startup_stm32f10x_hd.o(.text)
    EXTI4_IRQHandler                         0x08000ef7   Thumb Code     0  startup_stm32f10x_hd.o(.text)
    EXTI9_5_IRQHandler                       0x08000ef7   Thumb Code     0  startup_stm32f10x_hd.o(.text)
    FLASH_IRQHandler                         0x08000ef7   Thumb Code     0  startup_stm32f10x_hd.o(.text)
    FSMC_IRQHandler                          0x08000ef7   Thumb Code     0  startup_stm32f10x_hd.o(.text)
    I2C1_ER_IRQHandler                       0x08000ef7   Thumb Code     0  startup_stm32f10x_hd.o(.text)
    I2C1_EV_IRQHandler                       0x08000ef7   Thumb Code     0  startup_stm32f10x_hd.o(.text)
    I2C2_ER_IRQHandler                       0x08000ef7   Thumb Code     0  startup_stm32f10x_hd.o(.text)
    I2C2_EV_IRQHandler                       0x08000ef7   Thumb Code     0  startup_stm32f10x_hd.o(.text)
    PVD_IRQHandler                           0x08000ef7   Thumb Code     0  startup_stm32f10x_hd.o(.text)
    RCC_IRQHandler                           0x08000ef7   Thumb Code     0  startup_stm32f10x_hd.o(.text)
    RTCAlarm_IRQHandler                      0x08000ef7   Thumb Code     0  startup_stm32f10x_hd.o(.text)
    RTC_IRQHandler                           0x08000ef7   Thumb Code     0  startup_stm32f10x_hd.o(.text)
    SDIO_IRQHandler                          0x08000ef7   Thumb Code     0  startup_stm32f10x_hd.o(.text)
    SPI1_IRQHandler                          0x08000ef7   Thumb Code     0  startup_stm32f10x_hd.o(.text)
    SPI2_IRQHandler                          0x08000ef7   Thumb Code     0  startup_stm32f10x_hd.o(.text)
    SPI3_IRQHandler                          0x08000ef7   Thumb Code     0  startup_stm32f10x_hd.o(.text)
    TAMPER_IRQHandler                        0x08000ef7   Thumb Code     0  startup_stm32f10x_hd.o(.text)
    TIM1_BRK_IRQHandler                      0x08000ef7   Thumb Code     0  startup_stm32f10x_hd.o(.text)
    TIM1_CC_IRQHandler                       0x08000ef7   Thumb Code     0  startup_stm32f10x_hd.o(.text)
    TIM1_TRG_COM_IRQHandler                  0x08000ef7   Thumb Code     0  startup_stm32f10x_hd.o(.text)
    TIM1_UP_IRQHandler                       0x08000ef7   Thumb Code     0  startup_stm32f10x_hd.o(.text)
    TIM3_IRQHandler                          0x08000ef7   Thumb Code     0  startup_stm32f10x_hd.o(.text)
    TIM6_IRQHandler                          0x08000ef7   Thumb Code     0  startup_stm32f10x_hd.o(.text)
    TIM7_IRQHandler                          0x08000ef7   Thumb Code     0  startup_stm32f10x_hd.o(.text)
    TIM8_BRK_IRQHandler                      0x08000ef7   Thumb Code     0  startup_stm32f10x_hd.o(.text)
    TIM8_CC_IRQHandler                       0x08000ef7   Thumb Code     0  startup_stm32f10x_hd.o(.text)
    TIM8_TRG_COM_IRQHandler                  0x08000ef7   Thumb Code     0  startup_stm32f10x_hd.o(.text)
    TIM8_UP_IRQHandler                       0x08000ef7   Thumb Code     0  startup_stm32f10x_hd.o(.text)
    UART4_IRQHandler                         0x08000ef7   Thumb Code     0  startup_stm32f10x_hd.o(.text)
    UART5_IRQHandler                         0x08000ef7   Thumb Code     0  startup_stm32f10x_hd.o(.text)
    USART1_IRQHandler                        0x08000ef7   Thumb Code     0  startup_stm32f10x_hd.o(.text)
    USART2_IRQHandler                        0x08000ef7   Thumb Code     0  startup_stm32f10x_hd.o(.text)
    USART3_IRQHandler                        0x08000ef7   Thumb Code     0  startup_stm32f10x_hd.o(.text)
    USBWakeUp_IRQHandler                     0x08000ef7   Thumb Code     0  startup_stm32f10x_hd.o(.text)
    USB_HP_CAN1_TX_IRQHandler                0x08000ef7   Thumb Code     0  startup_stm32f10x_hd.o(.text)
    USB_LP_CAN1_RX0_IRQHandler               0x08000ef7   Thumb Code     0  startup_stm32f10x_hd.o(.text)
    WWDG_IRQHandler                          0x08000ef7   Thumb Code     0  startup_stm32f10x_hd.o(.text)
    SystemInit                               0x08000fdf   Thumb Code    78  system_stm32f10x.o(.text)
    SystemCoreClockUpdate                    0x0800102d   Thumb Code   142  system_stm32f10x.o(.text)
    NVIC_PriorityGroupConfig                 0x080010e1   Thumb Code    10  misc.o(.text)
    NVIC_Init                                0x080010eb   Thumb Code   100  misc.o(.text)
    NVIC_SetVectorTable                      0x0800114f   Thumb Code    14  misc.o(.text)
    NVIC_SystemLPConfig                      0x0800115d   Thumb Code    34  misc.o(.text)
    SysTick_CLKSourceConfig                  0x0800117f   Thumb Code    40  misc.o(.text)
    GPIO_DeInit                              0x080011bd   Thumb Code   172  stm32f10x_gpio.o(.text)
    GPIO_AFIODeInit                          0x08001269   Thumb Code    20  stm32f10x_gpio.o(.text)
    GPIO_Init                                0x0800127d   Thumb Code   278  stm32f10x_gpio.o(.text)
    GPIO_StructInit                          0x08001393   Thumb Code    16  stm32f10x_gpio.o(.text)
    GPIO_ReadInputDataBit                    0x080013a3   Thumb Code    18  stm32f10x_gpio.o(.text)
    GPIO_ReadInputData                       0x080013b5   Thumb Code     8  stm32f10x_gpio.o(.text)
    GPIO_ReadOutputDataBit                   0x080013bd   Thumb Code    18  stm32f10x_gpio.o(.text)
    GPIO_ReadOutputData                      0x080013cf   Thumb Code     8  stm32f10x_gpio.o(.text)
    GPIO_SetBits                             0x080013d7   Thumb Code     4  stm32f10x_gpio.o(.text)
    GPIO_ResetBits                           0x080013db   Thumb Code     4  stm32f10x_gpio.o(.text)
    GPIO_WriteBit                            0x080013df   Thumb Code    10  stm32f10x_gpio.o(.text)
    GPIO_Write                               0x080013e9   Thumb Code     4  stm32f10x_gpio.o(.text)
    GPIO_PinLockConfig                       0x080013ed   Thumb Code    18  stm32f10x_gpio.o(.text)
    GPIO_EventOutputConfig                   0x080013ff   Thumb Code    26  stm32f10x_gpio.o(.text)
    GPIO_EventOutputCmd                      0x08001419   Thumb Code     6  stm32f10x_gpio.o(.text)
    GPIO_PinRemapConfig                      0x0800141f   Thumb Code   138  stm32f10x_gpio.o(.text)
    GPIO_EXTILineConfig                      0x080014a9   Thumb Code    66  stm32f10x_gpio.o(.text)
    GPIO_ETH_MediaInterfaceConfig            0x080014eb   Thumb Code     8  stm32f10x_gpio.o(.text)
    RCC_DeInit                               0x08001519   Thumb Code    64  stm32f10x_rcc.o(.text)
    RCC_HSEConfig                            0x08001559   Thumb Code    70  stm32f10x_rcc.o(.text)
    RCC_GetFlagStatus                        0x0800159f   Thumb Code    56  stm32f10x_rcc.o(.text)
    RCC_WaitForHSEStartUp                    0x080015d7   Thumb Code    56  stm32f10x_rcc.o(.text)
    RCC_AdjustHSICalibrationValue            0x0800160f   Thumb Code    20  stm32f10x_rcc.o(.text)
    RCC_HSICmd                               0x08001623   Thumb Code     6  stm32f10x_rcc.o(.text)
    RCC_PLLConfig                            0x08001629   Thumb Code    24  stm32f10x_rcc.o(.text)
    RCC_PLLCmd                               0x08001641   Thumb Code     6  stm32f10x_rcc.o(.text)
    RCC_SYSCLKConfig                         0x08001647   Thumb Code    18  stm32f10x_rcc.o(.text)
    RCC_GetSYSCLKSource                      0x08001659   Thumb Code    10  stm32f10x_rcc.o(.text)
    RCC_HCLKConfig                           0x08001663   Thumb Code    18  stm32f10x_rcc.o(.text)
    RCC_PCLK1Config                          0x08001675   Thumb Code    18  stm32f10x_rcc.o(.text)
    RCC_PCLK2Config                          0x08001687   Thumb Code    20  stm32f10x_rcc.o(.text)
    RCC_ITConfig                             0x0800169b   Thumb Code    26  stm32f10x_rcc.o(.text)
    RCC_USBCLKConfig                         0x080016b5   Thumb Code     8  stm32f10x_rcc.o(.text)
    RCC_ADCCLKConfig                         0x080016bd   Thumb Code    18  stm32f10x_rcc.o(.text)
    RCC_LSEConfig                            0x080016cf   Thumb Code    50  stm32f10x_rcc.o(.text)
    RCC_LSICmd                               0x08001701   Thumb Code     6  stm32f10x_rcc.o(.text)
    RCC_RTCCLKConfig                         0x08001707   Thumb Code    12  stm32f10x_rcc.o(.text)
    RCC_RTCCLKCmd                            0x08001713   Thumb Code     8  stm32f10x_rcc.o(.text)
    RCC_GetClocksFreq                        0x0800171b   Thumb Code   192  stm32f10x_rcc.o(.text)
    RCC_AHBPeriphClockCmd                    0x080017db   Thumb Code    26  stm32f10x_rcc.o(.text)
    RCC_APB2PeriphClockCmd                   0x080017f5   Thumb Code    26  stm32f10x_rcc.o(.text)
    RCC_APB1PeriphClockCmd                   0x0800180f   Thumb Code    26  stm32f10x_rcc.o(.text)
    RCC_APB2PeriphResetCmd                   0x08001829   Thumb Code    26  stm32f10x_rcc.o(.text)
    RCC_APB1PeriphResetCmd                   0x08001843   Thumb Code    26  stm32f10x_rcc.o(.text)
    RCC_BackupResetCmd                       0x0800185d   Thumb Code     8  stm32f10x_rcc.o(.text)
    RCC_ClockSecuritySystemCmd               0x08001865   Thumb Code     6  stm32f10x_rcc.o(.text)
    RCC_MCOConfig                            0x0800186b   Thumb Code     6  stm32f10x_rcc.o(.text)
    RCC_ClearFlag                            0x08001871   Thumb Code    14  stm32f10x_rcc.o(.text)
    RCC_GetITStatus                          0x0800187f   Thumb Code    20  stm32f10x_rcc.o(.text)
    RCC_ClearITPendingBit                    0x08001893   Thumb Code     6  stm32f10x_rcc.o(.text)
    TIM_DeInit                               0x080018bd   Thumb Code   424  stm32f10x_tim.o(.text)
    TIM_TimeBaseInit                         0x08001a65   Thumb Code   122  stm32f10x_tim.o(.text)
    TIM_OC1Init                              0x08001adf   Thumb Code   132  stm32f10x_tim.o(.text)
    TIM_OC2Init                              0x08001b63   Thumb Code   154  stm32f10x_tim.o(.text)
    TIM_OC3Init                              0x08001bfd   Thumb Code   150  stm32f10x_tim.o(.text)
    TIM_OC4Init                              0x08001c93   Thumb Code   182  stm32f10x_tim.o(.text)
    TIM_SetIC4Prescaler                      0x08001d49   Thumb Code    26  stm32f10x_tim.o(.text)
    TIM_SetIC3Prescaler                      0x08001de5   Thumb Code    18  stm32f10x_tim.o(.text)
    TIM_SetIC2Prescaler                      0x08001e71   Thumb Code    26  stm32f10x_tim.o(.text)
    TIM_SetIC1Prescaler                      0x08001f0d   Thumb Code    18  stm32f10x_tim.o(.text)
    TIM_ICInit                               0x08001f8b   Thumb Code   150  stm32f10x_tim.o(.text)
    TIM_PWMIConfig                           0x08002021   Thumb Code   124  stm32f10x_tim.o(.text)
    TIM_BDTRConfig                           0x0800209d   Thumb Code    32  stm32f10x_tim.o(.text)
    TIM_TimeBaseStructInit                   0x080020bd   Thumb Code    18  stm32f10x_tim.o(.text)
    TIM_OCStructInit                         0x080020cf   Thumb Code    20  stm32f10x_tim.o(.text)
    TIM_ICStructInit                         0x080020e3   Thumb Code    18  stm32f10x_tim.o(.text)
    TIM_BDTRStructInit                       0x080020f5   Thumb Code    40  stm32f10x_tim.o(.text)
    TIM_Cmd                                  0x0800211d   Thumb Code    24  stm32f10x_tim.o(.text)
    TIM_CtrlPWMOutputs                       0x08002135   Thumb Code    30  stm32f10x_tim.o(.text)
    TIM_ITConfig                             0x08002153   Thumb Code    18  stm32f10x_tim.o(.text)
    TIM_GenerateEvent                        0x08002165   Thumb Code     4  stm32f10x_tim.o(.text)
    TIM_DMAConfig                            0x08002169   Thumb Code    10  stm32f10x_tim.o(.text)
    TIM_DMACmd                               0x08002173   Thumb Code    18  stm32f10x_tim.o(.text)
    TIM_InternalClockConfig                  0x08002185   Thumb Code    12  stm32f10x_tim.o(.text)
    TIM_SelectInputTrigger                   0x08002191   Thumb Code    18  stm32f10x_tim.o(.text)
    TIM_ITRxExternalClockConfig              0x080021a3   Thumb Code    24  stm32f10x_tim.o(.text)
    TIM_TIxExternalClockConfig               0x080021bb   Thumb Code    62  stm32f10x_tim.o(.text)
    TIM_ETRConfig                            0x080021f9   Thumb Code    28  stm32f10x_tim.o(.text)
    TIM_ETRClockMode1Config                  0x08002215   Thumb Code    54  stm32f10x_tim.o(.text)
    TIM_ETRClockMode2Config                  0x0800224b   Thumb Code    32  stm32f10x_tim.o(.text)
    TIM_PrescalerConfig                      0x0800226b   Thumb Code     6  stm32f10x_tim.o(.text)
    TIM_CounterModeConfig                    0x08002271   Thumb Code    18  stm32f10x_tim.o(.text)
    TIM_EncoderInterfaceConfig               0x08002283   Thumb Code    66  stm32f10x_tim.o(.text)
    TIM_ForcedOC1Config                      0x080022c5   Thumb Code    18  stm32f10x_tim.o(.text)
    TIM_ForcedOC2Config                      0x080022d7   Thumb Code    26  stm32f10x_tim.o(.text)
    TIM_ForcedOC3Config                      0x080022f1   Thumb Code    18  stm32f10x_tim.o(.text)
    TIM_ForcedOC4Config                      0x08002303   Thumb Code    26  stm32f10x_tim.o(.text)
    TIM_ARRPreloadConfig                     0x0800231d   Thumb Code    24  stm32f10x_tim.o(.text)
    TIM_SelectCOM                            0x08002335   Thumb Code    24  stm32f10x_tim.o(.text)
    TIM_SelectCCDMA                          0x0800234d   Thumb Code    24  stm32f10x_tim.o(.text)
    TIM_CCPreloadControl                     0x08002365   Thumb Code    24  stm32f10x_tim.o(.text)
    TIM_OC1PreloadConfig                     0x0800237d   Thumb Code    18  stm32f10x_tim.o(.text)
    TIM_OC2PreloadConfig                     0x0800238f   Thumb Code    26  stm32f10x_tim.o(.text)
    TIM_OC3PreloadConfig                     0x080023a9   Thumb Code    18  stm32f10x_tim.o(.text)
    TIM_OC4PreloadConfig                     0x080023bb   Thumb Code    26  stm32f10x_tim.o(.text)
    TIM_OC1FastConfig                        0x080023d5   Thumb Code    18  stm32f10x_tim.o(.text)
    TIM_OC2FastConfig                        0x080023e7   Thumb Code    26  stm32f10x_tim.o(.text)
    TIM_OC3FastConfig                        0x08002401   Thumb Code    18  stm32f10x_tim.o(.text)
    TIM_OC4FastConfig                        0x08002413   Thumb Code    26  stm32f10x_tim.o(.text)
    TIM_ClearOC1Ref                          0x0800242d   Thumb Code    18  stm32f10x_tim.o(.text)
    TIM_ClearOC2Ref                          0x0800243f   Thumb Code    24  stm32f10x_tim.o(.text)
    TIM_ClearOC3Ref                          0x08002457   Thumb Code    18  stm32f10x_tim.o(.text)
    TIM_ClearOC4Ref                          0x08002469   Thumb Code    24  stm32f10x_tim.o(.text)
    TIM_OC1PolarityConfig                    0x08002481   Thumb Code    18  stm32f10x_tim.o(.text)
    TIM_OC1NPolarityConfig                   0x08002493   Thumb Code    18  stm32f10x_tim.o(.text)
    TIM_OC2PolarityConfig                    0x080024a5   Thumb Code    26  stm32f10x_tim.o(.text)
    TIM_OC2NPolarityConfig                   0x080024bf   Thumb Code    26  stm32f10x_tim.o(.text)
    TIM_OC3PolarityConfig                    0x080024d9   Thumb Code    26  stm32f10x_tim.o(.text)
    TIM_OC3NPolarityConfig                   0x080024f3   Thumb Code    26  stm32f10x_tim.o(.text)
    TIM_OC4PolarityConfig                    0x0800250d   Thumb Code    26  stm32f10x_tim.o(.text)
    TIM_CCxCmd                               0x08002527   Thumb Code    30  stm32f10x_tim.o(.text)
    TIM_CCxNCmd                              0x08002545   Thumb Code    30  stm32f10x_tim.o(.text)
    TIM_SelectOCxM                           0x08002563   Thumb Code    82  stm32f10x_tim.o(.text)
    TIM_UpdateDisableConfig                  0x080025b5   Thumb Code    24  stm32f10x_tim.o(.text)
    TIM_UpdateRequestConfig                  0x080025cd   Thumb Code    24  stm32f10x_tim.o(.text)
    TIM_SelectHallSensor                     0x080025e5   Thumb Code    24  stm32f10x_tim.o(.text)
    TIM_SelectOnePulseMode                   0x080025fd   Thumb Code    18  stm32f10x_tim.o(.text)
    TIM_SelectOutputTrigger                  0x0800260f   Thumb Code    18  stm32f10x_tim.o(.text)
    TIM_SelectSlaveMode                      0x08002621   Thumb Code    18  stm32f10x_tim.o(.text)
    TIM_SelectMasterSlaveMode                0x08002633   Thumb Code    18  stm32f10x_tim.o(.text)
    TIM_SetCounter                           0x08002645   Thumb Code     4  stm32f10x_tim.o(.text)
    TIM_SetAutoreload                        0x08002649   Thumb Code     4  stm32f10x_tim.o(.text)
    TIM_SetCompare1                          0x0800264d   Thumb Code     4  stm32f10x_tim.o(.text)
    TIM_SetCompare2                          0x08002651   Thumb Code     4  stm32f10x_tim.o(.text)
    TIM_SetCompare3                          0x08002655   Thumb Code     4  stm32f10x_tim.o(.text)
    TIM_SetCompare4                          0x08002659   Thumb Code     6  stm32f10x_tim.o(.text)
    TIM_SetClockDivision                     0x0800265f   Thumb Code    18  stm32f10x_tim.o(.text)
    TIM_GetCapture1                          0x08002671   Thumb Code     6  stm32f10x_tim.o(.text)
    TIM_GetCapture2                          0x08002677   Thumb Code     6  stm32f10x_tim.o(.text)
    TIM_GetCapture3                          0x0800267d   Thumb Code     6  stm32f10x_tim.o(.text)
    TIM_GetCapture4                          0x08002683   Thumb Code     8  stm32f10x_tim.o(.text)
    TIM_GetCounter                           0x0800268b   Thumb Code     6  stm32f10x_tim.o(.text)
    TIM_GetPrescaler                         0x08002691   Thumb Code     6  stm32f10x_tim.o(.text)
    TIM_GetFlagStatus                        0x08002697   Thumb Code    18  stm32f10x_tim.o(.text)
    TIM_ClearFlag                            0x080026a9   Thumb Code     6  stm32f10x_tim.o(.text)
    TIM_GetITStatus                          0x080026af   Thumb Code    34  stm32f10x_tim.o(.text)
    TIM_ClearITPendingBit                    0x080026d1   Thumb Code     6  stm32f10x_tim.o(.text)
    strlen                                   0x080026d7   Thumb Code    14  strlen.o(.text)
    __aeabi_ddiv                             0x080026e5   Thumb Code   222  ddiv.o(.text)
    __aeabi_i2d                              0x080027c3   Thumb Code    34  dflti.o(.text)
    __aeabi_d2uiz                            0x080027e5   Thumb Code    50  dfixui.o(.text)
    __aeabi_llsr                             0x08002817   Thumb Code    32  llushr.o(.text)
    _ll_ushift_r                             0x08002817   Thumb Code     0  llushr.o(.text)
    __I$use$fp                               0x08002837   Thumb Code     0  iusefp.o(.text)
    _double_round                            0x08002837   Thumb Code    30  depilogue.o(.text)
    _double_epilogue                         0x08002855   Thumb Code   156  depilogue.o(.text)
    __aeabi_dadd                             0x080028f1   Thumb Code   322  dadd.o(.text)
    __aeabi_dsub                             0x08002a33   Thumb Code     6  dadd.o(.text)
    __aeabi_drsub                            0x08002a39   Thumb Code     6  dadd.o(.text)
    __aeabi_dmul                             0x08002a3f   Thumb Code   228  dmul.o(.text)
    __ARM_scalbn                             0x08002b23   Thumb Code    46  dscalb.o(.text)
    scalbn                                   0x08002b23   Thumb Code     0  dscalb.o(.text)
    __aeabi_cdrcmple                         0x08002b51   Thumb Code    48  cdrcmple.o(.text)
    __scatterload                            0x08002b81   Thumb Code    28  init.o(.text)
    __scatterload_rt2                        0x08002b81   Thumb Code     0  init.o(.text)
    __aeabi_llsl                             0x08002ba5   Thumb Code    30  llshl.o(.text)
    _ll_shift_l                              0x08002ba5   Thumb Code     0  llshl.o(.text)
    __aeabi_lasr                             0x08002bc3   Thumb Code    36  llsshr.o(.text)
    _ll_sshift_r                             0x08002bc3   Thumb Code     0  llsshr.o(.text)
    _dsqrt                                   0x08002be7   Thumb Code   162  dsqrt.o(.text)
    __ARM_fpclassify                         0x08002c89   Thumb Code    40  fpclassify.o(i.__ARM_fpclassify)
    __kernel_poly                            0x08002cb1   Thumb Code   170  poly.o(i.__kernel_poly)
    __mathlib_dbl_divzero                    0x08002d5d   Thumb Code    12  dunder.o(i.__mathlib_dbl_divzero)
    __mathlib_dbl_infnan2                    0x08002d6d   Thumb Code     4  dunder.o(i.__mathlib_dbl_infnan2)
    __mathlib_dbl_invalid                    0x08002d71   Thumb Code    12  dunder.o(i.__mathlib_dbl_invalid)
    __mathlib_dbl_overflow                   0x08002d7d   Thumb Code    14  dunder.o(i.__mathlib_dbl_overflow)
    __mathlib_dbl_underflow                  0x08002d8d   Thumb Code    10  dunder.o(i.__mathlib_dbl_underflow)
    __scatterload_copy                       0x08002d9d   Thumb Code    14  handlers.o(i.__scatterload_copy)
    __scatterload_null                       0x08002dab   Thumb Code     2  handlers.o(i.__scatterload_null)
    __scatterload_zeroinit                   0x08002dad   Thumb Code    14  handlers.o(i.__scatterload_zeroinit)
    __set_errno                              0x08002dbd   Thumb Code     6  errno.o(i.__set_errno)
    pow                                      0x08002dc9   Thumb Code  2512  pow.o(i.pow)
    sqrt                                     0x080037a1   Thumb Code    76  sqrt.o(i.sqrt)
    __mathlib_zero                           0x08003878   Data           8  qnan.o(.constdata)
    Region$$Table$$Base                      0x08003880   Number         0  anon$$obj.o(Region$$Table)
    Region$$Table$$Limit                     0x080038a0   Number         0  anon$$obj.o(Region$$Table)
    timer                                    0x2000000c   Data           2  com.o(.data)
    Light_Singel                             0x20000010   Data           4  com.o(.data)
    Singel_Flag                              0x20000014   Data           1  com.o(.data)
    Decode_Data                              0x20000018   Data           4  com.o(.data)
    Adjust_Flag                              0x2000001c   Data           1  com.o(.data)
    SystemCoreClock                          0x20000024   Data           4  system_stm32f10x.o(.data)
    AHBPrescTable                            0x20000028   Data          16  system_stm32f10x.o(.data)
    Light_Data                               0x20000050   Data          80  com.o(.bss)
    __initial_sp                             0x200004a0   Data           0  startup_stm32f10x_hd.o(STACK)



==============================================================================

Memory Map of the image

  Image Entry point : 0x08000131

  Load Region LR_IROM1 (Base: 0x08000000, Size: 0x000038f0, Max: 0x00040000, ABSOLUTE)

    Execution Region ER_IROM1 (Base: 0x08000000, Size: 0x000038a0, Max: 0x00040000, ABSOLUTE)

    Base Addr    Size         Type   Attr      Idx    E Section Name        Object

    0x08000000   0x00000130   Data   RO          327    RESET               startup_stm32f10x_hd.o
    0x08000130   0x00000000   Code   RO          670  * .ARM.Collect$$$$00000000  mc_w.l(entry.o)
    0x08000130   0x00000004   Code   RO          720    .ARM.Collect$$$$00000001  mc_w.l(entry2.o)
    0x08000134   0x00000004   Code   RO          723    .ARM.Collect$$$$00000004  mc_w.l(entry5.o)
    0x08000138   0x00000000   Code   RO          725    .ARM.Collect$$$$00000008  mc_w.l(entry7b.o)
    0x08000138   0x00000000   Code   RO          727    .ARM.Collect$$$$0000000A  mc_w.l(entry8b.o)
    0x08000138   0x00000008   Code   RO          728    .ARM.Collect$$$$0000000B  mc_w.l(entry9a.o)
    0x08000140   0x00000000   Code   RO          730    .ARM.Collect$$$$0000000D  mc_w.l(entry10a.o)
    0x08000140   0x00000000   Code   RO          732    .ARM.Collect$$$$0000000F  mc_w.l(entry11a.o)
    0x08000140   0x00000004   Code   RO          721    .ARM.Collect$$$$00002712  mc_w.l(entry2.o)
    0x08000144   0x00000268   Code   RO            1    .text               light_transfer.o
    0x080003ac   0x00000134   Code   RO          159    .text               main.o
    0x080004e0   0x00000058   Code   RO          181    .text               gpio.o
    0x08000538   0x000001b0   Code   RO          196    .text               irq.o
    0x080006e8   0x00000138   Code   RO          242    .text               pwm.o
    0x08000820   0x000000f0   Code   RO          258    .text               delay.o
    0x08000910   0x0000048c   Code   RO          295    .text               oled.o
    0x08000d9c   0x00000140   Code   RO          313    .text               flash.o
    0x08000edc   0x00000024   Code   RO          328    .text               startup_stm32f10x_hd.o
    0x08000f00   0x000001e0   Code   RO          332    .text               system_stm32f10x.o
    0x080010e0   0x000000dc   Code   RO          382    .text               misc.o
    0x080011bc   0x0000035c   Code   RO          526    .text               stm32f10x_gpio.o
    0x08001518   0x000003a4   Code   RO          574    .text               stm32f10x_rcc.o
    0x080018bc   0x00000e1a   Code   RO          624    .text               stm32f10x_tim.o
    0x080026d6   0x0000000e   Code   RO          673    .text               mc_w.l(strlen.o)
    0x080026e4   0x000000de   Code   RO          679    .text               mf_w.l(ddiv.o)
    0x080027c2   0x00000022   Code   RO          683    .text               mf_w.l(dflti.o)
    0x080027e4   0x00000032   Code   RO          687    .text               mf_w.l(dfixui.o)
    0x08002816   0x00000020   Code   RO          734    .text               mc_w.l(llushr.o)
    0x08002836   0x00000000   Code   RO          743    .text               mc_w.l(iusefp.o)
    0x08002836   0x000000ba   Code   RO          746    .text               mf_w.l(depilogue.o)
    0x080028f0   0x0000014e   Code   RO          748    .text               mf_w.l(dadd.o)
    0x08002a3e   0x000000e4   Code   RO          750    .text               mf_w.l(dmul.o)
    0x08002b22   0x0000002e   Code   RO          752    .text               mf_w.l(dscalb.o)
    0x08002b50   0x00000030   Code   RO          754    .text               mf_w.l(cdrcmple.o)
    0x08002b80   0x00000024   Code   RO          756    .text               mc_w.l(init.o)
    0x08002ba4   0x0000001e   Code   RO          758    .text               mc_w.l(llshl.o)
    0x08002bc2   0x00000024   Code   RO          760    .text               mc_w.l(llsshr.o)
    0x08002be6   0x000000a2   Code   RO          762    .text               mf_w.l(dsqrt.o)
    0x08002c88   0x00000028   Code   RO          707    i.__ARM_fpclassify  m_ws.l(fpclassify.o)
    0x08002cb0   0x000000aa   Code   RO          709    i.__kernel_poly     m_ws.l(poly.o)
    0x08002d5a   0x00000002   PAD
    0x08002d5c   0x00000010   Code   RO          693    i.__mathlib_dbl_divzero  m_ws.l(dunder.o)
    0x08002d6c   0x00000004   Code   RO          695    i.__mathlib_dbl_infnan2  m_ws.l(dunder.o)
    0x08002d70   0x0000000c   Code   RO          696    i.__mathlib_dbl_invalid  m_ws.l(dunder.o)
    0x08002d7c   0x0000000e   Code   RO          697    i.__mathlib_dbl_overflow  m_ws.l(dunder.o)
    0x08002d8a   0x00000002   PAD
    0x08002d8c   0x00000010   Code   RO          699    i.__mathlib_dbl_underflow  m_ws.l(dunder.o)
    0x08002d9c   0x0000000e   Code   RO          768    i.__scatterload_copy  mc_w.l(handlers.o)
    0x08002daa   0x00000002   Code   RO          769    i.__scatterload_null  mc_w.l(handlers.o)
    0x08002dac   0x0000000e   Code   RO          770    i.__scatterload_zeroinit  mc_w.l(handlers.o)
    0x08002dba   0x00000002   PAD
    0x08002dbc   0x0000000c   Code   RO          738    i.__set_errno       mc_w.l(errno.o)
    0x08002dc8   0x000009d8   Code   RO          661    i.pow               m_ws.l(pow.o)
    0x080037a0   0x0000004c   Code   RO          713    i.sqrt              m_ws.l(sqrt.o)
    0x080037ec   0x00000004   PAD
    0x080037f0   0x00000088   Data   RO          662    .constdata          m_ws.l(pow.o)
    0x08003878   0x00000008   Data   RO          711    .constdata          m_ws.l(qnan.o)
    0x08003880   0x00000020   Data   RO          766    Region$$Table       anon$$obj.o


    Execution Region RW_IRAM1 (Base: 0x20000000, Size: 0x000004a0, Max: 0x0000c000, ABSOLUTE)

    Base Addr    Size         Type   Attr      Idx    E Section Name        Object

    0x20000000   0x0000000c   Data   RW            2    .data               light_transfer.o
    0x2000000c   0x00000011   Data   RW          144    .data               com.o
    0x2000001d   0x00000001   Data   RW          197    .data               irq.o
    0x2000001e   0x00000001   Data   RW          243    .data               pwm.o
    0x2000001f   0x00000001   PAD
    0x20000020   0x00000004   Data   RW          259    .data               delay.o
    0x20000024   0x00000014   Data   RW          333    .data               system_stm32f10x.o
    0x20000038   0x00000014   Data   RW          575    .data               stm32f10x_rcc.o
    0x2000004c   0x00000004   Data   RW          739    .data               mc_w.l(errno.o)
    0x20000050   0x00000050   Zero   RW          143    .bss                com.o
    0x200000a0   0x00000400   Zero   RW          325    STACK               startup_stm32f10x_hd.o


==============================================================================

Image component sizes


      Code (inc. data)   RO Data    RW Data    ZI Data      Debug   Object Name

         0          0          0         17         80        772   com.o
       240         16          0          4          0       1319   delay.o
       320          8          0          0          0       1953   flash.o
        88          8          0          0          0        561   gpio.o
       432         22          0          1          0       1274   irq.o
       616         28          0         12          0     247826   light_transfer.o
       308         16          0          0          0        727   main.o
       220         22          0          0          0       1845   misc.o
      1164         12          0          0          0       4659   oled.o
       312         24          0          1          0        980   pwm.o
        36          8        304          0       1024        852   startup_stm32f10x_hd.o
       860         38          0          0          0       5777   stm32f10x_gpio.o
       932         36          0         20          0       8988   stm32f10x_rcc.o
      3610         88          0          0          0      22888   stm32f10x_tim.o
         0          0          0          0          0         32   sys.o
       480         38          0         20          0       1967   system_stm32f10x.o

    ----------------------------------------------------------------------
      9618        364        336         76       1104     302420   Object Totals
         0          0         32          0          0          0   (incl. Generated)
         0          0          0          1          0          0   (incl. Padding)

    ----------------------------------------------------------------------

      Code (inc. data)   RO Data    RW Data    ZI Data      Debug   Library Member Name

        62         10          0          0          0        340   dunder.o
        40          0          0          0          0         68   fpclassify.o
       170          0          0          0          0         96   poly.o
      2520        190        136          0          0        324   pow.o
         0          0          8          0          0          0   qnan.o
        76          0          0          0          0         84   sqrt.o
         0          0          0          0          0          0   entry.o
         0          0          0          0          0          0   entry10a.o
         0          0          0          0          0          0   entry11a.o
         8          4          0          0          0          0   entry2.o
         4          0          0          0          0          0   entry5.o
         0          0          0          0          0          0   entry7b.o
         0          0          0          0          0          0   entry8b.o
         8          4          0          0          0          0   entry9a.o
        12          6          0          4          0         68   errno.o
        30          0          0          0          0          0   handlers.o
        36          8          0          0          0         68   init.o
         0          0          0          0          0          0   iusefp.o
        30          0          0          0          0         68   llshl.o
        36          0          0          0          0         68   llsshr.o
        32          0          0          0          0         68   llushr.o
        14          0          0          0          0         68   strlen.o
        48          0          0          0          0         68   cdrcmple.o
       334          0          0          0          0        148   dadd.o
       222          0          0          0          0        100   ddiv.o
       186          0          0          0          0        176   depilogue.o
        50          0          0          0          0         76   dfixui.o
        34          0          0          0          0         76   dflti.o
       228          0          0          0          0         96   dmul.o
        46          0          0          0          0         80   dscalb.o
       162          0          0          0          0        100   dsqrt.o

    ----------------------------------------------------------------------
      4398        222        144          4          0       2240   Library Totals
        10          0          0          0          0          0   (incl. Padding)

    ----------------------------------------------------------------------

      Code (inc. data)   RO Data    RW Data    ZI Data      Debug   Library Name

      2868        200        144          0          0        912   m_ws.l
       210         22          0          4          0        408   mc_w.l
      1310          0          0          0          0        920   mf_w.l

    ----------------------------------------------------------------------
      4398        222        144          4          0       2240   Library Totals

    ----------------------------------------------------------------------

==============================================================================


      Code (inc. data)   RO Data    RW Data    ZI Data      Debug   

     14016        586        480         80       1104     302836   Grand Totals
     14016        586        480         80       1104     302836   ELF Image Totals
     14016        586        480         80          0          0   ROM Totals

==============================================================================

    Total RO  Size (Code + RO Data)                14496 (  14.16kB)
    Total RW  Size (RW Data + ZI Data)              1184 (   1.16kB)
    Total ROM Size (Code + RO Data + RW Data)      14576 (  14.23kB)

==============================================================================

