<html>
<body>
<pre>
<h1>礦ision Build Log</h1>
<h2>Tool Versions:</h2>
IDE-Version: μVision V5.15
Copyright (C) 2015 ARM Ltd and ARM Germany GmbH. All rights reserved.
License Information: 1 1, 1, LIC=21EUH-W2VHJ-3MD9Q-NJUD9-N40UZ-S0SWR
 
Tool Versions:
Toolchain:       MDK-ARM Standard  Version: 5.15.0
Toolchain Path:  D:\Program Files (x86)\Keil\ARM\ARMCC\Bin
C Compiler:      Armcc.exe V5.05 update 2 (build 169)
Assembler:       Armasm.exe V5.05 update 2 (build 169)
Linker/Locator:  ArmLink.exe V5.05 update 2 (build 169)
Library Manager: ArmAr.exe V5.05 update 2 (build 169)
Hex Converter:   FromElf.exe V5.05 update 2 (build 169)
CPU DLL:         SARMCM3.DLL V5.15.0
Dialog DLL:      DCM.DLL V1.13.2.0
Target DLL:      Segger\JL2CM3.dll V2.99.15.0
Dialog DLL:      TCM.DLL V1.14.5.0
 
<h2>Project:</h2>
X:\_01_单片机\_02_STM32\_01_基地\_10_F103小板子\_03_程序\_01_我的程序\_06_风力平衡车\_05\2017_windcar.uvproj
Project File Date:  07/24/2017

<h2>Output:</h2>
*** Using Compiler 'V5.05 update 2 (build 169)', folder: 'D:\Program Files (x86)\Keil\ARM\ARMCC\Bin'
Build target 'WindOS'
compiling App_Test.c...
compiling App_LED.c...
compiling App_Key.c...
compiling App_SmallCar.c...
compiling App_Tracking.c...
compiling App_WindCar.c...
compiling App_WindCar_Control.c...
compiling main.c...
compiling userPID.c...
compiling OS_StartFile.c...
compiling OS_Manage.c...
compiling OS_UI.c...
compiling OS_Run.c...
compiling sys.c...
compiling Drive_WindCar_Control.c...
compiling Drive_SmallCar.c...
compiling Drive_GPIO.c...
compiling Drive_OLED.c...
compiling Drive_Timer.c...
compiling Drive_EXTI.c...
compiling Drive_Interrupt.c...
compiling Drive_DAC.c...
compiling Drive_MPU6050.c...
compiling Drive_IOI2C.c...
compiling inv_mpu_dmp_motion_driver.c...
compiling inv_mpu.c...
compiling Drive_USART.c...
compiling adc.c...
compiling My_PWM.c...
compiling My_Tim.c...
compiling PID.c...
compiling MPU6050.c...
compiling filter.c...
assembling startup_stm32f10x_hd.s...
compiling system_stm32f10x.c...
compiling core_cm3.c...
compiling misc.c...
compiling stm32f10x_rcc.c...
compiling stm32f10x_adc.c...
compiling stm32f10x_gpio.c...
compiling stm32f10x_exti.c...
compiling stm32f10x_tim.c...
compiling stm32f10x_dac.c...
compiling stm32f10x_dma.c...
compiling stm32f10x_usart.c...
linking...
Program Size: Code=35476 RO-data=4264 RW-data=484 ZI-data=1860  
FromELF: creating hex file...
".\__Output File\WindOS.axf" - 0 Error(s), 0 Warning(s).
</pre>
</body>
</html>
