Component: ARM Compiler 5.05 update 2 (build 169) Tool: armlink [4d0f33]

==============================================================================

Section Cross References

    app_test.o(i.Test_Main) refers to dfltui.o(.text) for __aeabi_ui2d
    app_test.o(i.Test_Main) refers to os_ui.o(i.OS_Decim_Show) for OS_Decim_Show
    app_test.o(i.Test_Main) refers to app_test.o(.data) for Num
    app_test.o(.data) refers to app_test.o(i.Test_Main) for Test_Main
    app_test.o(.data) refers to app_test.o(.conststring) for .conststring
    app_key.o(i.Key_Clear) refers to app_key.o(.bss) for Key
    app_key.o(i.Key_Get) refers to app_key.o(.bss) for Key
    app_key.o(i.Key_Main) refers to app_key.o(.bss) for Key
    app_key.o(i.Key_Now_Get) refers to app_key.o(.bss) for Key
    app_key.o(i.Key_Scan_Main) refers to app_key.o(.bss) for Key
    app_key.o(i.Key_Start) refers to drive_gpio.o(i.GPIO_Key_Init) for GPIO_Key_Init
    app_key.o(i.Key_Start) refers to os_manage.o(i.OSTask_Creat) for OSTask_Creat
    app_key.o(i.Key_Start) refers to app_key.o(.data) for first
    app_key.o(.data) refers to app_key.o(i.Key_Main) for Key_Main
    app_key.o(.data) refers to app_key.o(i.Key_Start) for Key_Start
    app_key.o(.data) refers to app_key.o(.conststring) for .conststring
    app_key.o(.data) refers to app_key.o(i.Key_Scan_Main) for Key_Scan_Main
    app_smallcar.o(i.SmallCar_BalanceScan_Main) refers to drive_usart.o(i.Revise_PID) for Revise_PID
    app_smallcar.o(i.SmallCar_BalanceScan_Main) refers to app_tracking.o(i.SmallCar_Tracking) for SmallCar_Tracking
    app_smallcar.o(i.SmallCar_BalanceScan_Main) refers to app_tracking.o(i.Balance_Control) for Balance_Control
    app_smallcar.o(i.SmallCar_BalanceScan_Main) refers to os_startfile.o(i.OSdelay_ms) for OSdelay_ms
    app_smallcar.o(i.SmallCar_BalanceScan_Main) refers to app_smallcar.o(.data) for Tracking_Open_Flag
    app_smallcar.o(i.SmallCar_BalanceScan_Main) refers to mpu6050.o(.data) for Gyro_Balance
    app_smallcar.o(.data) refers to app_smallcar.o(i.SmallCar_BalanceScan_Main) for SmallCar_BalanceScan_Main
    app_smallcar.o(.data) refers to app_smallcar.o(.conststring) for .conststring
    app_tracking.o(i.Balance_Control) refers to cfcmple.o(.text) for __aeabi_cfcmple
    app_tracking.o(i.Balance_Control) refers to cfrcmple.o(.text) for __aeabi_cfrcmple
    app_tracking.o(i.Balance_Control) refers to app_tracking.o(i.Wind_Balance_PID) for Wind_Balance_PID
    app_tracking.o(i.Balance_Control) refers to my_pwm.o(i.RighA_Moto_select) for RighA_Moto_select
    app_tracking.o(i.Balance_Control) refers to my_pwm.o(i.LeftA_Moto_select) for LeftA_Moto_select
    app_tracking.o(i.Balance_Control) refers to my_pwm.o(i.RighB_Moto_select) for RighB_Moto_select
    app_tracking.o(i.Balance_Control) refers to my_pwm.o(i.LeftB_Moto_select) for LeftB_Moto_select
    app_tracking.o(i.Balance_Control) refers to f2d.o(.text) for __aeabi_f2d
    app_tracking.o(i.Balance_Control) refers to os_ui.o(i.OS_Decim_Show) for OS_Decim_Show
    app_tracking.o(i.Balance_Control) refers to app_smallcar.o(.data) for Blance_GetData_Flag
    app_tracking.o(i.Balance_Control) refers to mpu6050.o(.data) for Angle_Balance
    app_tracking.o(i.EasyPID) refers to drive_smallcar.o(i.SmallCar_Right_Control) for SmallCar_Right_Control
    app_tracking.o(i.EasyPID) refers to drive_smallcar.o(i.SmallCar_Left_Control) for SmallCar_Left_Control
    app_tracking.o(i.EasyPID) refers to app_tracking.o(.data) for LastState
    app_tracking.o(i.EasyPID) refers to app_smallcar.o(.data) for Stop_Moto
    app_tracking.o(i.SmallCar_ChannelScan_Main) refers to app_tracking.o(i.quick_sort) for quick_sort
    app_tracking.o(i.SmallCar_ChannelScan_Main) refers to dfltui.o(.text) for __aeabi_ui2d
    app_tracking.o(i.SmallCar_ChannelScan_Main) refers to os_ui.o(i.OS_Decim_Show) for OS_Decim_Show
    app_tracking.o(i.SmallCar_ChannelScan_Main) refers to app_tracking.o(i.EasyPID) for EasyPID
    app_tracking.o(i.SmallCar_ChannelScan_Main) refers to os_ui.o(i.OS_String_Show) for OS_String_Show
    app_tracking.o(i.SmallCar_ChannelScan_Main) refers to drive_smallcar.o(.bss) for SmallCar
    app_tracking.o(i.SmallCar_Tracking) refers to dfltui.o(.text) for __aeabi_ui2d
    app_tracking.o(i.SmallCar_Tracking) refers to os_ui.o(i.OS_Decim_Show) for OS_Decim_Show
    app_tracking.o(i.SmallCar_Tracking) refers to drive_smallcar.o(.bss) for SmallCar
    app_tracking.o(i.Wind_Balance_PID) refers to userpid.o(i.pidIncrement) for pidIncrement
    app_tracking.o(i.Wind_Balance_PID) refers to fmul.o(.text) for __aeabi_fmul
    app_tracking.o(i.Wind_Balance_PID) refers to fadd.o(.text) for __aeabi_fadd
    app_tracking.o(i.Wind_Balance_PID) refers to ffixi.o(.text) for __aeabi_f2iz
    app_tracking.o(i.Wind_Balance_PID) refers to cfcmple.o(.text) for __aeabi_cfcmple
    app_tracking.o(i.Wind_Balance_PID) refers to drive_smallcar.o(i.SmallCar_Front_Control) for SmallCar_Front_Control
[...]
    .data                                    0x20000000   Section       48  app_smallcar.o(.data)
    .data                                    0x20000030   Section       32  app_tracking.o(.data)
    now                                      0x20000030   Data           4  app_tracking.o(.data)
    output                                   0x20000034   Data           4  app_tracking.o(.data)
    B_output                                 0x20000038   Data           4  app_tracking.o(.data)
    Turn                                     0x2000003c   Data           4  app_tracking.o(.data)
    output_leftPWM                           0x20000040   Data           4  app_tracking.o(.data)
    output_rightPWM                          0x20000044   Data           4  app_tracking.o(.data)
    LastState                                0x20000048   Data           4  app_tracking.o(.data)
    Integral                                 0x2000004c   Data           4  app_tracking.o(.data)
    .data                                    0x20000050   Section       36  app_windcar.o(.data)
    .data                                    0x20000074   Section       36  app_windcar_control.o(.data)
    .data                                    0x20000098   Section       16  os_startfile.o(.data)
    .data                                    0x200000a8   Section        1  os_ui.o(.data)
    UseState                                 0x200000a8   Data           1  os_ui.o(.data)
    .data                                    0x200000b0   Section       73  drive_windcar_control.o(.data)
    integral_error                           0x200000e0   Data           8  drive_windcar_control.o(.data)
    differential_error                       0x200000e8   Data           8  drive_windcar_control.o(.data)
    last                                     0x200000f0   Data           8  drive_windcar_control.o(.data)
    state                                    0x200000f8   Data           1  drive_windcar_control.o(.data)
    .data                                    0x200000fc   Section       53  drive_mpu6050.o(.data)
    gyro_orientation                         0x20000120   Data           9  drive_mpu6050.o(.data)
    a                                        0x20000130   Data           1  drive_mpu6050.o(.data)
    .data                                    0x20000134   Section       44  inv_mpu.o(.data)
    st                                       0x20000134   Data          44  inv_mpu.o(.data)
    .data                                    0x20000160   Section       13  drive_usart.o(.data)
    cnt                                      0x2000016a   Data           2  drive_usart.o(.data)
    Step                                     0x2000016c   Data           1  drive_usart.o(.data)
    .data                                    0x20000170   Section       28  mpu6050.o(.data)
    .data                                    0x2000018c   Section       84  filter.o(.data)
    .data                                    0x200001e0   Section        4  errno.o(.data)
    _errno                                   0x200001e0   Data           4  errno.o(.data)
    .bss                                     0x200001e4   Section       72  userpid.o(.bss)
    .bss                                     0x2000022c   Section       36  os_manage.o(.bss)
    .bss                                     0x20000250   Section      300  drive_smallcar.o(.bss)
    .bss                                     0x2000037c   Section       16  inv_mpu_dmp_motion_driver.o(.bss)
    dmp                                      0x2000037c   Data          16  inv_mpu_dmp_motion_driver.o(.bss)
    .bss                                     0x2000038c   Section      300  drive_usart.o(.bss)
    NumBuff                                  0x20000454   Data         100  drive_usart.o(.bss)
    .bss                                     0x200004b8   Section       96  adc.o(.bss)
    .bss                                     0x20000518   Section       16  filter.o(.bss)
    STACK                                    0x20000528   Section     1024  startup_stm32f10x_hd.o(STACK)

    Global Symbols

    Symbol Name                              Value     Ov Type        Size  Object(Section)

    BuildAttributes$$THM_ISAv4$P$D$K$B$S$PE$A:L22UL41UL21$X:L11$S22US41US21$IEEE1$IW$USESV6$~STKCKD$USESV7$~SHL$OTIME$ROPI$IEEEX$EBA8$MICROLIB$REQ8$PRES8$EABIv2 0x00000000   Number         0  anon$$obj.o ABSOLUTE
    __ARM_use_no_argv                        0x00000000   Number         0  main.o ABSOLUTE
    __use_no_errno                           0x00000000   Number         0  useno.o ABSOLUTE
    __use_no_exception_handling              0x00000000   Number         0  useno.o ABSOLUTE
    __use_no_fp                              0x00000000   Number         0  useno.o ABSOLUTE
    __use_no_heap                            0x00000000   Number         0  useno.o ABSOLUTE
    __use_no_heap_region                     0x00000000   Number         0  useno.o ABSOLUTE
    __use_no_semihosting                     0x00000000   Number         0  useno.o ABSOLUTE
    __use_no_semihosting_swi                 0x00000000   Number         0  useno.o ABSOLUTE
    __use_no_signal_handling                 0x00000000   Number         0  useno.o ABSOLUTE
    _printf_a                                0x00000000   Number         0  stubs.o ABSOLUTE
    _printf_c                                0x00000000   Number         0  stubs.o ABSOLUTE
    _printf_charcount                        0x00000000   Number         0  stubs.o ABSOLUTE
    _printf_d                                0x00000000   Number         0  stubs.o ABSOLUTE
    _printf_e                                0x00000000   Number         0  stubs.o ABSOLUTE
    _printf_f                                0x00000000   Number         0  stubs.o ABSOLUTE
    _printf_flags                            0x00000000   Number         0  stubs.o ABSOLUTE
    _printf_fp_dec                           0x00000000   Number         0  stubs.o ABSOLUTE
    _printf_fp_hex                           0x00000000   Number         0  stubs.o ABSOLUTE
    _printf_g                                0x00000000   Number         0  stubs.o ABSOLUTE
    _printf_i                                0x00000000   Number         0  stubs.o ABSOLUTE
    _printf_int_dec                          0x00000000   Number         0  stubs.o ABSOLUTE
    _printf_l                                0x00000000   Number         0  stubs.o ABSOLUTE
    _printf_lc                               0x00000000   Number         0  stubs.o ABSOLUTE
    _printf_ll                               0x00000000   Number         0  stubs.o ABSOLUTE
    _printf_lld                              0x00000000   Number         0  stubs.o ABSOLUTE
    _printf_lli                              0x00000000   Number         0  stubs.o ABSOLUTE
    _printf_llo                              0x00000000   Number         0  stubs.o ABSOLUTE
    _printf_llu                              0x00000000   Number         0  stubs.o ABSOLUTE
    _printf_llx                              0x00000000   Number         0  stubs.o ABSOLUTE
    _printf_longlong_dec                     0x00000000   Number         0  stubs.o ABSOLUTE
    _printf_longlong_hex                     0x00000000   Number         0  stubs.o ABSOLUTE
    _printf_longlong_oct                     0x00000000   Number         0  stubs.o ABSOLUTE
    _printf_ls                               0x00000000   Number         0  stubs.o ABSOLUTE
    _printf_mbtowc                           0x00000000   Number         0  stubs.o ABSOLUTE
    _printf_n                                0x00000000   Number         0  stubs.o ABSOLUTE
    _printf_o                                0x00000000   Number         0  stubs.o ABSOLUTE
    _printf_p                                0x00000000   Number         0  stubs.o ABSOLUTE
    _printf_percent                          0x00000000   Number         0  stubs.o ABSOLUTE
    _printf_pre_padding                      0x00000000   Number         0  stubs.o ABSOLUTE
    _printf_return_value                     0x00000000   Number         0  stubs.o ABSOLUTE
    _printf_s                                0x00000000   Number         0  stubs.o ABSOLUTE
    _printf_sizespec                         0x00000000   Number         0  stubs.o ABSOLUTE
    _printf_str                              0x00000000   Number         0  stubs.o ABSOLUTE
    _printf_truncate_signed                  0x00000000   Number         0  stubs.o ABSOLUTE
    _printf_truncate_unsigned                0x00000000   Number         0  stubs.o ABSOLUTE
    _printf_u                                0x00000000   Number         0  stubs.o ABSOLUTE
    _printf_wc                               0x00000000   Number         0  stubs.o ABSOLUTE
    _printf_wctomb                           0x00000000   Number         0  stubs.o ABSOLUTE
    _printf_widthprec                        0x00000000   Number         0  stubs.o ABSOLUTE
    _printf_x                                0x00000000   Number         0  stubs.o ABSOLUTE
    __cpp_initialize__aeabi_                  - Undefined Weak Reference
    __cxa_finalize                            - Undefined Weak Reference
    _clock_init                               - Undefined Weak Reference
    _microlib_exit                            - Undefined Weak Reference
    __Vectors_Size                           0x00000130   Number         0  startup_stm32f10x_hd.o ABSOLUTE
    __Vectors                                0x08000000   Data           4  startup_stm32f10x_hd.o(RESET)
    __Vectors_End                            0x08000130   Data           0  startup_stm32f10x_hd.o(RESET)
    __main                                   0x08000131   Thumb Code     0  entry.o(.ARM.Collect$$$$00000000)
    _main_stk                                0x08000131   Thumb Code     0  entry2.o(.ARM.Collect$$$$00000001)
    _main_scatterload                        0x08000135   Thumb Code     0  entry5.o(.ARM.Collect$$$$00000004)
    __main_after_scatterload                 0x08000139   Thumb Code     0  entry5.o(.ARM.Collect$$$$00000004)
    _main_clock                              0x08000139   Thumb Code     0  entry7b.o(.ARM.Collect$$$$00000008)
    _main_cpp_init                           0x08000139   Thumb Code     0  entry8b.o(.ARM.Collect$$$$0000000A)
    _main_init                               0x08000139   Thumb Code     0  entry9a.o(.ARM.Collect$$$$0000000B)
    __rt_final_cpp                           0x08000141   Thumb Code     0  entry10a.o(.ARM.Collect$$$$0000000D)
    __rt_final_exit                          0x08000141   Thumb Code     0  entry11a.o(.ARM.Collect$$$$0000000F)
    Reset_Handler                            0x08000145   Thumb Code     8  startup_stm32f10x_hd.o(.text)
    NMI_Handler                              0x0800014d   Thumb Code     2  startup_stm32f10x_hd.o(.text)
    HardFault_Handler                        0x0800014f   Thumb Code     2  startup_stm32f10x_hd.o(.text)
    MemManage_Handler                        0x08000151   Thumb Code     2  startup_stm32f10x_hd.o(.text)
    BusFault_Handler                         0x08000153   Thumb Code     2  startup_stm32f10x_hd.o(.text)
    UsageFault_Handler                       0x08000155   Thumb Code     2  startup_stm32f10x_hd.o(.text)
    SVC_Handler                              0x08000157   Thumb Code     2  startup_stm32f10x_hd.o(.text)
    DebugMon_Handler                         0x08000159   Thumb Code     2  startup_stm32f10x_hd.o(.text)
    PendSV_Handler                           0x0800015b   Thumb Code     2  startup_stm32f10x_hd.o(.text)
    SysTick_Handler                          0x0800015d   Thumb Code     2  startup_stm32f10x_hd.o(.text)
    ADC1_2_IRQHandler                        0x0800015f   Thumb Code     0  startup_stm32f10x_hd.o(.text)
    ADC3_IRQHandler                          0x0800015f   Thumb Code     0  startup_stm32f10x_hd.o(.text)
    CAN1_RX1_IRQHandler                      0x0800015f   Thumb Code     0  startup_stm32f10x_hd.o(.text)
    CAN1_SCE_IRQHandler                      0x0800015f   Thumb Code     0  startup_stm32f10x_hd.o(.text)
    DMA1_Channel2_IRQHandler                 0x0800015f   Thumb Code     0  startup_stm32f10x_hd.o(.text)
    DMA1_Channel3_IRQHandler                 0x0800015f   Thumb Code     0  startup_stm32f10x_hd.o(.text)
    DMA1_Channel4_IRQHandler                 0x0800015f   Thumb Code     0  startup_stm32f10x_hd.o(.text)
    DMA1_Channel5_IRQHandler                 0x0800015f   Thumb Code     0  startup_stm32f10x_hd.o(.text)
    DMA1_Channel6_IRQHandler                 0x0800015f   Thumb Code     0  startup_stm32f10x_hd.o(.text)
    DMA1_Channel7_IRQHandler                 0x0800015f   Thumb Code     0  startup_stm32f10x_hd.o(.text)
    DMA2_Channel1_IRQHandler                 0x0800015f   Thumb Code     0  startup_stm32f10x_hd.o(.text)
    DMA2_Channel2_IRQHandler                 0x0800015f   Thumb Code     0  startup_stm32f10x_hd.o(.text)
    DMA2_Channel3_IRQHandler                 0x0800015f   Thumb Code     0  startup_stm32f10x_hd.o(.text)
    DMA2_Channel4_5_IRQHandler               0x0800015f   Thumb Code     0  startup_stm32f10x_hd.o(.text)
    EXTI0_IRQHandler                         0x0800015f   Thumb Code     0  startup_stm32f10x_hd.o(.text)
    EXTI15_10_IRQHandler                     0x0800015f   Thumb Code     0  startup_stm32f10x_hd.o(.text)
    EXTI1_IRQHandler                         0x0800015f   Thumb Code     0  startup_stm32f10x_hd.o(.text)
    EXTI2_IRQHandler                         0x0800015f   Thumb Code     0  startup_stm32f10x_hd.o(.text)
    EXTI3_IRQHandler                         0x0800015f   Thumb Code     0  startup_stm32f10x_hd.o(.text)
    EXTI4_IRQHandler                         0x0800015f   Thumb Code     0  startup_stm32f10x_hd.o(.text)
    FLASH_IRQHandler                         0x0800015f   Thumb Code     0  startup_stm32f10x_hd.o(.text)
    FSMC_IRQHandler                          0x0800015f   Thumb Code     0  startup_stm32f10x_hd.o(.text)
    I2C1_ER_IRQHandler                       0x0800015f   Thumb Code     0  startup_stm32f10x_hd.o(.text)
    I2C1_EV_IRQHandler                       0x0800015f   Thumb Code     0  startup_stm32f10x_hd.o(.text)
    I2C2_ER_IRQHandler                       0x0800015f   Thumb Code     0  startup_stm32f10x_hd.o(.text)
    I2C2_EV_IRQHandler                       0x0800015f   Thumb Code     0  startup_stm32f10x_hd.o(.text)
    PVD_IRQHandler                           0x0800015f   Thumb Code     0  startup_stm32f10x_hd.o(.text)
    RCC_IRQHandler                           0x0800015f   Thumb Code     0  startup_stm32f10x_hd.o(.text)
    RTCAlarm_IRQHandler                      0x0800015f   Thumb Code     0  startup_stm32f10x_hd.o(.text)
    RTC_IRQHandler                           0x0800015f   Thumb Code     0  startup_stm32f10x_hd.o(.text)
    SDIO_IRQHandler                          0x0800015f   Thumb Code     0  startup_stm32f10x_hd.o(.text)
    SPI1_IRQHandler                          0x0800015f   Thumb Code     0  startup_stm32f10x_hd.o(.text)
    SPI2_IRQHandler                          0x0800015f   Thumb Code     0  startup_stm32f10x_hd.o(.text)
    SPI3_IRQHandler                          0x0800015f   Thumb Code     0  startup_stm32f10x_hd.o(.text)
    TAMPER_IRQHandler                        0x0800015f   Thumb Code     0  startup_stm32f10x_hd.o(.text)
    TIM1_BRK_IRQHandler                      0x0800015f   Thumb Code     0  startup_stm32f10x_hd.o(.text)
    TIM1_CC_IRQHandler                       0x0800015f   Thumb Code     0  startup_stm32f10x_hd.o(.text)
    TIM1_TRG_COM_IRQHandler                  0x0800015f   Thumb Code     0  startup_stm32f10x_hd.o(.text)
    TIM1_UP_IRQHandler                       0x0800015f   Thumb Code     0  startup_stm32f10x_hd.o(.text)
    TIM5_IRQHandler                          0x0800015f   Thumb Code     0  startup_stm32f10x_hd.o(.text)
    TIM6_IRQHandler                          0x0800015f   Thumb Code     0  startup_stm32f10x_hd.o(.text)
    TIM8_BRK_IRQHandler                      0x0800015f   Thumb Code     0  startup_stm32f10x_hd.o(.text)
    TIM8_CC_IRQHandler                       0x0800015f   Thumb Code     0  startup_stm32f10x_hd.o(.text)
    TIM8_TRG_COM_IRQHandler                  0x0800015f   Thumb Code     0  startup_stm32f10x_hd.o(.text)
    TIM8_UP_IRQHandler                       0x0800015f   Thumb Code     0  startup_stm32f10x_hd.o(.text)
    UART4_IRQHandler                         0x0800015f   Thumb Code     0  startup_stm32f10x_hd.o(.text)
    UART5_IRQHandler                         0x0800015f   Thumb Code     0  startup_stm32f10x_hd.o(.text)
    USART1_IRQHandler                        0x0800015f   Thumb Code     0  startup_stm32f10x_hd.o(.text)
    USART3_IRQHandler                        0x0800015f   Thumb Code     0  startup_stm32f10x_hd.o(.text)
    USBWakeUp_IRQHandler                     0x0800015f   Thumb Code     0  startup_stm32f10x_hd.o(.text)
    USB_HP_CAN1_TX_IRQHandler                0x0800015f   Thumb Code     0  startup_stm32f10x_hd.o(.text)
    USB_LP_CAN1_RX0_IRQHandler               0x0800015f   Thumb Code     0  startup_stm32f10x_hd.o(.text)
    WWDG_IRQHandler                          0x0800015f   Thumb Code     0  startup_stm32f10x_hd.o(.text)
    __aeabi_ldivmod                          0x08000169   Thumb Code    98  ldiv.o(.text)
    __aeabi_memset                           0x080001cb   Thumb Code    14  memseta.o(.text)
    __aeabi_memset4                          0x080001cb   Thumb Code     0  memseta.o(.text)
    __aeabi_memset8                          0x080001cb   Thumb Code     0  memseta.o(.text)
    __aeabi_memclr                           0x080001d9   Thumb Code     4  memseta.o(.text)
    __aeabi_memclr4                          0x080001d9   Thumb Code     0  memseta.o(.text)
    __aeabi_memclr8                          0x080001d9   Thumb Code     0  memseta.o(.text)
    _memset$wrapper                          0x080001dd   Thumb Code    18  memseta.o(.text)
    memcmp                                   0x080001ef   Thumb Code    26  memcmp.o(.text)
    __aeabi_fadd                             0x08000209   Thumb Code   164  fadd.o(.text)
    __aeabi_fsub                             0x080002ad   Thumb Code     6  fadd.o(.text)
    __aeabi_frsub                            0x080002b3   Thumb Code     6  fadd.o(.text)
    __aeabi_fmul                             0x080002b9   Thumb Code   100  fmul.o(.text)
    __aeabi_fdiv                             0x0800031d   Thumb Code   124  fdiv.o(.text)
    __aeabi_dadd                             0x08000399   Thumb Code   322  dadd.o(.text)
    __aeabi_dsub                             0x080004db   Thumb Code     6  dadd.o(.text)
    __aeabi_drsub                            0x080004e1   Thumb Code     6  dadd.o(.text)
    __aeabi_dmul                             0x080004e7   Thumb Code   228  dmul.o(.text)
    __aeabi_ddiv                             0x080005cb   Thumb Code   222  ddiv.o(.text)
    __aeabi_i2f                              0x080006a9   Thumb Code    18  fflti.o(.text)
    __aeabi_ui2f                             0x080006bb   Thumb Code    10  ffltui.o(.text)
    __aeabi_i2d                              0x080006c5   Thumb Code    34  dflti.o(.text)
    __aeabi_ui2d                             0x080006e7   Thumb Code    26  dfltui.o(.text)
    __aeabi_f2iz                             0x08000701   Thumb Code    50  ffixi.o(.text)
    __aeabi_f2uiz                            0x08000733   Thumb Code    40  ffixui.o(.text)
    __aeabi_d2iz                             0x0800075b   Thumb Code    62  dfixi.o(.text)
    __aeabi_d2uiz                            0x08000799   Thumb Code    50  dfixui.o(.text)
    __aeabi_f2d                              0x080007cb   Thumb Code    38  f2d.o(.text)
    __aeabi_cdcmpeq                          0x080007f1   Thumb Code     0  cdcmple.o(.text)
    __aeabi_cdcmple                          0x080007f1   Thumb Code    48  cdcmple.o(.text)
    __aeabi_cdrcmple                         0x08000821   Thumb Code    48  cdrcmple.o(.text)
    __aeabi_d2f                              0x08000851   Thumb Code    56  d2f.o(.text)
    __aeabi_cfcmpeq                          0x08000889   Thumb Code     0  cfcmple.o(.text)
    __aeabi_cfcmple                          0x08000889   Thumb Code    20  cfcmple.o(.text)
    __aeabi_cfrcmple                         0x0800089d   Thumb Code    20  cfrcmple.o(.text)
    __aeabi_uidiv                            0x080008b1   Thumb Code     0  uidiv.o(.text)
    __aeabi_uidivmod                         0x080008b1   Thumb Code    44  uidiv.o(.text)
    __aeabi_uldivmod                         0x080008dd   Thumb Code    98  uldiv.o(.text)
    __aeabi_llsl                             0x0800093f   Thumb Code    30  llshl.o(.text)
    _ll_shift_l                              0x0800093f   Thumb Code     0  llshl.o(.text)
    __aeabi_llsr                             0x0800095d   Thumb Code    32  llushr.o(.text)
    _ll_ushift_r                             0x0800095d   Thumb Code     0  llushr.o(.text)
    __aeabi_lasr                             0x0800097d   Thumb Code    36  llsshr.o(.text)
    _ll_sshift_r                             0x0800097d   Thumb Code     0  llsshr.o(.text)
    __strtod_int                             0x080009d7   Thumb Code    88  strtod.o(.text)
    __I$use$fp                               0x08000a3d   Thumb Code     0  iusefp.o(.text)
    _float_round                             0x08000a3d   Thumb Code    18  fepilogue.o(.text)
    _float_epilogue                          0x08000a4f   Thumb Code    92  fepilogue.o(.text)
    _double_round                            0x08000aab   Thumb Code    30  depilogue.o(.text)
    _double_epilogue                         0x08000ac9   Thumb Code   156  depilogue.o(.text)
    __ARM_scalbn                             0x08000b65   Thumb Code    46  dscalb.o(.text)
    scalbn                                   0x08000b65   Thumb Code     0  dscalb.o(.text)
    __aeabi_d2ulz                            0x08000b93   Thumb Code    48  dfixul.o(.text)
    __scatterload                            0x08000bc5   Thumb Code    28  init.o(.text)
    __scatterload_rt2                        0x08000bc5   Thumb Code     0  init.o(.text)
    isspace                                  0x08000be9   Thumb Code    10  isspace_c.o(.text)
    _scanf_real                              0x08000cf5   Thumb Code     0  scanf_fp.o(.text)
    _scanf_really_real                       0x08000cf5   Thumb Code   556  scanf_fp.o(.text)
    _sgetc                                   0x08000f2d   Thumb Code    30  _sgetc.o(.text)
    _sbackspace                              0x08000f4b   Thumb Code    34  _sgetc.o(.text)
    _dsqrt                                   0x08000f6d   Thumb Code   162  dsqrt.o(.text)
    __ctype_lookup                           0x08001011   Thumb Code    34  ctype_c.o(.text)
    __aeabi_ul2d                             0x08001039   Thumb Code    24  dfltul.o(.text)
    __decompress                             0x08001051   Thumb Code     0  __dczerorl2.o(.text)
    __decompress1                            0x08001051   Thumb Code    86  __dczerorl2.o(.text)
    ADC_Cmd                                  0x080010a7   Thumb Code    22  stm32f10x_adc.o(i.ADC_Cmd)
    ADC_DeInit                               0x080010bd   Thumb Code    78  stm32f10x_adc.o(i.ADC_DeInit)
    ADC_GetCalibrationStatus                 0x08001119   Thumb Code    20  stm32f10x_adc.o(i.ADC_GetCalibrationStatus)
    ADC_GetConversionValue                   0x0800112d   Thumb Code     8  stm32f10x_adc.o(i.ADC_GetConversionValue)
    ADC_GetFlagStatus                        0x08001135   Thumb Code    18  stm32f10x_adc.o(i.ADC_GetFlagStatus)
    ADC_GetResetCalibrationStatus            0x08001147   Thumb Code    20  stm32f10x_adc.o(i.ADC_GetResetCalibrationStatus)
    ADC_Init                                 0x0800115d   Thumb Code    70  stm32f10x_adc.o(i.ADC_Init)
    ADC_RegularChannelConfig                 0x080011ad   Thumb Code   184  stm32f10x_adc.o(i.ADC_RegularChannelConfig)
    ADC_ResetCalibration                     0x08001265   Thumb Code    10  stm32f10x_adc.o(i.ADC_ResetCalibration)
    ADC_SoftwareStartConvCmd                 0x0800126f   Thumb Code    22  stm32f10x_adc.o(i.ADC_SoftwareStartConvCmd)
    ADC_StartCalibration                     0x08001285   Thumb Code    10  stm32f10x_adc.o(i.ADC_StartCalibration)
    AMoto_Inti_select                        0x08001291   Thumb Code   156  my_pwm.o(i.AMoto_Inti_select)
    App_WindCar_Main                         0x08001331   Thumb Code   220  app_windcar.o(i.App_WindCar_Main)
    App_WindCar_Start                        0x08001469   Thumb Code    12  app_windcar.o(i.App_WindCar_Start)
    BMoto_Inti_select                        0x08001479   Thumb Code   160  my_pwm.o(i.BMoto_Inti_select)
    Balance_Control                          0x0800151d   Thumb Code   152  app_tracking.o(i.Balance_Control)
    DMA1_Channel1_IRQHandler                 0x080015cd   Thumb Code    76  drive_interrupt.o(i.DMA1_Channel1_IRQHandler)
    DMA_ClearITPendingBit                    0x08001621   Thumb Code    18  stm32f10x_dma.o(i.DMA_ClearITPendingBit)
    DMP_Init                                 0x0800163d   Thumb Code   220  drive_mpu6050.o(i.DMP_Init)
    EXTI9_5_IRQHandler                       0x08001729   Thumb Code    30  drive_interrupt.o(i.EXTI9_5_IRQHandler)
    EXTI_ClearITPendingBit                   0x0800174d   Thumb Code     6  stm32f10x_exti.o(i.EXTI_ClearITPendingBit)
    EXTI_GetITStatus                         0x08001759   Thumb Code    34  stm32f10x_exti.o(i.EXTI_GetITStatus)
    EXTI_Init                                0x08001781   Thumb Code   142  stm32f10x_exti.o(i.EXTI_Init)
    GPIO_EXTILineConfig                      0x080018a5   Thumb Code    60  stm32f10x_gpio.o(i.GPIO_EXTILineConfig)
    GPIO_Init                                0x080018e5   Thumb Code   278  stm32f10x_gpio.o(i.GPIO_Init)
    GPIO_Key_Init                            0x080019fd   Thumb Code    38  drive_gpio.o(i.GPIO_Key_Init)
    GPIO_ReadInputDataBit                    0x08001a29   Thumb Code    18  stm32f10x_gpio.o(i.GPIO_ReadInputDataBit)
    GPIO_ResetBits                           0x08001a3b   Thumb Code     4  stm32f10x_gpio.o(i.GPIO_ResetBits)
    GPIO_SetBits                             0x08001a3f   Thumb Code     4  stm32f10x_gpio.o(i.GPIO_SetBits)
    GPIO_Tracking_Init                       0x08001a45   Thumb Code    88  drive_gpio.o(i.GPIO_Tracking_Init)
    GPIO_WriteBit                            0x08001aa5   Thumb Code    10  stm32f10x_gpio.o(i.GPIO_WriteBit)
    Get_Adc2                                 0x08001ab1   Thumb Code    46  adc.o(i.Get_Adc2)
    Get_Adc2_Average                         0x08001ae5   Thumb Code    46  adc.o(i.Get_Adc2_Average)
    Get_Angle                                0x08001b15   Thumb Code   432  mpu6050.o(i.Get_Angle)
    I2C_ReadOneByte                          0x08001cf5   Thumb Code    70  drive_ioi2c.o(i.I2C_ReadOneByte)
    IIC_Ack                                  0x08001d3d   Thumb Code    64  drive_ioi2c.o(i.IIC_Ack)
    IIC_Init                                 0x08001d89   Thumb Code    50  drive_ioi2c.o(i.IIC_Init)
    IIC_NAck                                 0x08001dc1   Thumb Code    62  drive_ioi2c.o(i.IIC_NAck)
    IIC_Read_Byte                            0x08001e0d   Thumb Code    98  drive_ioi2c.o(i.IIC_Read_Byte)
    IIC_Send_Byte                            0x08001e7d   Thumb Code    88  drive_ioi2c.o(i.IIC_Send_Byte)
    IIC_Start                                0x08001ee1   Thumb Code    92  drive_ioi2c.o(i.IIC_Start)
    IIC_Stop                                 0x08001f49   Thumb Code    60  drive_ioi2c.o(i.IIC_Stop)
    IIC_Wait_Ack                             0x08001f91   Thumb Code    92  drive_ioi2c.o(i.IIC_Wait_Ack)
    IICreadByte                              0x08001ff9   Thumb Code    22  drive_ioi2c.o(i.IICreadByte)
    IICwriteBit                              0x0800200f   Thumb Code    64  drive_ioi2c.o(i.IICwriteBit)
    IICwriteBits                             0x0800204f   Thumb Code   106  drive_ioi2c.o(i.IICwriteBits)
    IICwriteByte                             0x080020b9   Thumb Code    20  drive_ioi2c.o(i.IICwriteByte)
    IICwriteBytes                            0x080020cd   Thumb Code    70  drive_ioi2c.o(i.IICwriteBytes)
    InitAdc_Init                             0x08002115   Thumb Code   132  adc.o(i.InitAdc_Init)
    Kalman_Filter                            0x080021a1   Thumb Code   558  filter.o(i.Kalman_Filter)
    LcdDisChar                               0x08002419   Thumb Code    72  drive_oled.o(i.LcdDisChar)
    LcdDisplay_HZ                            0x08002461   Thumb Code   172  drive_oled.o(i.LcdDisplay_HZ)
    LeftA_Moto_select                        0x08002511   Thumb Code    72  my_pwm.o(i.LeftA_Moto_select)
    LeftB_Moto_select                        0x0800255d   Thumb Code    72  my_pwm.o(i.LeftB_Moto_select)
    MPU6050_initialize                       0x080025a9   Thumb Code    40  drive_mpu6050.o(i.MPU6050_initialize)
    MPU6050_setClockSource                   0x080025d1   Thumb Code    20  drive_mpu6050.o(i.MPU6050_setClockSource)
    MPU6050_setFullScaleAccelRange           0x080025e5   Thumb Code    20  drive_mpu6050.o(i.MPU6050_setFullScaleAccelRange)
    MPU6050_setFullScaleGyroRange            0x080025f9   Thumb Code    20  drive_mpu6050.o(i.MPU6050_setFullScaleGyroRange)
    MPU6050_setI2CBypassEnabled              0x0800260d   Thumb Code    18  drive_mpu6050.o(i.MPU6050_setI2CBypassEnabled)
    MPU6050_setI2CMasterModeEnabled          0x0800261f   Thumb Code    18  drive_mpu6050.o(i.MPU6050_setI2CMasterModeEnabled)
    MPU6050_setSleepEnabled                  0x08002631   Thumb Code    18  drive_mpu6050.o(i.MPU6050_setSleepEnabled)
    MiniBalance_EXTI_Init                    0x08002645   Thumb Code   104  drive_exti.o(i.MiniBalance_EXTI_Init)
    NVIC_Init                                0x080026b1   Thumb Code   100  misc.o(i.NVIC_Init)
    NVIC_PriorityGroupConfig                 0x08002721   Thumb Code    10  misc.o(i.NVIC_PriorityGroupConfig)
    OLED_CLS                                 0x08002735   Thumb Code    10  drive_oled.o(i.OLED_CLS)
    OLED_Fill                                0x08002741   Thumb Code    74  drive_oled.o(i.OLED_Fill)
    OLED_Init                                0x08002791   Thumb Code   306  drive_oled.o(i.OLED_Init)
    OLED_SetPos                              0x080028cd   Thumb Code    40  drive_oled.o(i.OLED_SetPos)
    OLED_WrCmd                               0x080028f5   Thumb Code    78  drive_oled.o(i.OLED_WrCmd)
    OLED_WrDat                               0x0800294d   Thumb Code    78  drive_oled.o(i.OLED_WrDat)
    OSTask_Creat                             0x080029a5   Thumb Code    30  os_manage.o(i.OSTask_Creat)
    OSThread_4                               0x080029c9   Thumb Code   172  os_run.o(i.OSThread_4)
    OSThread_6                               0x08002a79   Thumb Code   184  os_run.o(i.OSThread_6)
    OSThread_Free                            0x08002b39   Thumb Code   188  os_run.o(i.OSThread_Free)
    OS_Clear                                 0x08002bfd   Thumb Code     8  os_ui.o(i.OS_Clear)
    OS_Decim_Show                            0x08002c05   Thumb Code   380  os_ui.o(i.OS_Decim_Show)
    OS_Init                                  0x08002d89   Thumb Code    32  os_startfile.o(i.OS_Init)
    OS_String_Show                           0x08002da9   Thumb Code   134  os_ui.o(i.OS_String_Show)
    OS_UI_Init                               0x08002e35   Thumb Code    12  os_ui.o(i.OS_UI_Init)
    OSdelay_ms                               0x08002e41   Thumb Code    54  os_startfile.o(i.OSdelay_ms)
    OSdelay_us                               0x08002e7d   Thumb Code    48  os_startfile.o(i.OSdelay_us)
    PID_Control                              0x08002eb1   Thumb Code   380  drive_windcar_control.o(i.PID_Control)
    RCC_ADCCLKConfig                         0x080030b5   Thumb Code    18  stm32f10x_rcc.o(i.RCC_ADCCLKConfig)
    RCC_APB1PeriphClockCmd                   0x080030cd   Thumb Code    26  stm32f10x_rcc.o(i.RCC_APB1PeriphClockCmd)
    RCC_APB2PeriphClockCmd                   0x080030ed   Thumb Code    26  stm32f10x_rcc.o(i.RCC_APB2PeriphClockCmd)
    RCC_APB2PeriphResetCmd                   0x0800310d   Thumb Code    26  stm32f10x_rcc.o(i.RCC_APB2PeriphResetCmd)
    Read_DMP                                 0x0800312d   Thumb Code   560  drive_mpu6050.o(i.Read_DMP)
    Revise_PID                               0x080033e5   Thumb Code     2  drive_usart.o(i.Revise_PID)
    RighA_Moto_select                        0x080033e9   Thumb Code    68  my_pwm.o(i.RighA_Moto_select)
    RighA_PWM                                0x08003431   Thumb Code    14  my_pwm.o(i.RighA_PWM)
    RighB_Moto_select                        0x08003445   Thumb Code    72  my_pwm.o(i.RighB_Moto_select)
    RighB_PWM                                0x08003491   Thumb Code    14  my_pwm.o(i.RighB_PWM)
    SmallCar_BalanceScan_Main                0x0800358d   Thumb Code    66  app_smallcar.o(i.SmallCar_BalanceScan_Main)
    SmallCar_Behind_Control                  0x080035e5   Thumb Code    64  drive_smallcar.o(i.SmallCar_Behind_Control)
    SmallCar_Front_Control                   0x08003629   Thumb Code    64  drive_smallcar.o(i.SmallCar_Front_Control)
    SmallCar_Init                            0x0800366d   Thumb Code   136  drive_smallcar.o(i.SmallCar_Init)
    SmallCar_Tracking                        0x08003705   Thumb Code   854  app_tracking.o(i.SmallCar_Tracking)
    SystemInit                               0x08003a69   Thumb Code    78  system_stm32f10x.o(i.SystemInit)
    TIM1_PWM_Init                            0x08003ac9   Thumb Code   184  my_pwm.o(i.TIM1_PWM_Init)
    TIM2_IRQHandler                          0x08003b89   Thumb Code    22  drive_interrupt.o(i.TIM2_IRQHandler)
    TIM2_Init                                0x08003ba5   Thumb Code    94  drive_timer.o(i.TIM2_Init)
    TIM3_IRQHandler                          0x08003c05   Thumb Code    16  drive_interrupt.o(i.TIM3_IRQHandler)
    TIM3_Init                                0x08003c19   Thumb Code    92  drive_timer.o(i.TIM3_Init)
    TIM3_PWM_Init                            0x08003c79   Thumb Code   166  my_pwm.o(i.TIM3_PWM_Init)
    TIM4_IRQHandler                          0x08003d29   Thumb Code    16  drive_interrupt.o(i.TIM4_IRQHandler)
    TIM4_Init                                0x08003d3d   Thumb Code    92  drive_timer.o(i.TIM4_Init)
    TIM7_IRQHandler                          0x08003d9d   Thumb Code    20  my_tim.o(i.TIM7_IRQHandler)
    TIM_ARRPreloadConfig                     0x08003db5   Thumb Code    24  stm32f10x_tim.o(i.TIM_ARRPreloadConfig)
    TIM_ClearITPendingBit                    0x08003dcd   Thumb Code     6  stm32f10x_tim.o(i.TIM_ClearITPendingBit)
    TIM_Cmd                                  0x08003dd3   Thumb Code    24  stm32f10x_tim.o(i.TIM_Cmd)
    TIM_CtrlPWMOutputs                       0x08003deb   Thumb Code    30  stm32f10x_tim.o(i.TIM_CtrlPWMOutputs)
    TIM_GetCounter                           0x08003e09   Thumb Code     6  stm32f10x_tim.o(i.TIM_GetCounter)
    TIM_GetITStatus                          0x08003e0f   Thumb Code    34  stm32f10x_tim.o(i.TIM_GetITStatus)
    TIM_ITConfig                             0x08003e31   Thumb Code    18  stm32f10x_tim.o(i.TIM_ITConfig)
    TIM_OC1Init                              0x08003e45   Thumb Code   132  stm32f10x_tim.o(i.TIM_OC1Init)
    TIM_OC1PreloadConfig                     0x08003edd   Thumb Code    18  stm32f10x_tim.o(i.TIM_OC1PreloadConfig)
    TIM_OC2Init                              0x08003ef1   Thumb Code   154  stm32f10x_tim.o(i.TIM_OC2Init)
    TIM_OC2PreloadConfig                     0x08003f95   Thumb Code    26  stm32f10x_tim.o(i.TIM_OC2PreloadConfig)
    TIM_SetCompare2                          0x08003faf   Thumb Code     4  stm32f10x_tim.o(i.TIM_SetCompare2)
    TIM_TimeBaseInit                         0x08003fb5   Thumb Code   122  stm32f10x_tim.o(i.TIM_TimeBaseInit)
    USART2_IRQHandler                        0x08004059   Thumb Code   418  drive_usart.o(i.USART2_IRQHandler)
    USART_GetITStatus                        0x08004279   Thumb Code    84  stm32f10x_usart.o(i.USART_GetITStatus)
    USART_ReceiveData                        0x080042cd   Thumb Code    10  stm32f10x_usart.o(i.USART_ReceiveData)
    WindCar_Control_Main                     0x080042d7   Thumb Code    10  app_windcar_control.o(i.WindCar_Control_Main)
    WindCar_Control_Start                    0x080042e1   Thumb Code    10  app_windcar_control.o(i.WindCar_Control_Start)
    Wind_Balance_PID                         0x080042ed   Thumb Code   252  app_tracking.o(i.Wind_Balance_PID)
    Yijielvbo                                0x08004471   Thumb Code   132  filter.o(i.Yijielvbo)
    __0printf                                0x08004505   Thumb Code    22  printfa.o(i.__0printf)
    __1printf                                0x08004505   Thumb Code     0  printfa.o(i.__0printf)
    __2printf                                0x08004505   Thumb Code     0  printfa.o(i.__0printf)
    __c89printf                              0x08004505   Thumb Code     0  printfa.o(i.__0printf)
    printf                                   0x08004505   Thumb Code     0  printfa.o(i.__0printf)
    __0sprintf                               0x08004525   Thumb Code    34  printfa.o(i.__0sprintf)
    __1sprintf                               0x08004525   Thumb Code     0  printfa.o(i.__0sprintf)
    __2sprintf                               0x08004525   Thumb Code     0  printfa.o(i.__0sprintf)
    __c89sprintf                             0x08004525   Thumb Code     0  printfa.o(i.__0sprintf)
    sprintf                                  0x08004525   Thumb Code     0  printfa.o(i.__0sprintf)
    __ARM_fpclassify                         0x0800454d   Thumb Code    40  fpclassify.o(i.__ARM_fpclassify)
    __ieee754_rem_pio2                       0x08004575   Thumb Code   828  rred.o(i.__ieee754_rem_pio2)
    __kernel_cos                             0x080048fd   Thumb Code   230  cos_i.o(i.__kernel_cos)
    __kernel_poly                            0x080049f9   Thumb Code   170  poly.o(i.__kernel_poly)
    __kernel_sin                             0x08004aa5   Thumb Code   224  sin_i.o(i.__kernel_sin)
    __mathlib_dbl_divzero                    0x08004b91   Thumb Code    12  dunder.o(i.__mathlib_dbl_divzero)
    __mathlib_dbl_infnan                     0x08004ba1   Thumb Code     6  dunder.o(i.__mathlib_dbl_infnan)
    __mathlib_dbl_infnan2                    0x08004ba7   Thumb Code     4  dunder.o(i.__mathlib_dbl_infnan2)
    __mathlib_dbl_invalid                    0x08004bab   Thumb Code    12  dunder.o(i.__mathlib_dbl_invalid)
    __mathlib_dbl_overflow                   0x08004bb7   Thumb Code    14  dunder.o(i.__mathlib_dbl_overflow)
    __mathlib_dbl_underflow                  0x08004bc5   Thumb Code    10  dunder.o(i.__mathlib_dbl_underflow)
    __read_errno                             0x08004bd5   Thumb Code     6  errno.o(i.__read_errno)
    __scatterload_copy                       0x08004be1   Thumb Code    14  handlers.o(i.__scatterload_copy)
    __scatterload_null                       0x08004bef   Thumb Code     2  handlers.o(i.__scatterload_null)
    __scatterload_zeroinit                   0x08004bf1   Thumb Code    14  handlers.o(i.__scatterload_zeroinit)
    __set_errno                              0x08004c01   Thumb Code     6  errno.o(i.__set_errno)
    _is_digit                                0x08004d71   Thumb Code    14  scanf_fp.o(i._is_digit)
    asin                                     0x08005561   Thumb Code   572  asin.o(i.asin)
    atan                                     0x080057d1   Thumb Code   474  atan.o(i.atan)
    atan2                                    0x080059f1   Thumb Code   346  atan2.o(i.atan2)
    atof                                     0x08005b71   Thumb Code    42  atof.o(i.atof)
    cos                                      0x08005b9d   Thumb Code   148  cos.o(i.cos)
    dmp_enable_6x_lp_quat                    0x08005c9d   Thumb Code    60  inv_mpu_dmp_motion_driver.o(i.dmp_enable_6x_lp_quat)
    dmp_enable_feature                       0x08005cd9   Thumb Code   530  inv_mpu_dmp_motion_driver.o(i.dmp_enable_feature)
    dmp_enable_gyro_cal                      0x08005ef5   Thumb Code    62  inv_mpu_dmp_motion_driver.o(i.dmp_enable_gyro_cal)
    dmp_enable_lp_quat                       0x08005f4d   Thumb Code    60  inv_mpu_dmp_motion_driver.o(i.dmp_enable_lp_quat)
    dmp_load_motion_driver_firmware          0x08005f89   Thumb Code    20  inv_mpu_dmp_motion_driver.o(i.dmp_load_motion_driver_firmware)
    dmp_read_fifo                            0x08005fa1   Thumb Code   456  inv_mpu_dmp_motion_driver.o(i.dmp_read_fifo)
    dmp_set_accel_bias                       0x0800616d   Thumb Code   300  inv_mpu_dmp_motion_driver.o(i.dmp_set_accel_bias)
    dmp_set_fifo_rate                        0x0800629d   Thumb Code    96  inv_mpu_dmp_motion_driver.o(i.dmp_set_fifo_rate)
    dmp_set_gyro_bias                        0x0800630d   Thumb Code   294  inv_mpu_dmp_motion_driver.o(i.dmp_set_gyro_bias)
    dmp_set_orientation                      0x0800643d   Thumb Code   290  inv_mpu_dmp_motion_driver.o(i.dmp_set_orientation)
    dmp_set_shake_reject_thresh              0x08006575   Thumb Code    56  inv_mpu_dmp_motion_driver.o(i.dmp_set_shake_reject_thresh)
    dmp_set_shake_reject_time                0x080065ad   Thumb Code    38  inv_mpu_dmp_motion_driver.o(i.dmp_set_shake_reject_time)
    dmp_set_shake_reject_timeout             0x080065d3   Thumb Code    38  inv_mpu_dmp_motion_driver.o(i.dmp_set_shake_reject_timeout)
    dmp_set_tap_axes                         0x080065f9   Thumb Code    70  inv_mpu_dmp_motion_driver.o(i.dmp_set_tap_axes)
    dmp_set_tap_count                        0x0800663f   Thumb Code    38  inv_mpu_dmp_motion_driver.o(i.dmp_set_tap_count)
    dmp_set_tap_thresh                       0x08006665   Thumb Code   396  inv_mpu_dmp_motion_driver.o(i.dmp_set_tap_thresh)
    dmp_set_tap_time                         0x08006805   Thumb Code    38  inv_mpu_dmp_motion_driver.o(i.dmp_set_tap_time)
    dmp_set_tap_time_multi                   0x0800682b   Thumb Code    38  inv_mpu_dmp_motion_driver.o(i.dmp_set_tap_time_multi)
    fputc                                    0x08006851   Thumb Code    24  drive_usart.o(i.fputc)
    i2cRead                                  0x08006ea1   Thumb Code   118  drive_ioi2c.o(i.i2cRead)
    i2cWrite                                 0x08006f17   Thumb Code    96  drive_ioi2c.o(i.i2cWrite)
    main                                     0x08006fed   Thumb Code    18  main.o(i.main)
    mpu_configure_fifo                       0x08007005   Thumb Code   106  inv_mpu.o(i.mpu_configure_fifo)
    mpu_get_accel_fsr                        0x08007075   Thumb Code    72  inv_mpu.o(i.mpu_get_accel_fsr)
    mpu_get_accel_sens                       0x080070c1   Thumb Code    78  inv_mpu.o(i.mpu_get_accel_sens)
    mpu_get_fifo_config                      0x08007115   Thumb Code    12  inv_mpu.o(i.mpu_get_fifo_config)
    mpu_get_gyro_fsr                         0x08007125   Thumb Code    64  inv_mpu.o(i.mpu_get_gyro_fsr)
    mpu_get_gyro_sens                        0x08007169   Thumb Code    58  inv_mpu.o(i.mpu_get_gyro_sens)
    mpu_get_lpf                              0x080071b9   Thumb Code    74  inv_mpu.o(i.mpu_get_lpf)
    mpu_get_sample_rate                      0x08007209   Thumb Code    26  inv_mpu.o(i.mpu_get_sample_rate)
    mpu_init                                 0x08007229   Thumb Code   396  inv_mpu.o(i.mpu_init)
    mpu_load_firmware                        0x080073b9   Thumb Code   180  inv_mpu.o(i.mpu_load_firmware)
    mpu_lp_accel_mode                        0x08007471   Thumb Code   218  inv_mpu.o(i.mpu_lp_accel_mode)
    mpu_read_fifo_stream                     0x08007551   Thumb Code   186  inv_mpu.o(i.mpu_read_fifo_stream)
    mpu_read_mem                             0x08007611   Thumb Code   122  inv_mpu.o(i.mpu_read_mem)
    mpu_reset_fifo                           0x08007691   Thumb Code   438  inv_mpu.o(i.mpu_reset_fifo)
    mpu_run_self_test                        0x0800784d   Thumb Code   278  inv_mpu.o(i.mpu_run_self_test)
    mpu_set_accel_fsr                        0x08007969   Thumb Code   126  inv_mpu.o(i.mpu_set_accel_fsr)
    mpu_set_bypass                           0x080079ed   Thumb Code   328  inv_mpu.o(i.mpu_set_bypass)
    mpu_set_dmp_state                        0x08007b39   Thumb Code   138  inv_mpu.o(i.mpu_set_dmp_state)
    mpu_set_gyro_fsr                         0x08007bc9   Thumb Code   132  inv_mpu.o(i.mpu_set_gyro_fsr)
    mpu_set_int_latched                      0x08007c51   Thumb Code   102  inv_mpu.o(i.mpu_set_int_latched)
    mpu_set_lpf                              0x08007cbd   Thumb Code   126  inv_mpu.o(i.mpu_set_lpf)
    mpu_set_sample_rate                      0x08007d41   Thumb Code   152  inv_mpu.o(i.mpu_set_sample_rate)
    mpu_set_sensors                          0x08007ddd   Thumb Code   202  inv_mpu.o(i.mpu_set_sensors)
    mpu_write_mem                            0x08007ead   Thumb Code   122  inv_mpu.o(i.mpu_write_mem)
    myget_ms                                 0x08007f2d   Thumb Code     2  inv_mpu.o(i.myget_ms)
    pidIncrement                             0x08007f31   Thumb Code   352  userpid.o(i.pidIncrement)
    pow                                      0x080080a1   Thumb Code  2478  pow.o(i.pow)
    sqrt                                     0x08008b79   Thumb Code    76  sqrt.o(i.sqrt)
    hw                                       0x080097bc   Data          12  inv_mpu.o(.constdata)
    reg                                      0x080097c8   Data          27  inv_mpu.o(.constdata)
    test                                     0x080097e4   Data          40  inv_mpu.o(.constdata)
    __mathlib_zero                           0x080099b0   Data           8  qnan.o(.constdata)
    __ctype_categories                       0x08009aa8   Data          64  ctype_c.o(.constdata)
    Region$$Table$$Base                      0x08009b1c   Number         0  anon$$obj.o(Region$$Table)
    Region$$Table$$Limit                     0x08009b3c   Number         0  anon$$obj.o(Region$$Table)
    Blance_GetData_Flag                      0x20000000   Data           1  app_smallcar.o(.data)
    Stop_Moto                                0x20000001   Data           1  app_smallcar.o(.data)
    Base_Seed                                0x20000002   Data           2  app_smallcar.o(.data)
    State_flag                               0x20000004   Data           1  app_smallcar.o(.data)
    Tracking_Open_Flag                       0x20000005   Data           1  app_smallcar.o(.data)
    BB_BasisValue                            0x20000008   Data           4  app_smallcar.o(.data)
    App_SmallCar_ChannelScan                 0x2000000c   Data          36  app_smallcar.o(.data)
    App_WindCar                              0x20000050   Data          36  app_windcar.o(.data)
    App_WindCar_Control                      0x20000074   Data          36  app_windcar_control.o(.data)
    OS_Msg                                   0x20000098   Data           4  os_startfile.o(.data)
    OS_Error                                 0x2000009c   Data           4  os_startfile.o(.data)
    OS_Clock                                 0x200000a0   Data           4  os_startfile.o(.data)
    os_fosc                                  0x200000a4   Data           4  os_startfile.o(.data)
    _kP                                      0x200000b0   Data           8  drive_windcar_control.o(.data)
    _kI                                      0x200000b8   Data           8  drive_windcar_control.o(.data)
    _kD                                      0x200000c0   Data           8  drive_windcar_control.o(.data)
    _u0                                      0x200000c8   Data           8  drive_windcar_control.o(.data)
    _eT                                      0x200000d0   Data           8  drive_windcar_control.o(.data)
    PWM_Pre                                  0x200000d8   Data           4  drive_windcar_control.o(.data)
    PWM_Back                                 0x200000dc   Data           4  drive_windcar_control.o(.data)
    gyro                                     0x200000fc   Data           6  drive_mpu6050.o(.data)
    accel                                    0x20000102   Data           6  drive_mpu6050.o(.data)
    sensors                                  0x20000108   Data           2  drive_mpu6050.o(.data)
    Pitch                                    0x2000010c   Data           4  drive_mpu6050.o(.data)
    q0                                       0x20000110   Data           4  drive_mpu6050.o(.data)
    q1                                       0x20000114   Data           4  drive_mpu6050.o(.data)
    q2                                       0x20000118   Data           4  drive_mpu6050.o(.data)
    q3                                       0x2000011c   Data           4  drive_mpu6050.o(.data)
    Gx_offset                                0x2000012a   Data           2  drive_mpu6050.o(.data)
    Gy_offset                                0x2000012c   Data           2  drive_mpu6050.o(.data)
    Gz_offset                                0x2000012e   Data           2  drive_mpu6050.o(.data)
    __stdout                                 0x20000160   Data           4  drive_usart.o(.data)
    USART_RX_STA                             0x20000164   Data           2  drive_usart.o(.data)
    PID_Mode                                 0x20000166   Data           1  drive_usart.o(.data)
    reclen                                   0x20000167   Data           1  drive_usart.o(.data)
    linshi                                   0x20000168   Data           1  drive_usart.o(.data)
    Roll                                     0x20000170   Data           4  mpu6050.o(.data)
    Yaw                                      0x20000174   Data           4  mpu6050.o(.data)
    Angle_Balance                            0x20000178   Data           4  mpu6050.o(.data)
    Gyro_Balance                             0x2000017c   Data           4  mpu6050.o(.data)
    Gyro_Turn                                0x20000180   Data           4  mpu6050.o(.data)
    Yaw_Balance                              0x20000184   Data           4  mpu6050.o(.data)
    Acceleration_Z                           0x20000188   Data           4  mpu6050.o(.data)
    K1                                       0x2000018c   Data           4  filter.o(.data)
    angle                                    0x20000190   Data           4  filter.o(.data)
    angle_dot                                0x20000194   Data           4  filter.o(.data)
    Q_angle                                  0x20000198   Data           4  filter.o(.data)
    Q_gyro                                   0x2000019c   Data           4  filter.o(.data)
    R_angle                                  0x200001a0   Data           4  filter.o(.data)
    dt                                       0x200001a4   Data           4  filter.o(.data)
    C_0                                      0x200001a8   Data           1  filter.o(.data)
    Q_bias                                   0x200001ac   Data           4  filter.o(.data)
    Angle_err                                0x200001b0   Data           4  filter.o(.data)
    PCt_0                                    0x200001b4   Data           4  filter.o(.data)
    PCt_1                                    0x200001b8   Data           4  filter.o(.data)
    E                                        0x200001bc   Data           4  filter.o(.data)
    K_0                                      0x200001c0   Data           4  filter.o(.data)
    K_1                                      0x200001c4   Data           4  filter.o(.data)
    t_0                                      0x200001c8   Data           4  filter.o(.data)
    t_1                                      0x200001cc   Data           4  filter.o(.data)
    PP                                       0x200001d0   Data          16  filter.o(.data)
    Extern_pid_value                         0x200001e4   Data          36  userpid.o(.bss)
    my_pid_value                             0x20000208   Data          36  userpid.o(.bss)
    AppHead                                  0x2000022c   Data          36  os_manage.o(.bss)
    SmallCar                                 0x20000250   Data         300  drive_smallcar.o(.bss)
    USART_RX_BUF                             0x2000038c   Data         200  drive_usart.o(.bss)
    AD_Value                                 0x200004b8   Data          80  adc.o(.bss)
    ADC1aa                                   0x20000508   Data          16  adc.o(.bss)
    Pdot                                     0x20000518   Data          16  filter.o(.bss)
    __initial_sp                             0x20000928   Data           0  startup_stm32f10x_hd.o(STACK)



==============================================================================

Memory Map of the image

  Image Entry point : 0x08000131

  Load Region LR_IROM1 (Base: 0x08000000, Size: 0x00009d20, Max: 0x00040000, ABSOLUTE, COMPRESSED[0x00009bc0])

    Execution Region ER_IROM1 (Base: 0x08000000, Size: 0x00009b3c, Max: 0x00040000, ABSOLUTE)

    Base Addr    Size         Type   Attr      Idx    E Section Name        Object

    0x08000000   0x00000130   Data   RO         2075    RESET               startup_stm32f10x_hd.o
    0x08000130   0x00000000   Code   RO         3690  * .ARM.Collect$$$$00000000  mc_w.l(entry.o)
    0x08000130   0x00000004   Code   RO         4081    .ARM.Collect$$$$00000001  mc_w.l(entry2.o)
    0x08000134   0x00000004   Code   RO         4084    .ARM.Collect$$$$00000004  mc_w.l(entry5.o)
    0x08000138   0x00000000   Code   RO         4086    .ARM.Collect$$$$00000008  mc_w.l(entry7b.o)
    0x08000138   0x00000000   Code   RO         4088    .ARM.Collect$$$$0000000A  mc_w.l(entry8b.o)
    0x08000138   0x00000008   Code   RO         4089    .ARM.Collect$$$$0000000B  mc_w.l(entry9a.o)
    0x08000140   0x00000000   Code   RO         4091    .ARM.Collect$$$$0000000D  mc_w.l(entry10a.o)
    0x08000140   0x00000000   Code   RO         4093    .ARM.Collect$$$$0000000F  mc_w.l(entry11a.o)
    0x08000140   0x00000004   Code   RO         4082    .ARM.Collect$$$$00002712  mc_w.l(entry2.o)
    0x08000144   0x00000024   Code   RO         2076    .text               startup_stm32f10x_hd.o
    0x08000168   0x00000062   Code   RO         3693    .text               mc_w.l(ldiv.o)
    0x080001ca   0x00000024   Code   RO         3695    .text               mc_w.l(memseta.o)
    0x080001ee   0x0000001a   Code   RO         3699    .text               mc_w.l(memcmp.o)
    0x08000208   0x000000b0   Code   RO         3990    .text               mf_w.l(fadd.o)
    0x080002b8   0x00000064   Code   RO         3992    .text               mf_w.l(fmul.o)
    0x0800031c   0x0000007c   Code   RO         3994    .text               mf_w.l(fdiv.o)
    0x08000398   0x0000014e   Code   RO         3996    .text               mf_w.l(dadd.o)
    0x080004e6   0x000000e4   Code   RO         3998    .text               mf_w.l(dmul.o)
    0x080005ca   0x000000de   Code   RO         4000    .text               mf_w.l(ddiv.o)
    0x080006a8   0x00000012   Code   RO         4002    .text               mf_w.l(fflti.o)
    0x080006ba   0x0000000a   Code   RO         4004    .text               mf_w.l(ffltui.o)
    0x080006c4   0x00000022   Code   RO         4006    .text               mf_w.l(dflti.o)
    0x080006e6   0x0000001a   Code   RO         4008    .text               mf_w.l(dfltui.o)
    0x08000700   0x00000032   Code   RO         4010    .text               mf_w.l(ffixi.o)
    0x08000732   0x00000028   Code   RO         4012    .text               mf_w.l(ffixui.o)
    0x0800075a   0x0000003e   Code   RO         4014    .text               mf_w.l(dfixi.o)
    0x08000798   0x00000032   Code   RO         4016    .text               mf_w.l(dfixui.o)
    0x080007ca   0x00000026   Code   RO         4018    .text               mf_w.l(f2d.o)
    0x080007f0   0x00000030   Code   RO         4020    .text               mf_w.l(cdcmple.o)
    0x08000820   0x00000030   Code   RO         4022    .text               mf_w.l(cdrcmple.o)
    0x08000850   0x00000038   Code   RO         4024    .text               mf_w.l(d2f.o)
    0x08000888   0x00000014   Code   RO         4026    .text               mf_w.l(cfcmple.o)
    0x0800089c   0x00000014   Code   RO         4028    .text               mf_w.l(cfrcmple.o)
    0x080008b0   0x0000002c   Code   RO         4095    .text               mc_w.l(uidiv.o)
    0x080008dc   0x00000062   Code   RO         4097    .text               mc_w.l(uldiv.o)
    0x0800093e   0x0000001e   Code   RO         4099    .text               mc_w.l(llshl.o)
    0x0800095c   0x00000020   Code   RO         4101    .text               mc_w.l(llushr.o)
    0x0800097c   0x00000024   Code   RO         4103    .text               mc_w.l(llsshr.o)
    0x080009a0   0x0000009c   Code   RO         4118    .text               mc_w.l(strtod.o)
    0x08000a3c   0x00000000   Code   RO         4120    .text               mc_w.l(iusefp.o)
    0x08000a3c   0x0000006e   Code   RO         4121    .text               mf_w.l(fepilogue.o)
    0x08000aaa   0x000000ba   Code   RO         4123    .text               mf_w.l(depilogue.o)
    0x08000b64   0x0000002e   Code   RO         4125    .text               mf_w.l(dscalb.o)
    0x08000b92   0x00000030   Code   RO         4127    .text               mf_w.l(dfixul.o)
    0x08000bc2   0x00000002   PAD
    0x08000bc4   0x00000024   Code   RO         4129    .text               mc_w.l(init.o)
    0x08000be8   0x0000000a   Code   RO         4131    .text               mc_w.l(isspace_c.o)
    0x08000bf2   0x00000002   PAD
    0x08000bf4   0x00000338   Code   RO         4133    .text               mc_w.l(scanf_fp.o)
    0x08000f2c   0x00000040   Code   RO         4137    .text               mc_w.l(_sgetc.o)
    0x08000f6c   0x000000a2   Code   RO         4139    .text               mf_w.l(dsqrt.o)
    0x0800100e   0x00000002   PAD
    0x08001010   0x00000028   Code   RO         4141    .text               mc_w.l(ctype_c.o)
    0x08001038   0x00000018   Code   RO         4144    .text               mf_w.l(dfltul.o)
    0x08001050   0x00000056   Code   RO         4154    .text               mc_w.l(__dczerorl2.o)
    0x080010a6   0x00000016   Code   RO         2388    i.ADC_Cmd           stm32f10x_adc.o
    0x080010bc   0x0000005c   Code   RO         2390    i.ADC_DeInit        stm32f10x_adc.o
    0x08001118   0x00000014   Code   RO         2396    i.ADC_GetCalibrationStatus  stm32f10x_adc.o
    0x0800112c   0x00000008   Code   RO         2397    i.ADC_GetConversionValue  stm32f10x_adc.o
    0x08001134   0x00000012   Code   RO         2399    i.ADC_GetFlagStatus  stm32f10x_adc.o
    0x08001146   0x00000014   Code   RO         2402    i.ADC_GetResetCalibrationStatus  stm32f10x_adc.o
    0x0800115a   0x00000002   PAD
    0x0800115c   0x00000050   Code   RO         2406    i.ADC_Init          stm32f10x_adc.o
    0x080011ac   0x000000b8   Code   RO         2410    i.ADC_RegularChannelConfig  stm32f10x_adc.o
    0x08001264   0x0000000a   Code   RO         2411    i.ADC_ResetCalibration  stm32f10x_adc.o
    0x0800126e   0x00000016   Code   RO         2413    i.ADC_SoftwareStartConvCmd  stm32f10x_adc.o
    0x08001284   0x0000000a   Code   RO         2415    i.ADC_StartCalibration  stm32f10x_adc.o
    0x0800128e   0x00000002   PAD
    0x08001290   0x000000a0   Code   RO         1863    i.AMoto_Inti_select  my_pwm.o
    0x08001330   0x00000138   Code   RO          387    i.App_WindCar_Main  app_windcar.o
    0x08001468   0x00000010   Code   RO          388    i.App_WindCar_Start  app_windcar.o
    0x08001478   0x000000a4   Code   RO         1864    i.BMoto_Inti_select  my_pwm.o
    0x0800151c   0x000000b0   Code   RO          336    i.Balance_Control   app_tracking.o
    0x080015cc   0x00000054   Code   RO         1022    i.DMA1_Channel1_IRQHandler  drive_interrupt.o
    0x08001620   0x0000001c   Code   RO         3399    i.DMA_ClearITPendingBit  stm32f10x_dma.o
    0x0800163c   0x000000ec   Code   RO         1085    i.DMP_Init          drive_mpu6050.o
    0x08001728   0x00000024   Code   RO         1023    i.EXTI9_5_IRQHandler  drive_interrupt.o
    0x0800174c   0x0000000c   Code   RO         2719    i.EXTI_ClearITPendingBit  stm32f10x_exti.o
    0x08001758   0x00000028   Code   RO         2723    i.EXTI_GetITStatus  stm32f10x_exti.o
    0x08001780   0x00000094   Code   RO         2724    i.EXTI_Init         stm32f10x_exti.o
    0x08001814   0x00000018   Code   RO          875    i.FF_CLK            drive_oled.o
    0x0800182c   0x00000018   Code   RO          876    i.FF_CS             drive_oled.o
    0x08001844   0x00000048   Code   RO          877    i.FF_Init           drive_oled.o
    0x0800188c   0x00000018   Code   RO          878    i.FF_SO             drive_oled.o
    0x080018a4   0x00000040   Code   RO         2607    i.GPIO_EXTILineConfig  stm32f10x_gpio.o
    0x080018e4   0x00000116   Code   RO         2610    i.GPIO_Init         stm32f10x_gpio.o
    0x080019fa   0x00000002   PAD
    0x080019fc   0x0000002c   Code   RO          842    i.GPIO_Key_Init     drive_gpio.o
    0x08001a28   0x00000012   Code   RO         2614    i.GPIO_ReadInputDataBit  stm32f10x_gpio.o
    0x08001a3a   0x00000004   Code   RO         2617    i.GPIO_ResetBits    stm32f10x_gpio.o
    0x08001a3e   0x00000004   Code   RO         2618    i.GPIO_SetBits      stm32f10x_gpio.o
    0x08001a42   0x00000002   PAD
    0x08001a44   0x00000060   Code   RO          845    i.GPIO_Tracking_Init  drive_gpio.o
    0x08001aa4   0x0000000a   Code   RO         2621    i.GPIO_WriteBit     stm32f10x_gpio.o
    0x08001aae   0x00000002   PAD
    0x08001ab0   0x00000034   Code   RO         1820    i.Get_Adc2          adc.o
    0x08001ae4   0x0000002e   Code   RO         1821    i.Get_Adc2_Average  adc.o
    0x08001b12   0x00000002   PAD
    0x08001b14   0x000001e0   Code   RO         2030    i.Get_Angle         mpu6050.o
    0x08001cf4   0x00000046   Code   RO         1196    i.I2C_ReadOneByte   drive_ioi2c.o
    0x08001d3a   0x00000002   PAD
    0x08001d3c   0x0000004c   Code   RO         1197    i.IIC_Ack           drive_ioi2c.o
    0x08001d88   0x00000038   Code   RO         1198    i.IIC_Init          drive_ioi2c.o
    0x08001dc0   0x0000004c   Code   RO         1199    i.IIC_NAck          drive_ioi2c.o
    0x08001e0c   0x00000070   Code   RO         1200    i.IIC_Read_Byte     drive_ioi2c.o
    0x08001e7c   0x00000064   Code   RO         1201    i.IIC_Send_Byte     drive_ioi2c.o
    0x08001ee0   0x00000068   Code   RO         1202    i.IIC_Start         drive_ioi2c.o
    0x08001f48   0x00000048   Code   RO         1203    i.IIC_Stop          drive_ioi2c.o
    0x08001f90   0x00000068   Code   RO         1204    i.IIC_Wait_Ack      drive_ioi2c.o
    0x08001ff8   0x00000016   Code   RO         1205    i.IICreadByte       drive_ioi2c.o
    0x0800200e   0x00000040   Code   RO         1207    i.IICwriteBit       drive_ioi2c.o
    0x0800204e   0x0000006a   Code   RO         1208    i.IICwriteBits      drive_ioi2c.o
    0x080020b8   0x00000014   Code   RO         1209    i.IICwriteByte      drive_ioi2c.o
    0x080020cc   0x00000046   Code   RO         1210    i.IICwriteBytes     drive_ioi2c.o
    0x08002112   0x00000002   PAD
    0x08002114   0x0000008c   Code   RO         1822    i.InitAdc_Init      adc.o
    0x080021a0   0x00000278   Code   RO         2048    i.Kalman_Filter     filter.o
    0x08002418   0x00000048   Code   RO          879    i.LcdDisChar        drive_oled.o
    0x08002460   0x000000b0   Code   RO          881    i.LcdDisplay_HZ     drive_oled.o
    0x08002510   0x0000004c   Code   RO         1865    i.LeftA_Moto_select  my_pwm.o
    0x0800255c   0x0000004c   Code   RO         1867    i.LeftB_Moto_select  my_pwm.o
    0x080025a8   0x00000028   Code   RO         1087    i.MPU6050_initialize  drive_mpu6050.o
    0x080025d0   0x00000014   Code   RO         1089    i.MPU6050_setClockSource  drive_mpu6050.o
    0x080025e4   0x00000014   Code   RO         1090    i.MPU6050_setFullScaleAccelRange  drive_mpu6050.o
    0x080025f8   0x00000014   Code   RO         1091    i.MPU6050_setFullScaleGyroRange  drive_mpu6050.o
    0x0800260c   0x00000012   Code   RO         1092    i.MPU6050_setI2CBypassEnabled  drive_mpu6050.o
    0x0800261e   0x00000012   Code   RO         1093    i.MPU6050_setI2CMasterModeEnabled  drive_mpu6050.o
    0x08002630   0x00000012   Code   RO         1094    i.MPU6050_setSleepEnabled  drive_mpu6050.o
    0x08002642   0x00000002   PAD
    0x08002644   0x0000006c   Code   RO         1007    i.MiniBalance_EXTI_Init  drive_exti.o
    0x080026b0   0x00000070   Code   RO         2146    i.NVIC_Init         misc.o
    0x08002720   0x00000014   Code   RO         2147    i.NVIC_PriorityGroupConfig  misc.o
    0x08002734   0x0000000a   Code   RO          884    i.OLED_CLS          drive_oled.o
    0x0800273e   0x00000002   PAD
    0x08002740   0x00000050   Code   RO          885    i.OLED_Fill         drive_oled.o
    0x08002790   0x0000013c   Code   RO          886    i.OLED_Init         drive_oled.o
    0x080028cc   0x00000028   Code   RO          887    i.OLED_SetPos       drive_oled.o
    0x080028f4   0x00000058   Code   RO          888    i.OLED_WrCmd        drive_oled.o
    0x0800294c   0x00000058   Code   RO          889    i.OLED_WrDat        drive_oled.o
    0x080029a4   0x00000024   Code   RO          587    i.OSTask_Creat      os_manage.o
    0x080029c8   0x000000b0   Code   RO          709    i.OSThread_4        os_run.o
    0x08002a78   0x000000c0   Code   RO          711    i.OSThread_6        os_run.o
    0x08002b38   0x000000c4   Code   RO          713    i.OSThread_Free     os_run.o
    0x08002bfc   0x00000008   Code   RO          668    i.OS_Clear          os_ui.o
    0x08002c04   0x00000184   Code   RO          669    i.OS_Decim_Show     os_ui.o
    0x08002d88   0x00000020   Code   RO          505    i.OS_Init           os_startfile.o
    0x08002da8   0x0000008c   Code   RO          671    i.OS_String_Show    os_ui.o
    0x08002e34   0x0000000c   Code   RO          672    i.OS_UI_Init        os_ui.o
    0x08002e40   0x0000003c   Code   RO          506    i.OSdelay_ms        os_startfile.o
    0x08002e7c   0x00000034   Code   RO          508    i.OSdelay_us        os_startfile.o
    0x08002eb0   0x000001b0   Code   RO          777    i.PID_Control       drive_windcar_control.o
    0x08003060   0x00000054   Code   RO          778    i.PWM_Set           drive_windcar_control.o
    0x080030b4   0x00000018   Code   RO         2182    i.RCC_ADCCLKConfig  stm32f10x_rcc.o
    0x080030cc   0x00000020   Code   RO         2184    i.RCC_APB1PeriphClockCmd  stm32f10x_rcc.o
    0x080030ec   0x00000020   Code   RO         2186    i.RCC_APB2PeriphClockCmd  stm32f10x_rcc.o
    0x0800310c   0x00000020   Code   RO         2187    i.RCC_APB2PeriphResetCmd  stm32f10x_rcc.o
    0x0800312c   0x0000025c   Code   RO         1096    i.Read_DMP          drive_mpu6050.o
    0x08003388   0x0000005c   Code   RO          890    i.Read_FLASH        drive_oled.o
    0x080033e4   0x00000002   Code   RO         1771    i.Revise_PID        drive_usart.o
    0x080033e6   0x00000002   PAD
    0x080033e8   0x00000048   Code   RO         1869    i.RighA_Moto_select  my_pwm.o
    0x08003430   0x00000014   Code   RO         1870    i.RighA_PWM         my_pwm.o
    0x08003444   0x0000004c   Code   RO         1871    i.RighB_Moto_select  my_pwm.o
    0x08003490   0x00000014   Code   RO         1872    i.RighB_PWM         my_pwm.o
    0x080034a4   0x00000008   Code   RO         2080    i.SetSysClock       system_stm32f10x.o
    0x080034ac   0x000000e0   Code   RO         2081    i.SetSysClockTo72   system_stm32f10x.o
    0x0800358c   0x00000058   Code   RO          317    i.SmallCar_BalanceScan_Main  app_smallcar.o
    0x080035e4   0x00000044   Code   RO          800    i.SmallCar_Behind_Control  drive_smallcar.o
    0x08003628   0x00000044   Code   RO          801    i.SmallCar_Front_Control  drive_smallcar.o
    0x0800366c   0x00000098   Code   RO          802    i.SmallCar_Init     drive_smallcar.o
    0x08003704   0x00000364   Code   RO          339    i.SmallCar_Tracking  app_tracking.o
    0x08003a68   0x00000060   Code   RO         2083    i.SystemInit        system_stm32f10x.o
    0x08003ac8   0x000000c0   Code   RO         1873    i.TIM1_PWM_Init     my_pwm.o
    0x08003b88   0x0000001c   Code   RO         1024    i.TIM2_IRQHandler   drive_interrupt.o
    0x08003ba4   0x0000005e   Code   RO          980    i.TIM2_Init         drive_timer.o
    0x08003c02   0x00000002   PAD
    0x08003c04   0x00000014   Code   RO         1025    i.TIM3_IRQHandler   drive_interrupt.o
    0x08003c18   0x00000060   Code   RO          981    i.TIM3_Init         drive_timer.o
    0x08003c78   0x000000b0   Code   RO         1874    i.TIM3_PWM_Init     my_pwm.o
    0x08003d28   0x00000014   Code   RO         1026    i.TIM4_IRQHandler   drive_interrupt.o
    0x08003d3c   0x00000060   Code   RO          982    i.TIM4_Init         drive_timer.o
    0x08003d9c   0x00000018   Code   RO         1945    i.TIM7_IRQHandler   my_tim.o
    0x08003db4   0x00000018   Code   RO         2776    i.TIM_ARRPreloadConfig  stm32f10x_tim.o
    0x08003dcc   0x00000006   Code   RO         2783    i.TIM_ClearITPendingBit  stm32f10x_tim.o
    0x08003dd2   0x00000018   Code   RO         2788    i.TIM_Cmd           stm32f10x_tim.o
    0x08003dea   0x0000001e   Code   RO         2790    i.TIM_CtrlPWMOutputs  stm32f10x_tim.o
    0x08003e08   0x00000006   Code   RO         2807    i.TIM_GetCounter    stm32f10x_tim.o
    0x08003e0e   0x00000022   Code   RO         2809    i.TIM_GetITStatus   stm32f10x_tim.o
    0x08003e30   0x00000012   Code   RO         2813    i.TIM_ITConfig      stm32f10x_tim.o
    0x08003e42   0x00000002   PAD
    0x08003e44   0x00000098   Code   RO         2817    i.TIM_OC1Init       stm32f10x_tim.o
    0x08003edc   0x00000012   Code   RO         2820    i.TIM_OC1PreloadConfig  stm32f10x_tim.o
    0x08003eee   0x00000002   PAD
    0x08003ef0   0x000000a4   Code   RO         2822    i.TIM_OC2Init       stm32f10x_tim.o
    0x08003f94   0x0000001a   Code   RO         2825    i.TIM_OC2PreloadConfig  stm32f10x_tim.o
    0x08003fae   0x00000004   Code   RO         2850    i.TIM_SetCompare2   stm32f10x_tim.o
    0x08003fb2   0x00000002   PAD
    0x08003fb4   0x000000a4   Code   RO         2859    i.TIM_TimeBaseInit  stm32f10x_tim.o
    0x08004058   0x00000220   Code   RO         1772    i.USART2_IRQHandler  drive_usart.o
    0x08004278   0x00000054   Code   RO         3478    i.USART_GetITStatus  stm32f10x_usart.o
    0x080042cc   0x0000000a   Code   RO         3488    i.USART_ReceiveData  stm32f10x_usart.o
    0x080042d6   0x0000000a   Code   RO          412    i.WindCar_Control_Main  app_windcar_control.o
    0x080042e0   0x0000000a   Code   RO          413    i.WindCar_Control_Start  app_windcar_control.o
    0x080042ea   0x00000002   PAD
    0x080042ec   0x00000118   Code   RO          340    i.Wind_Balance_PID  app_tracking.o
    0x08004404   0x0000006c   Code   RO          891    i.Write_FF          drive_oled.o
    0x08004470   0x00000094   Code   RO         2049    i.Yijielvbo         filter.o
    0x08004504   0x00000020   Code   RO         3934    i.__0printf         mc_w.l(printfa.o)
    0x08004524   0x00000028   Code   RO         3936    i.__0sprintf        mc_w.l(printfa.o)
    0x0800454c   0x00000028   Code   RO         4057    i.__ARM_fpclassify  m_ws.l(fpclassify.o)
    0x08004574   0x00000388   Code   RO         4062    i.__ieee754_rem_pio2  m_ws.l(rred.o)
    0x080048fc   0x000000fc   Code   RO         4040    i.__kernel_cos      m_ws.l(cos_i.o)
    0x080049f8   0x000000aa   Code   RO         4059    i.__kernel_poly     m_ws.l(poly.o)
    0x08004aa2   0x00000002   PAD
    0x08004aa4   0x000000ec   Code   RO         4067    i.__kernel_sin      m_ws.l(sin_i.o)
    0x08004b90   0x00000010   Code   RO         4043    i.__mathlib_dbl_divzero  m_ws.l(dunder.o)
    0x08004ba0   0x00000006   Code   RO         4044    i.__mathlib_dbl_infnan  m_ws.l(dunder.o)
    0x08004ba6   0x00000004   Code   RO         4045    i.__mathlib_dbl_infnan2  m_ws.l(dunder.o)
    0x08004baa   0x0000000c   Code   RO         4046    i.__mathlib_dbl_invalid  m_ws.l(dunder.o)
    0x08004bb6   0x0000000e   Code   RO         4047    i.__mathlib_dbl_overflow  m_ws.l(dunder.o)
    0x08004bc4   0x00000010   Code   RO         4049    i.__mathlib_dbl_underflow  m_ws.l(dunder.o)
    0x08004bd4   0x0000000c   Code   RO         4112    i.__read_errno      mc_w.l(errno.o)
    0x08004be0   0x0000000e   Code   RO         4148    i.__scatterload_copy  mc_w.l(handlers.o)
    0x08004bee   0x00000002   Code   RO         4149    i.__scatterload_null  mc_w.l(handlers.o)
    0x08004bf0   0x0000000e   Code   RO         4150    i.__scatterload_zeroinit  mc_w.l(handlers.o)
    0x08004bfe   0x00000002   PAD
    0x08004c00   0x0000000c   Code   RO         4113    i.__set_errno       mc_w.l(errno.o)
    0x08004c0c   0x00000164   Code   RO         3941    i._fp_digits        mc_w.l(printfa.o)
    0x08004d70   0x0000000e   Code   RO         4135    i._is_digit         mc_w.l(scanf_fp.o)
    0x08004d7e   0x00000002   PAD
    0x08004d80   0x000006dc   Code   RO         3942    i._printf_core      mc_w.l(printfa.o)
    0x0800545c   0x00000024   Code   RO         3943    i._printf_post_padding  mc_w.l(printfa.o)
    0x08005480   0x0000002e   Code   RO         3944    i._printf_pre_padding  mc_w.l(printfa.o)
    0x080054ae   0x0000000a   Code   RO         3946    i._sputc            mc_w.l(printfa.o)
    0x080054b8   0x000000a8   Code   RO         1483    i.accel_self_test   inv_mpu.o
    0x08005560   0x00000270   Code   RO         3651    i.asin              m_ws.l(asin.o)
    0x080057d0   0x00000220   Code   RO         4031    i.atan              m_ws.l(atan.o)
    0x080059f0   0x00000180   Code   RO         3661    i.atan2             m_ws.l(atan2.o)
    0x08005b70   0x0000002a   Code   RO         3669    i.atof              m_ws.l(atof.o)
    0x08005b9a   0x00000002   PAD
    0x08005b9c   0x0000009c   Code   RO         3673    i.cos               m_ws.l(cos.o)
    0x08005c38   0x00000064   Code   RO         1307    i.decode_gesture    inv_mpu_dmp_motion_driver.o
    0x08005c9c   0x0000003c   Code   RO         1308    i.dmp_enable_6x_lp_quat  inv_mpu_dmp_motion_driver.o
    0x08005cd8   0x0000021c   Code   RO         1309    i.dmp_enable_feature  inv_mpu_dmp_motion_driver.o
    0x08005ef4   0x00000058   Code   RO         1310    i.dmp_enable_gyro_cal  inv_mpu_dmp_motion_driver.o
    0x08005f4c   0x0000003c   Code   RO         1311    i.dmp_enable_lp_quat  inv_mpu_dmp_motion_driver.o
    0x08005f88   0x00000018   Code   RO         1316    i.dmp_load_motion_driver_firmware  inv_mpu_dmp_motion_driver.o
    0x08005fa0   0x000001cc   Code   RO         1317    i.dmp_read_fifo     inv_mpu_dmp_motion_driver.o
    0x0800616c   0x00000130   Code   RO         1320    i.dmp_set_accel_bias  inv_mpu_dmp_motion_driver.o
    0x0800629c   0x00000070   Code   RO         1321    i.dmp_set_fifo_rate  inv_mpu_dmp_motion_driver.o
    0x0800630c   0x00000130   Code   RO         1322    i.dmp_set_gyro_bias  inv_mpu_dmp_motion_driver.o
    0x0800643c   0x00000138   Code   RO         1324    i.dmp_set_orientation  inv_mpu_dmp_motion_driver.o
    0x08006574   0x00000038   Code   RO         1327    i.dmp_set_shake_reject_thresh  inv_mpu_dmp_motion_driver.o
    0x080065ac   0x00000026   Code   RO         1328    i.dmp_set_shake_reject_time  inv_mpu_dmp_motion_driver.o
    0x080065d2   0x00000026   Code   RO         1329    i.dmp_set_shake_reject_timeout  inv_mpu_dmp_motion_driver.o
    0x080065f8   0x00000046   Code   RO         1330    i.dmp_set_tap_axes  inv_mpu_dmp_motion_driver.o
    0x0800663e   0x00000026   Code   RO         1331    i.dmp_set_tap_count  inv_mpu_dmp_motion_driver.o
    0x08006664   0x000001a0   Code   RO         1332    i.dmp_set_tap_thresh  inv_mpu_dmp_motion_driver.o
    0x08006804   0x00000026   Code   RO         1333    i.dmp_set_tap_time  inv_mpu_dmp_motion_driver.o
    0x0800682a   0x00000026   Code   RO         1334    i.dmp_set_tap_time_multi  inv_mpu_dmp_motion_driver.o
    0x08006850   0x0000001c   Code   RO         1774    i.fputc             drive_usart.o
    0x0800686c   0x000000b4   Code   RO         1484    i.get_accel_prod_shift  inv_mpu.o
    0x08006920   0x00000470   Code   RO         1485    i.get_st_biases     inv_mpu.o
    0x08006d90   0x00000110   Code   RO         1486    i.gyro_self_test    inv_mpu.o
    0x08006ea0   0x00000076   Code   RO         1211    i.i2cRead           drive_ioi2c.o
    0x08006f16   0x00000060   Code   RO         1212    i.i2cWrite          drive_ioi2c.o
    0x08006f76   0x00000028   Code   RO         1098    i.inv_orientation_matrix_to_scalar  drive_mpu6050.o
    0x08006f9e   0x0000004e   Code   RO         1099    i.inv_row_2_scale   drive_mpu6050.o
    0x08006fec   0x00000018   Code   RO          437    i.main              main.o
    0x08007004   0x00000070   Code   RO         1487    i.mpu_configure_fifo  inv_mpu.o
    0x08007074   0x0000004c   Code   RO         1488    i.mpu_get_accel_fsr  inv_mpu.o
    0x080070c0   0x00000054   Code   RO         1490    i.mpu_get_accel_sens  inv_mpu.o
    0x08007114   0x00000010   Code   RO         1495    i.mpu_get_fifo_config  inv_mpu.o
    0x08007124   0x00000044   Code   RO         1496    i.mpu_get_gyro_fsr  inv_mpu.o
    0x08007168   0x00000050   Code   RO         1498    i.mpu_get_gyro_sens  inv_mpu.o
    0x080071b8   0x00000050   Code   RO         1500    i.mpu_get_lpf       inv_mpu.o
    0x08007208   0x00000020   Code   RO         1502    i.mpu_get_sample_rate  inv_mpu.o
    0x08007228   0x00000190   Code   RO         1504    i.mpu_init          inv_mpu.o
    0x080073b8   0x000000b8   Code   RO         1505    i.mpu_load_firmware  inv_mpu.o
    0x08007470   0x000000e0   Code   RO         1506    i.mpu_lp_accel_mode  inv_mpu.o
    0x08007550   0x000000c0   Code   RO         1509    i.mpu_read_fifo_stream  inv_mpu.o
    0x08007610   0x00000080   Code   RO         1510    i.mpu_read_mem      inv_mpu.o
    0x08007690   0x000001bc   Code   RO         1513    i.mpu_reset_fifo    inv_mpu.o
    0x0800784c   0x0000011c   Code   RO         1514    i.mpu_run_self_test  inv_mpu.o
    0x08007968   0x00000084   Code   RO         1516    i.mpu_set_accel_fsr  inv_mpu.o
    0x080079ec   0x0000014c   Code   RO         1517    i.mpu_set_bypass    inv_mpu.o
    0x08007b38   0x00000090   Code   RO         1519    i.mpu_set_dmp_state  inv_mpu.o
    0x08007bc8   0x00000088   Code   RO         1520    i.mpu_set_gyro_fsr  inv_mpu.o
    0x08007c50   0x0000006c   Code   RO         1521    i.mpu_set_int_latched  inv_mpu.o
    0x08007cbc   0x00000084   Code   RO         1523    i.mpu_set_lpf       inv_mpu.o
    0x08007d40   0x0000009c   Code   RO         1524    i.mpu_set_sample_rate  inv_mpu.o
    0x08007ddc   0x000000d0   Code   RO         1525    i.mpu_set_sensors   inv_mpu.o
    0x08007eac   0x00000080   Code   RO         1526    i.mpu_write_mem     inv_mpu.o
    0x08007f2c   0x00000002   Code   RO         1527    i.myget_ms          inv_mpu.o
    0x08007f2e   0x00000002   PAD
    0x08007f30   0x00000170   Code   RO          451    i.pidIncrement      userpid.o
    0x080080a0   0x000009b8   Code   RO         3681    i.pow               m_ws.l(pow.o)
    0x08008a58   0x00000090   Code   RO         1100    i.run_self_test     drive_mpu6050.o
    0x08008ae8   0x00000090   Code   RO         1528    i.set_int_enable    inv_mpu.o
    0x08008b78   0x0000004c   Code   RO         4074    i.sqrt              m_ws.l(sqrt.o)
    0x08008bc4   0x00000bf6   Data   RO         1336    .constdata          inv_mpu_dmp_motion_driver.o
    0x080097ba   0x00000002   PAD
    0x080097bc   0x00000050   Data   RO         1529    .constdata          inv_mpu.o
    0x0800980c   0x00000004   PAD
    0x08009810   0x00000050   Data   RO         3652    .constdata          m_ws.l(asin.o)
    0x08009860   0x00000088   Data   RO         3682    .constdata          m_ws.l(pow.o)
    0x080098e8   0x00000098   Data   RO         4032    .constdata          m_ws.l(atan.o)
    0x08009980   0x00000030   Data   RO         4041    .constdata          m_ws.l(cos_i.o)
    0x080099b0   0x00000008   Data   RO         4061    .constdata          m_ws.l(qnan.o)
    0x080099b8   0x000000c8   Data   RO         4064    .constdata          m_ws.l(rred.o)
    0x08009a80   0x00000028   Data   RO         4068    .constdata          m_ws.l(sin_i.o)
    0x08009aa8   0x00000040   Data   RO         4142    .constdata          mc_w.l(ctype_c.o)
    0x08009ae8   0x00000015   Data   RO          318    .conststring        app_smallcar.o
    0x08009afd   0x00000003   PAD
    0x08009b00   0x0000000c   Data   RO          389    .conststring        app_windcar.o
    0x08009b0c   0x00000010   Data   RO          414    .conststring        app_windcar_control.o
    0x08009b1c   0x00000020   Data   RO         4146    Region$$Table       anon$$obj.o


    Execution Region RW_IRAM1 (Base: 0x20000000, Size: 0x00000928, Max: 0x000c0000, ABSOLUTE, COMPRESSED[0x00000084])

    Base Addr    Size         Type   Attr      Idx    E Section Name        Object

    0x20000000   0x00000030   Data   RW          319    .data               app_smallcar.o
    0x20000030   0x00000020   Data   RW          343    .data               app_tracking.o
    0x20000050   0x00000024   Data   RW          390    .data               app_windcar.o
    0x20000074   0x00000024   Data   RW          415    .data               app_windcar_control.o
    0x20000098   0x00000010   Data   RW          509    .data               os_startfile.o
    0x200000a8   0x00000001   Data   RW          673    .data               os_ui.o
    0x200000a9   0x00000007   PAD
    0x200000b0   0x00000049   Data   RW          779    .data               drive_windcar_control.o
    0x200000f9   0x00000003   PAD
    0x200000fc   0x00000035   Data   RW         1102    .data               drive_mpu6050.o
    0x20000131   0x00000003   PAD
    0x20000134   0x0000002c   Data   RW         1530    .data               inv_mpu.o
    0x20000160   0x0000000d   Data   RW         1777    .data               drive_usart.o
    0x2000016d   0x00000003   PAD
    0x20000170   0x0000001c   Data   RW         2031    .data               mpu6050.o
    0x2000018c   0x00000054   Data   RW         2051    .data               filter.o
    0x200001e0   0x00000004   Data   RW         4114    .data               mc_w.l(errno.o)
    0x200001e4   0x00000048   Zero   RW          454    .bss                userpid.o
    0x2000022c   0x00000024   Zero   RW          590    .bss                os_manage.o
    0x20000250   0x0000012c   Zero   RW          805    .bss                drive_smallcar.o
    0x2000037c   0x00000010   Zero   RW         1335    .bss                inv_mpu_dmp_motion_driver.o
    0x2000038c   0x0000012c   Zero   RW         1776    .bss                drive_usart.o
    0x200004b8   0x00000060   Zero   RW         1823    .bss                adc.o
    0x20000518   0x00000010   Zero   RW         2050    .bss                filter.o
    0x20000528   0x00000400   Zero   RW         2073    STACK               startup_stm32f10x_hd.o


==============================================================================

Image component sizes


      Code (inc. data)   RO Data    RW Data    ZI Data      Debug   Object Name

       238         14          0          0         96       2632   adc.o
        88         22         21         48          0       1203   app_smallcar.o
         0          0          0          0          0     257743   app_test.o
      1324         66          0         32          0       3589   app_tracking.o
       328         96         12         36          0       1473   app_windcar.o
        20          0         16         36          0       1429   app_windcar_control.o
       108          4          0          0          0        652   drive_exti.o
       140         14          0          0          0       1121   drive_gpio.o
       188         28          0          0          0       2678   drive_interrupt.o
      1266         94          0          0          0      10743   drive_ioi2c.o
      1256         60          0         53          0      23887   drive_mpu6050.o
      1214         72          0          0          0       8928   drive_oled.o
       288         24          0          0        300       2842   drive_smallcar.o
       286          8          0          0          0       1780   drive_timer.o
       574        130          0         13        300       4100   drive_usart.o
       516         60          0         73          0       1865   drive_windcar_control.o
       780         90          0         84         16       2406   filter.o
      5782        204         80         44          0      27178   inv_mpu.o
      3096        122       3062          0         16      20686   inv_mpu_dmp_motion_driver.o
        24          6          0          0          0        483   main.o
       132         22          0          0          0       1607   misc.o
       480         48          0         28          0       1423   mpu6050.o
      1032         54          0          0          0       6272   my_pwm.o
        24          4          0          0          0        502   my_tim.o
        36          6          0          0         36       2768   os_manage.o
       564         20          0          0          0       2442   os_run.o
       144         10          0         16          0       2059   os_startfile.o
       548         14          0          1          0       3093   os_ui.o
        36          8        304          0       1024        840   startup_stm32f10x_hd.o
       486         24          0          0          0       8838   stm32f10x_adc.o
        28         10          0          0          0        552   stm32f10x_dma.o
       200         18          0          0          0       2204   stm32f10x_exti.o
       378          4          0          0          0       5026   stm32f10x_gpio.o
       120         24          0          0          0       2358   stm32f10x_rcc.o
       670         72          0          0          0       8711   stm32f10x_tim.o
        94          0          0          0          0       2792   stm32f10x_usart.o
         0          0          0          0          0         32   sys.o
       328         28          0          0          0       2129   system_stm32f10x.o
       368         16          0          0         72       1864   userpid.o

    ----------------------------------------------------------------------
     23218       1496       3536        480       1860     432930   Object Totals
         0          0         32          0          0          0   (incl. Generated)
        34          0          9         16          0          0   (incl. Padding)

    ----------------------------------------------------------------------

      Code (inc. data)   RO Data    RW Data    ZI Data      Debug   Library Member Name

       624         52         80          0          0        168   asin.o
       544         70        152          0          0        124   atan.o
       384         38          0          0          0        144   atan2.o
        42          0          0          0          0         84   atof.o
       156          8          0          0          0        104   cos.o
       252         22         48          0          0        124   cos_i.o
        68         10          0          0          0        408   dunder.o
        40          0          0          0          0         68   fpclassify.o
       170          0          0          0          0         96   poly.o
      2488        190        136          0          0        300   pow.o
         0          0          8          0          0          0   qnan.o
       904         76        200          0          0        140   rred.o
       236         12         40          0          0        128   sin_i.o
        76          0          0          0          0         84   sqrt.o
        86          0          0          0          0          0   __dczerorl2.o
        64          0          0          0          0         84   _sgetc.o
        40          6         64          0          0         68   ctype_c.o
         0          0          0          0          0          0   entry.o
         0          0          0          0          0          0   entry10a.o
         0          0          0          0          0          0   entry11a.o
         8          4          0          0          0          0   entry2.o
         4          0          0          0          0          0   entry5.o
         0          0          0          0          0          0   entry7b.o
         0          0          0          0          0          0   entry8b.o
         8          4          0          0          0          0   entry9a.o
        24         12          0          4          0        136   errno.o
        30          0          0          0          0          0   handlers.o
        36          8          0          0          0         68   init.o
        10          0          0          0          0         68   isspace_c.o
         0          0          0          0          0          0   iusefp.o
        98          0          0          0          0         84   ldiv.o
        30          0          0          0          0         68   llshl.o
        36          0          0          0          0         68   llsshr.o
        32          0          0          0          0         68   llushr.o
        26          0          0          0          0         80   memcmp.o
        36          0          0          0          0        108   memseta.o
      2276         96          0          0          0        596   printfa.o
       838         12          0          0          0        216   scanf_fp.o
       156         14          0          0          0        120   strtod.o
        44          0          0          0          0         80   uidiv.o
        98          0          0          0          0         92   uldiv.o
        48          0          0          0          0         68   cdcmple.o
        48          0          0          0          0         68   cdrcmple.o
        20          0          0          0          0         68   cfcmple.o
        20          0          0          0          0         68   cfrcmple.o
        56          0          0          0          0         88   d2f.o
       334          0          0          0          0        148   dadd.o
       222          0          0          0          0        100   ddiv.o
       186          0          0          0          0        176   depilogue.o
        62          0          0          0          0         80   dfixi.o
        50          0          0          0          0         76   dfixui.o
        48          0          0          0          0         68   dfixul.o
        34          0          0          0          0         76   dflti.o
        26          0          0          0          0         76   dfltui.o
        24          0          0          0          0         76   dfltul.o
       228          0          0          0          0         96   dmul.o
        46          0          0          0          0         80   dscalb.o
       162          0          0          0          0        100   dsqrt.o
        38          0          0          0          0         68   f2d.o
       176          0          0          0          0        140   fadd.o
       124          0          0          0          0         88   fdiv.o
       110          0          0          0          0        168   fepilogue.o
        50          0          0          0          0         68   ffixi.o
        40          0          0          0          0         68   ffixui.o
        18          0          0          0          0         68   fflti.o
        10          0          0          0          0         68   ffltui.o
       100          0          0          0          0         76   fmul.o

    ----------------------------------------------------------------------
     12258        634        728          4          0       6300   Library Totals
        14          0          0          0          0          0   (incl. Padding)

    ----------------------------------------------------------------------

      Code (inc. data)   RO Data    RW Data    ZI Data      Debug   Library Name

      5984        478        664          0          0       1972   m_ws.l
      3980        156         64          4          0       2004   mc_w.l
      2280          0          0          0          0       2324   mf_w.l

    ----------------------------------------------------------------------
     12258        634        728          4          0       6300   Library Totals

    ----------------------------------------------------------------------

==============================================================================


      Code (inc. data)   RO Data    RW Data    ZI Data      Debug   

     35476       2130       4264        484       1860     426306   Grand Totals
     35476       2130       4264        132       1860     426306   ELF Image Totals (compressed)
     35476       2130       4264        132          0          0   ROM Totals

==============================================================================

    Total RO  Size (Code + RO Data)                39740 (  38.81kB)
    Total RW  Size (RW Data + ZI Data)              2344 (   2.29kB)
    Total ROM Size (Code + RO Data + RW Data)      39872 (  38.94kB)

==============================================================================

