Component: ARM Compiler 5.05 update 2 (build 169) Tool: armlink [4d0f33]

==============================================================================

Section Cross References

    app_message.o(i.Message_Start) refers to drive_bluetooth.o(i.Bluetooth_Init) for Bluetooth_Init
    app_message.o(.data) refers to app_message.o(i.Message_Main) for Message_Main
    app_message.o(.data) refers to app_message.o(i.Message_Start) for Message_Start
    app_message.o(.data) refers to app_message.o(.conststring) for .conststring
    app_loadmeasure.o(i.LoadMeasure_Main) refers to _printf_percent.o(.ARM.Collect$$_printf_percent$$00000000) for _printf_percent
    app_loadmeasure.o(i.LoadMeasure_Main) refers to _printf_f.o(.ARM.Collect$$_printf_percent$$00000003) for _printf_f
    app_loadmeasure.o(i.LoadMeasure_Main) refers to printf1.o(x$fpl$printf1) for _printf_fp_dec
    app_loadmeasure.o(i.LoadMeasure_Main) refers to rt_memclr_w.o(.text) for __aeabi_memclr4
    app_loadmeasure.o(i.LoadMeasure_Main) refers to drive_freqmeasure.o(i.FreqMeasure_Read) for FreqMeasure_Read
    app_loadmeasure.o(i.LoadMeasure_Main) refers to f2d.o(x$fpl$f2d) for __aeabi_f2d
    app_loadmeasure.o(i.LoadMeasure_Main) refers to drive_loadmeasure.o(i.PhaseMeasure_Start) for PhaseMeasure_Start
    app_loadmeasure.o(i.LoadMeasure_Main) refers to drive_loadmeasure.o(i.ADC_Analysis) for ADC_Analysis
    app_loadmeasure.o(i.LoadMeasure_Main) refers to drive_loadmeasure.o(i.FFT_Analysis) for FFT_Analysis
    app_loadmeasure.o(i.LoadMeasure_Main) refers to noretval__2sprintf.o(.text) for __2sprintf
    app_loadmeasure.o(i.LoadMeasure_Main) refers to os_ui.o(i.OS_String_Show) for OS_String_Show
    app_loadmeasure.o(i.LoadMeasure_Main) refers to app_loadmeasure.o(i.Message_Updata) for Message_Updata
    app_loadmeasure.o(i.LoadMeasure_Main) refers to drive_loadmeasure.o(.bss) for ADC_Result
    app_loadmeasure.o(i.LoadMeasure_Main) refers to drive_loadmeasure.o(.data) for PhaseMeasure_State
    app_loadmeasure.o(i.LoadMeasure_Main) refers to app_message.o(.data) for Message_Update_Flag
    app_loadmeasure.o(i.LoadMeasure_Start) refers to drive_freqmeasure.o(i.FreqMeasure_Init) for FreqMeasure_Init
    app_loadmeasure.o(i.LoadMeasure_Start) refers to drive_adc.o(i.ADC1_Init) for ADC1_Init
    app_loadmeasure.o(i.LoadMeasure_Start) refers to drive_adc.o(i.ADC2_Init) for ADC2_Init
    app_loadmeasure.o(i.LoadMeasure_Start) refers to drive_gpio.o(i.GPIO_Relay_Init) for GPIO_Relay_Init
    app_loadmeasure.o(i.LoadMeasure_Start) refers to app_message.o(.data) for Message_Update_Flag
    app_loadmeasure.o(i.Message_Updata) refers to drive_loadmeasure.o(.bss) for FFT_Result
    app_loadmeasure.o(i.Message_Updata) refers to drive_message.o(.constdata) for MESSAGE_BYTE
    app_loadmeasure.o(i.Message_Updata) refers to drive_message.o(.bss) for Message_USART2
    app_loadmeasure.o(i.Message_Updata) refers to drive_message.o(i.Message_Send_USART2) for Message_Send_USART2
    app_loadmeasure.o(i.Message_Updata) refers to app_message.o(.data) for Message_Update_Flag
    app_loadmeasure.o(.data) refers to app_loadmeasure.o(i.LoadMeasure_Main) for LoadMeasure_Main
    app_loadmeasure.o(.data) refers to app_loadmeasure.o(i.LoadMeasure_Start) for LoadMeasure_Start
    app_loadmeasure.o(.data) refers to app_loadmeasure.o(.conststring) for .conststring
    app_test.o(i.Test_Main) refers to _printf_percent.o(.ARM.Collect$$_printf_percent$$00000000) for _printf_percent
    app_test.o(i.Test_Main) refers to _printf_d.o(.ARM.Collect$$_printf_percent$$00000009) for _printf_d
    app_test.o(i.Test_Main) refers to _printf_dec.o(.text) for _printf_int_dec
    app_test.o(i.Test_Main) refers to rt_memclr_w.o(.text) for __aeabi_memclr4
    app_test.o(i.Test_Main) refers to noretval__2sprintf.o(.text) for __2sprintf
    app_test.o(i.Test_Main) refers to os_ui.o(i.OS_String_Show) for OS_String_Show
    app_test.o(i.Test_Main) refers to app_test.o(.data) for cnt
    app_test.o(.data) refers to app_test.o(i.Test_Main) for Test_Main
    app_test.o(.data) refers to app_test.o(.conststring) for .conststring
    app_led.o(i.LED_Start) refers to drive_gpio.o(i.GPIO_LED_Init) for GPIO_LED_Init
    app_led.o(.data) refers to app_led.o(i.LED_Main) for LED_Main
    app_led.o(.data) refers to app_led.o(i.LED_Start) for LED_Start
    app_led.o(.data) refers to app_led.o(.conststring) for .conststring
    main.o(i.main) refers to os_startfile.o(i.OS_Init) for OS_Init
    main.o(i.main) refers to os_manage.o(i.OSTask_Creat) for OSTask_Creat
    main.o(i.main) refers to os_run.o(i.OSThread_Free) for OSThread_Free
    main.o(i.main) refers to app_led.o(.data) for App_LED
    main.o(i.main) refers to app_loadmeasure.o(.data) for App_LoadMeasure
    main.o(i.main) refers to app_message.o(.data) for App_Message
    os_startfile.o(i.OS_Init) refers to misc.o(i.NVIC_PriorityGroupConfig) for NVIC_PriorityGroupConfig
    os_startfile.o(i.OS_Init) refers to system_stm32f10x.o(i.SystemInit) for SystemInit
[...]
    i.__mathlib_dbl_divzero                  0x080045b8   Section        0  dunder.o(i.__mathlib_dbl_divzero)
    i.__mathlib_dbl_infnan                   0x080045c8   Section        0  dunder.o(i.__mathlib_dbl_infnan)
    i.__mathlib_dbl_infnan2                  0x080045ce   Section        0  dunder.o(i.__mathlib_dbl_infnan2)
    i.__mathlib_dbl_invalid                  0x080045d2   Section        0  dunder.o(i.__mathlib_dbl_invalid)
    i.__mathlib_dbl_overflow                 0x080045de   Section        0  dunder.o(i.__mathlib_dbl_overflow)
    i.__mathlib_dbl_underflow                0x080045ec   Section        0  dunder.o(i.__mathlib_dbl_underflow)
    i._is_digit                              0x080045fc   Section        0  __printf_wp.o(i._is_digit)
    i._sys_exit                              0x0800460a   Section        0  drive_usart.o(i._sys_exit)
    i.acos                                   0x08004610   Section        0  acos.o(i.acos)
    i.atan                                   0x0800488c   Section        0  atan.o(i.atan)
    i.atan2                                  0x08004aac   Section        0  atan2.o(i.atan2)
    i.c_mul                                  0x08004c2c   Section        0  drive_fft.o(i.c_mul)
    i.c_plus                                 0x08004c6a   Section        0  drive_fft.o(i.c_plus)
    i.c_sub                                  0x08004c84   Section        0  drive_fft.o(i.c_sub)
    i.cos                                    0x08004ca0   Section        0  cos.o(i.cos)
    i.main                                   0x08004d3c   Section        0  main.o(i.main)
    i.pow                                    0x08004d68   Section        0  pow.o(i.pow)
    i.sin                                    0x08005720   Section        0  sin.o(i.sin)
    i.sqrt                                   0x080057c0   Section        0  sqrt.o(i.sqrt)
    locale$$code                             0x0800580c   Section       44  lc_numeric_c.o(locale$$code)
    x$fpl$d2f                                0x08005838   Section       98  d2f.o(x$fpl$d2f)
    x$fpl$dadd                               0x0800589c   Section      336  daddsub_clz.o(x$fpl$dadd)
    _dadd1                                   0x080058ad   Thumb Code     0  daddsub_clz.o(x$fpl$dadd)
    x$fpl$dcheck1                            0x080059ec   Section       16  dcheck1.o(x$fpl$dcheck1)
    x$fpl$dcmpinf                            0x080059fc   Section       24  dcmpi.o(x$fpl$dcmpinf)
    x$fpl$ddiv                               0x08005a14   Section      688  ddiv.o(x$fpl$ddiv)
    ddiv_entry                               0x08005a1b   Thumb Code     0  ddiv.o(x$fpl$ddiv)
    x$fpl$dfix                               0x08005cc4   Section       94  dfix.o(x$fpl$dfix)
    x$fpl$dfixu                              0x08005d24   Section       90  dfixu.o(x$fpl$dfixu)
    x$fpl$dflt                               0x08005d7e   Section       46  dflt_clz.o(x$fpl$dflt)
    x$fpl$dfltu                              0x08005dac   Section       38  dflt_clz.o(x$fpl$dfltu)
    x$fpl$dleqf                              0x08005dd4   Section      120  dleqf.o(x$fpl$dleqf)
    x$fpl$dmul                               0x08005e4c   Section      340  dmul.o(x$fpl$dmul)
    x$fpl$dnaninf                            0x08005fa0   Section      156  dnaninf.o(x$fpl$dnaninf)
    x$fpl$dretinf                            0x0800603c   Section       12  dretinf.o(x$fpl$dretinf)
    x$fpl$drleqf                             0x08006048   Section      108  drleqf.o(x$fpl$drleqf)
    x$fpl$drsb                               0x080060b4   Section       22  daddsub_clz.o(x$fpl$drsb)
    x$fpl$dsqrt                              0x080060cc   Section      460  dsqrt_noumaal.o(x$fpl$dsqrt)
    x$fpl$dsub                               0x08006298   Section      468  daddsub_clz.o(x$fpl$dsub)
    _dsub1                                   0x080062a9   Thumb Code     0  daddsub_clz.o(x$fpl$dsub)
    x$fpl$f2d                                0x0800646c   Section       86  f2d.o(x$fpl$f2d)
    x$fpl$fadd                               0x080064c4   Section      196  faddsub_clz.o(x$fpl$fadd)
    _fadd1                                   0x080064d3   Thumb Code     0  faddsub_clz.o(x$fpl$fadd)
    x$fpl$fcmpinf                            0x08006588   Section       24  fcmpi.o(x$fpl$fcmpinf)
    x$fpl$fdiv                               0x080065a0   Section      388  fdiv.o(x$fpl$fdiv)
    _fdiv1                                   0x080065a1   Thumb Code     0  fdiv.o(x$fpl$fdiv)
    x$fpl$ffix                               0x08006724   Section       54  ffix.o(x$fpl$ffix)
    x$fpl$fflt                               0x0800675c   Section       48  fflt_clz.o(x$fpl$fflt)
    x$fpl$ffltu                              0x0800678c   Section       38  fflt_clz.o(x$fpl$ffltu)
    x$fpl$fleqf                              0x080067b4   Section      104  fleqf.o(x$fpl$fleqf)
    x$fpl$fmul                               0x0800681c   Section      258  fmul.o(x$fpl$fmul)
    x$fpl$fnaninf                            0x0800691e   Section      140  fnaninf.o(x$fpl$fnaninf)
    x$fpl$fretinf                            0x080069aa   Section       10  fretinf.o(x$fpl$fretinf)
    x$fpl$frleqf                             0x080069b4   Section       98  frleqf.o(x$fpl$frleqf)
    x$fpl$frsb                               0x08006a16   Section       20  faddsub_clz.o(x$fpl$frsb)
    x$fpl$fsub                               0x08006a2c   Section      234  faddsub_clz.o(x$fpl$fsub)
    _fsub1                                   0x08006a3b   Thumb Code     0  faddsub_clz.o(x$fpl$fsub)
    x$fpl$printf1                            0x08006b16   Section        4  printf1.o(x$fpl$printf1)
    x$fpl$retnan                             0x08006b1a   Section      100  retnan.o(x$fpl$retnan)
    x$fpl$scalbn                             0x08006b7e   Section       92  scalbn.o(x$fpl$scalbn)
    x$fpl$trapveneer                         0x08006bda   Section       48  trapv.o(x$fpl$trapveneer)
    .constdata                               0x08006c0a   Section       24  drive_message.o(.constdata)
    x$fpl$usenofp                            0x08006c0a   Section        0  usenofp.o(x$fpl$usenofp)
    .constdata                               0x08006c22   Section       17  __printf_flags_wp.o(.constdata)
    maptable                                 0x08006c22   Data          17  __printf_flags_wp.o(.constdata)
    .constdata                               0x08006c38   Section       80  acos.o(.constdata)
    pS                                       0x08006c38   Data          48  acos.o(.constdata)
    qS                                       0x08006c68   Data          32  acos.o(.constdata)
    .constdata                               0x08006c88   Section      136  pow.o(.constdata)
    bp                                       0x08006c88   Data          16  pow.o(.constdata)
    dp_h                                     0x08006c98   Data          16  pow.o(.constdata)
    dp_l                                     0x08006ca8   Data          16  pow.o(.constdata)
    L                                        0x08006cb8   Data          48  pow.o(.constdata)
    P                                        0x08006ce8   Data          40  pow.o(.constdata)
    .constdata                               0x08006d10   Section      152  atan.o(.constdata)
    atanhi                                   0x08006d10   Data          32  atan.o(.constdata)
    atanlo                                   0x08006d30   Data          32  atan.o(.constdata)
    aTodd                                    0x08006d50   Data          40  atan.o(.constdata)
    aTeven                                   0x08006d78   Data          48  atan.o(.constdata)
    .constdata                               0x08006da8   Section       48  cos_i.o(.constdata)
    C                                        0x08006da8   Data          48  cos_i.o(.constdata)
    .constdata                               0x08006dd8   Section        8  qnan.o(.constdata)
    .constdata                               0x08006de0   Section      200  rred.o(.constdata)
    pio2s                                    0x08006de0   Data          48  rred.o(.constdata)
    twooverpi                                0x08006e10   Data         152  rred.o(.constdata)
    .constdata                               0x08006ea8   Section       40  sin_i.o(.constdata)
    S                                        0x08006ea8   Data          40  sin_i.o(.constdata)
    .constdata                               0x08006ed0   Section      148  bigflt0.o(.constdata)
    tenpwrs_x                                0x08006ed0   Data          60  bigflt0.o(.constdata)
    tenpwrs_i                                0x08006f0c   Data          64  bigflt0.o(.constdata)
    .conststring                             0x08006f64   Section        8  app_message.o(.conststring)
    .conststring                             0x08006f6c   Section       12  app_loadmeasure.o(.conststring)
    .conststring                             0x08006f78   Section        4  app_led.o(.conststring)
    locale$$data                             0x08006f9c   Section       28  lc_numeric_c.o(locale$$data)
    __lcnum_c_name                           0x08006fa0   Data           2  lc_numeric_c.o(locale$$data)
    __lcnum_c_start                          0x08006fa8   Data           0  lc_numeric_c.o(locale$$data)
    __lcnum_c_point                          0x08006fb4   Data           0  lc_numeric_c.o(locale$$data)
    __lcnum_c_thousands                      0x08006fb6   Data           0  lc_numeric_c.o(locale$$data)
    __lcnum_c_grouping                       0x08006fb7   Data           0  lc_numeric_c.o(locale$$data)
    __lcnum_c_end                            0x08006fb8   Data           0  lc_numeric_c.o(locale$$data)
    .data                                    0x20000000   Section       40  app_message.o(.data)
    .data                                    0x20000028   Section       36  app_loadmeasure.o(.data)
    .data                                    0x2000004c   Section       36  app_led.o(.data)
    .data                                    0x20000070   Section       16  os_startfile.o(.data)
    .data                                    0x20000080   Section        1  os_ui.o(.data)
    UseState                                 0x20000080   Data           1  os_ui.o(.data)
    .data                                    0x20000082   Section        4  drive_loadmeasure.o(.data)
    cnt                                      0x20000084   Data           2  drive_loadmeasure.o(.data)
    .data                                    0x20000088   Section       10  drive_message.o(.data)
    time                                     0x20000088   Data           4  drive_message.o(.data)
    Clock                                    0x2000008c   Data           4  drive_message.o(.data)
    Receive_Cnt                              0x20000090   Data           2  drive_message.o(.data)
    .data                                    0x20000094   Section        4  drive_timer.o(.data)
    .data                                    0x20000098   Section       12  drive_freqmeasure.o(.data)
    Freq_Time                                0x20000098   Data           4  drive_freqmeasure.o(.data)
    _TimeLast                                0x2000009c   Data           4  drive_freqmeasure.o(.data)
    _TimeOverLast                            0x200000a0   Data           4  drive_freqmeasure.o(.data)
    .data                                    0x200000a4   Section       20  stm32f10x_rcc.o(.data)
    APBAHBPrescTable                         0x200000a4   Data          16  stm32f10x_rcc.o(.data)
    ADCPrescTable                            0x200000b4   Data           4  stm32f10x_rcc.o(.data)
    .bss                                     0x200000b8   Section       36  os_manage.o(.bss)
    .bss                                     0x200000dc   Section     4232  drive_loadmeasure.o(.bss)
    .bss                                     0x20001164   Section      399  drive_message.o(.bss)
    .bss                                     0x200012f4   Section       96  libspace.o(.bss)
    HEAP                                     0x20001358   Section     1024  startup_stm32f10x_hd.o(HEAP)
    Heap_Mem                                 0x20001358   Data        1024  startup_stm32f10x_hd.o(HEAP)
    STACK                                    0x20001758   Section    24576  startup_stm32f10x_hd.o(STACK)
    Stack_Mem                                0x20001758   Data       24576  startup_stm32f10x_hd.o(STACK)
    __initial_sp                             0x20007758   Data           0  startup_stm32f10x_hd.o(STACK)

    Global Symbols

    Symbol Name                              Value     Ov Type        Size  Object(Section)

    BuildAttributes$$THM_ISAv4$P$D$K$B$S$PE$A:L22UL41UL21$X:L11$S22US41US21$IEEE1$IW$USESV6$~STKCKD$USESV7$~SHL$OTIME$ROPI$IEEEX$EBA8$UX$STANDARDLIB$REQ8$PRES8$EABIv2 0x00000000   Number         0  anon$$obj.o ABSOLUTE
    __ARM_use_no_argv                        0x00000000   Number         0  main.o ABSOLUTE
    _printf_flags                            0x00000000   Number         0  printf_stubs.o ABSOLUTE
    _printf_return_value                     0x00000000   Number         0  printf_stubs.o ABSOLUTE
    _printf_sizespec                         0x00000000   Number         0  printf_stubs.o ABSOLUTE
    _printf_widthprec                        0x00000000   Number         0  printf_stubs.o ABSOLUTE
    __ARM_exceptions_init                     - Undefined Weak Reference
    __alloca_initialize                       - Undefined Weak Reference
    __arm_preinit_                            - Undefined Weak Reference
    __cpp_initialize__aeabi_                  - Undefined Weak Reference
    __cxa_finalize                            - Undefined Weak Reference
    __sigvec_lookup                           - Undefined Weak Reference
    __user_heap_extent                        - Undefined Weak Reference
    _atexit_init                              - Undefined Weak Reference
    _call_atexit_fns                          - Undefined Weak Reference
    _clock_init                               - Undefined Weak Reference
    _fp_trap_init                             - Undefined Weak Reference
    _fp_trap_shutdown                         - Undefined Weak Reference
    _get_lc_collate                           - Undefined Weak Reference
    _get_lc_ctype                             - Undefined Weak Reference
    _get_lc_monetary                          - Undefined Weak Reference
    _get_lc_time                              - Undefined Weak Reference
    _getenv_init                              - Undefined Weak Reference
    _handle_redirection                       - Undefined Weak Reference
    _initio                                   - Undefined Weak Reference
    _mutex_acquire                            - Undefined Weak Reference
    _mutex_free                               - Undefined Weak Reference
    _mutex_release                            - Undefined Weak Reference
    _printf_post_padding                      - Undefined Weak Reference
    _printf_pre_padding                       - Undefined Weak Reference
    _printf_truncate_signed                   - Undefined Weak Reference
    _printf_truncate_unsigned                 - Undefined Weak Reference
    _rand_init                                - Undefined Weak Reference
    _signal_finish                            - Undefined Weak Reference
    _signal_init                              - Undefined Weak Reference
    _terminateio                              - Undefined Weak Reference
    __Vectors_Size                           0x00000130   Number         0  startup_stm32f10x_hd.o ABSOLUTE
    __Vectors                                0x08000000   Data           4  startup_stm32f10x_hd.o(RESET)
    __Vectors_End                            0x08000130   Data           0  startup_stm32f10x_hd.o(RESET)
    __main                                   0x08000131   Thumb Code     8  __main.o(!!!main)
    __scatterload                            0x08000139   Thumb Code     0  __scatter.o(!!!scatter)
    __scatterload_rt2                        0x08000139   Thumb Code    44  __scatter.o(!!!scatter)
    __scatterload_rt2_thumb_only             0x08000139   Thumb Code     0  __scatter.o(!!!scatter)
    __scatterload_null                       0x08000147   Thumb Code     0  __scatter.o(!!!scatter)
    __scatterload_copy                       0x0800016d   Thumb Code    26  __scatter_copy.o(!!handler_copy)
    __scatterload_zeroinit                   0x08000189   Thumb Code    28  __scatter_zi.o(!!handler_zi)
    _printf_f                                0x080001a5   Thumb Code     0  _printf_f.o(.ARM.Collect$$_printf_percent$$00000003)
    _printf_percent                          0x080001a5   Thumb Code     0  _printf_percent.o(.ARM.Collect$$_printf_percent$$00000000)
    _printf_percent_end                      0x080001ab   Thumb Code     0  _printf_percent_end.o(.ARM.Collect$$_printf_percent$$00000017)
    __rt_lib_init                            0x080001af   Thumb Code     0  libinit.o(.ARM.Collect$$libinit$$00000000)
    __rt_lib_init_fp_1                       0x080001b1   Thumb Code     0  libinit2.o(.ARM.Collect$$libinit$$00000002)
    __rt_lib_init_heap_1                     0x080001b1   Thumb Code     0  libinit2.o(.ARM.Collect$$libinit$$0000000A)
    __rt_lib_init_lc_common                  0x080001b1   Thumb Code     0  libinit2.o(.ARM.Collect$$libinit$$0000000F)
    __rt_lib_init_preinit_1                  0x080001b1   Thumb Code     0  libinit2.o(.ARM.Collect$$libinit$$00000004)
    __rt_lib_init_rand_1                     0x080001b1   Thumb Code     0  libinit2.o(.ARM.Collect$$libinit$$0000000E)
    __rt_lib_init_user_alloc_1               0x080001b1   Thumb Code     0  libinit2.o(.ARM.Collect$$libinit$$0000000C)
    __rt_lib_init_lc_collate_1               0x080001b7   Thumb Code     0  libinit2.o(.ARM.Collect$$libinit$$00000011)
    __rt_lib_init_lc_ctype_1                 0x080001b7   Thumb Code     0  libinit2.o(.ARM.Collect$$libinit$$00000013)
    __rt_lib_init_lc_monetary_1              0x080001b7   Thumb Code     0  libinit2.o(.ARM.Collect$$libinit$$00000015)
    __rt_lib_init_lc_numeric_2               0x080001b7   Thumb Code     0  libinit2.o(.ARM.Collect$$libinit$$00000016)
    __rt_lib_init_alloca_1                   0x080001c1   Thumb Code     0  libinit2.o(.ARM.Collect$$libinit$$0000002E)
    __rt_lib_init_argv_1                     0x080001c1   Thumb Code     0  libinit2.o(.ARM.Collect$$libinit$$0000002C)
    __rt_lib_init_atexit_1                   0x080001c1   Thumb Code     0  libinit2.o(.ARM.Collect$$libinit$$0000001B)
    __rt_lib_init_clock_1                    0x080001c1   Thumb Code     0  libinit2.o(.ARM.Collect$$libinit$$00000021)
    __rt_lib_init_cpp_1                      0x080001c1   Thumb Code     0  libinit2.o(.ARM.Collect$$libinit$$00000032)
    __rt_lib_init_exceptions_1               0x080001c1   Thumb Code     0  libinit2.o(.ARM.Collect$$libinit$$00000030)
    __rt_lib_init_fp_trap_1                  0x080001c1   Thumb Code     0  libinit2.o(.ARM.Collect$$libinit$$0000001F)
    __rt_lib_init_getenv_1                   0x080001c1   Thumb Code     0  libinit2.o(.ARM.Collect$$libinit$$00000023)
    __rt_lib_init_lc_numeric_1               0x080001c1   Thumb Code     0  libinit2.o(.ARM.Collect$$libinit$$00000017)
    __rt_lib_init_lc_time_1                  0x080001c1   Thumb Code     0  libinit2.o(.ARM.Collect$$libinit$$00000019)
    __rt_lib_init_return                     0x080001c1   Thumb Code     0  libinit2.o(.ARM.Collect$$libinit$$00000033)
    __rt_lib_init_signal_1                   0x080001c1   Thumb Code     0  libinit2.o(.ARM.Collect$$libinit$$0000001D)
    __rt_lib_init_stdio_1                    0x080001c1   Thumb Code     0  libinit2.o(.ARM.Collect$$libinit$$00000025)
    __rt_lib_shutdown                        0x080001c3   Thumb Code     0  libshutdown.o(.ARM.Collect$$libshutdown$$00000000)
    __rt_lib_shutdown_fp_trap_1              0x080001c5   Thumb Code     0  libshutdown2.o(.ARM.Collect$$libshutdown$$00000006)
    __rt_lib_shutdown_heap_1                 0x080001c5   Thumb Code     0  libshutdown2.o(.ARM.Collect$$libshutdown$$0000000E)
    __rt_lib_shutdown_return                 0x080001c5   Thumb Code     0  libshutdown2.o(.ARM.Collect$$libshutdown$$0000000F)
    __rt_lib_shutdown_signal_1               0x080001c5   Thumb Code     0  libshutdown2.o(.ARM.Collect$$libshutdown$$00000009)
    __rt_lib_shutdown_stdio_1                0x080001c5   Thumb Code     0  libshutdown2.o(.ARM.Collect$$libshutdown$$00000003)
    __rt_lib_shutdown_user_alloc_1           0x080001c5   Thumb Code     0  libshutdown2.o(.ARM.Collect$$libshutdown$$0000000B)
    __rt_entry                               0x080001c7   Thumb Code     0  __rtentry.o(.ARM.Collect$$rtentry$$00000000)
    __rt_entry_presh_1                       0x080001c7   Thumb Code     0  __rtentry2.o(.ARM.Collect$$rtentry$$00000002)
    __rt_entry_sh                            0x080001c7   Thumb Code     0  __rtentry4.o(.ARM.Collect$$rtentry$$00000004)
    __rt_entry_li                            0x080001cd   Thumb Code     0  __rtentry2.o(.ARM.Collect$$rtentry$$0000000A)
    __rt_entry_postsh_1                      0x080001cd   Thumb Code     0  __rtentry2.o(.ARM.Collect$$rtentry$$00000009)
    __rt_entry_main                          0x080001d1   Thumb Code     0  __rtentry2.o(.ARM.Collect$$rtentry$$0000000D)
    __rt_entry_postli_1                      0x080001d1   Thumb Code     0  __rtentry2.o(.ARM.Collect$$rtentry$$0000000C)
    __rt_exit                                0x080001d9   Thumb Code     0  rtexit.o(.ARM.Collect$$rtexit$$00000000)
    __rt_exit_ls                             0x080001db   Thumb Code     0  rtexit2.o(.ARM.Collect$$rtexit$$00000003)
    __rt_exit_prels_1                        0x080001db   Thumb Code     0  rtexit2.o(.ARM.Collect$$rtexit$$00000002)
    __rt_exit_exit                           0x080001df   Thumb Code     0  rtexit2.o(.ARM.Collect$$rtexit$$00000004)
    Reset_Handler                            0x080001e5   Thumb Code     8  startup_stm32f10x_hd.o(.text)
    NMI_Handler                              0x080001ed   Thumb Code     2  startup_stm32f10x_hd.o(.text)
    HardFault_Handler                        0x080001ef   Thumb Code     2  startup_stm32f10x_hd.o(.text)
    MemManage_Handler                        0x080001f1   Thumb Code     2  startup_stm32f10x_hd.o(.text)
    BusFault_Handler                         0x080001f3   Thumb Code     2  startup_stm32f10x_hd.o(.text)
    UsageFault_Handler                       0x080001f5   Thumb Code     2  startup_stm32f10x_hd.o(.text)
    SVC_Handler                              0x080001f7   Thumb Code     2  startup_stm32f10x_hd.o(.text)
    DebugMon_Handler                         0x080001f9   Thumb Code     2  startup_stm32f10x_hd.o(.text)
    PendSV_Handler                           0x080001fb   Thumb Code     2  startup_stm32f10x_hd.o(.text)
    SysTick_Handler                          0x080001fd   Thumb Code     2  startup_stm32f10x_hd.o(.text)
    ADC1_2_IRQHandler                        0x080001ff   Thumb Code     0  startup_stm32f10x_hd.o(.text)
    ADC3_IRQHandler                          0x080001ff   Thumb Code     0  startup_stm32f10x_hd.o(.text)
    CAN1_RX1_IRQHandler                      0x080001ff   Thumb Code     0  startup_stm32f10x_hd.o(.text)
    CAN1_SCE_IRQHandler                      0x080001ff   Thumb Code     0  startup_stm32f10x_hd.o(.text)
    DMA1_Channel2_IRQHandler                 0x080001ff   Thumb Code     0  startup_stm32f10x_hd.o(.text)
    DMA1_Channel3_IRQHandler                 0x080001ff   Thumb Code     0  startup_stm32f10x_hd.o(.text)
    DMA1_Channel4_IRQHandler                 0x080001ff   Thumb Code     0  startup_stm32f10x_hd.o(.text)
    DMA1_Channel5_IRQHandler                 0x080001ff   Thumb Code     0  startup_stm32f10x_hd.o(.text)
    DMA1_Channel6_IRQHandler                 0x080001ff   Thumb Code     0  startup_stm32f10x_hd.o(.text)
    DMA1_Channel7_IRQHandler                 0x080001ff   Thumb Code     0  startup_stm32f10x_hd.o(.text)
    DMA2_Channel1_IRQHandler                 0x080001ff   Thumb Code     0  startup_stm32f10x_hd.o(.text)
    DMA2_Channel2_IRQHandler                 0x080001ff   Thumb Code     0  startup_stm32f10x_hd.o(.text)
    DMA2_Channel3_IRQHandler                 0x080001ff   Thumb Code     0  startup_stm32f10x_hd.o(.text)
    DMA2_Channel4_5_IRQHandler               0x080001ff   Thumb Code     0  startup_stm32f10x_hd.o(.text)
    EXTI0_IRQHandler                         0x080001ff   Thumb Code     0  startup_stm32f10x_hd.o(.text)
    EXTI1_IRQHandler                         0x080001ff   Thumb Code     0  startup_stm32f10x_hd.o(.text)
    EXTI2_IRQHandler                         0x080001ff   Thumb Code     0  startup_stm32f10x_hd.o(.text)
    EXTI3_IRQHandler                         0x080001ff   Thumb Code     0  startup_stm32f10x_hd.o(.text)
    EXTI4_IRQHandler                         0x080001ff   Thumb Code     0  startup_stm32f10x_hd.o(.text)
    EXTI9_5_IRQHandler                       0x080001ff   Thumb Code     0  startup_stm32f10x_hd.o(.text)
    FLASH_IRQHandler                         0x080001ff   Thumb Code     0  startup_stm32f10x_hd.o(.text)
    FSMC_IRQHandler                          0x080001ff   Thumb Code     0  startup_stm32f10x_hd.o(.text)
    I2C1_ER_IRQHandler                       0x080001ff   Thumb Code     0  startup_stm32f10x_hd.o(.text)
    I2C1_EV_IRQHandler                       0x080001ff   Thumb Code     0  startup_stm32f10x_hd.o(.text)
    I2C2_ER_IRQHandler                       0x080001ff   Thumb Code     0  startup_stm32f10x_hd.o(.text)
    I2C2_EV_IRQHandler                       0x080001ff   Thumb Code     0  startup_stm32f10x_hd.o(.text)
    PVD_IRQHandler                           0x080001ff   Thumb Code     0  startup_stm32f10x_hd.o(.text)
    RCC_IRQHandler                           0x080001ff   Thumb Code     0  startup_stm32f10x_hd.o(.text)
    RTCAlarm_IRQHandler                      0x080001ff   Thumb Code     0  startup_stm32f10x_hd.o(.text)
    RTC_IRQHandler                           0x080001ff   Thumb Code     0  startup_stm32f10x_hd.o(.text)
    SDIO_IRQHandler                          0x080001ff   Thumb Code     0  startup_stm32f10x_hd.o(.text)
    SPI1_IRQHandler                          0x080001ff   Thumb Code     0  startup_stm32f10x_hd.o(.text)
    SPI2_IRQHandler                          0x080001ff   Thumb Code     0  startup_stm32f10x_hd.o(.text)
    SPI3_IRQHandler                          0x080001ff   Thumb Code     0  startup_stm32f10x_hd.o(.text)
    TAMPER_IRQHandler                        0x080001ff   Thumb Code     0  startup_stm32f10x_hd.o(.text)
    TIM1_BRK_IRQHandler                      0x080001ff   Thumb Code     0  startup_stm32f10x_hd.o(.text)
    TIM1_CC_IRQHandler                       0x080001ff   Thumb Code     0  startup_stm32f10x_hd.o(.text)
    TIM1_TRG_COM_IRQHandler                  0x080001ff   Thumb Code     0  startup_stm32f10x_hd.o(.text)
    TIM1_UP_IRQHandler                       0x080001ff   Thumb Code     0  startup_stm32f10x_hd.o(.text)
    TIM7_IRQHandler                          0x080001ff   Thumb Code     0  startup_stm32f10x_hd.o(.text)
    TIM8_BRK_IRQHandler                      0x080001ff   Thumb Code     0  startup_stm32f10x_hd.o(.text)
    TIM8_CC_IRQHandler                       0x080001ff   Thumb Code     0  startup_stm32f10x_hd.o(.text)
    TIM8_TRG_COM_IRQHandler                  0x080001ff   Thumb Code     0  startup_stm32f10x_hd.o(.text)
    TIM8_UP_IRQHandler                       0x080001ff   Thumb Code     0  startup_stm32f10x_hd.o(.text)
    UART4_IRQHandler                         0x080001ff   Thumb Code     0  startup_stm32f10x_hd.o(.text)
    UART5_IRQHandler                         0x080001ff   Thumb Code     0  startup_stm32f10x_hd.o(.text)
    USART1_IRQHandler                        0x080001ff   Thumb Code     0  startup_stm32f10x_hd.o(.text)
    USART3_IRQHandler                        0x080001ff   Thumb Code     0  startup_stm32f10x_hd.o(.text)
    USBWakeUp_IRQHandler                     0x080001ff   Thumb Code     0  startup_stm32f10x_hd.o(.text)
    USB_HP_CAN1_TX_IRQHandler                0x080001ff   Thumb Code     0  startup_stm32f10x_hd.o(.text)
    USB_LP_CAN1_RX0_IRQHandler               0x080001ff   Thumb Code     0  startup_stm32f10x_hd.o(.text)
    WWDG_IRQHandler                          0x080001ff   Thumb Code     0  startup_stm32f10x_hd.o(.text)
    __user_initial_stackheap                 0x08000201   Thumb Code     0  startup_stm32f10x_hd.o(.text)
    __use_no_semihosting                     0x08000225   Thumb Code     2  use_no_semi_2.o(.text)
    __2sprintf                               0x08000229   Thumb Code    34  noretval__2sprintf.o(.text)
    __printf                                 0x08000251   Thumb Code   308  __printf_flags_wp.o(.text)
    __aeabi_memclr4                          0x08000389   Thumb Code     0  rt_memclr_w.o(.text)
    __aeabi_memclr8                          0x08000389   Thumb Code     0  rt_memclr_w.o(.text)
    __rt_memclr_w                            0x08000389   Thumb Code    78  rt_memclr_w.o(.text)
    _memset_w                                0x0800038d   Thumb Code     0  rt_memclr_w.o(.text)
    __use_two_region_memory                  0x080003d7   Thumb Code     2  heapauxi.o(.text)
    __rt_heap_escrow                         0x080003d9   Thumb Code     2  heapauxi.o(.text)
    __rt_heap_expand                         0x080003db   Thumb Code     2  heapauxi.o(.text)
    __I$use$semihosting                      0x080003dd   Thumb Code     0  use_no_semi.o(.text)
    __use_no_semihosting_swi                 0x080003dd   Thumb Code     2  use_no_semi.o(.text)
    __read_errno                             0x080003df   Thumb Code    10  _rserrno.o(.text)
    __set_errno                              0x080003e9   Thumb Code    12  _rserrno.o(.text)
    __lib_sel_fp_printf                      0x080003f5   Thumb Code     2  _printf_fp_dec.o(.text)
    _printf_fp_dec_real                      0x080005a3   Thumb Code   620  _printf_fp_dec.o(.text)
    _printf_char_common                      0x0800081b   Thumb Code    32  _printf_char_common.o(.text)
    _sputc                                   0x08000841   Thumb Code    10  _sputc.o(.text)
    __user_libspace                          0x0800084d   Thumb Code     8  libspace.o(.text)
    __user_perproc_libspace                  0x0800084d   Thumb Code     0  libspace.o(.text)
    __user_perthread_libspace                0x0800084d   Thumb Code     0  libspace.o(.text)
    __rt_locale                              0x08000855   Thumb Code     8  rt_locale_intlibspace.o(.text)
    __aeabi_errno_addr                       0x0800085d   Thumb Code     8  rt_errno_addr_intlibspace.o(.text)
    __errno$intlibspace                      0x0800085d   Thumb Code     0  rt_errno_addr_intlibspace.o(.text)
    __rt_errno_addr$intlibspace              0x0800085d   Thumb Code     0  rt_errno_addr_intlibspace.o(.text)
    _ll_udiv10                               0x08000865   Thumb Code   138  lludiv10.o(.text)
    _printf_fp_infnan                        0x080008f1   Thumb Code   112  _printf_fp_infnan.o(.text)
    _btod_etento                             0x08000971   Thumb Code   216  bigflt0.o(.text)
    __user_setup_stackheap                   0x08000a4d   Thumb Code    74  sys_stackheap_outer.o(.text)
    exit                                     0x08000a97   Thumb Code    12  exit.o(.text)
    strcmp                                   0x08000aa5   Thumb Code   128  strcmpv7m.o(.text)
    _btod_d2e                                0x08000b25   Thumb Code    62  btod.o(CL$$btod_d2e)
    _d2e_denorm_low                          0x08000b63   Thumb Code    70  btod.o(CL$$btod_d2e_denorm_low)
    _d2e_norm_op1                            0x08000ba9   Thumb Code    96  btod.o(CL$$btod_d2e_norm_op1)
    __btod_div_common                        0x08000c09   Thumb Code   696  btod.o(CL$$btod_div_common)
    _e2e                                     0x08000f41   Thumb Code   198  btod.o(CL$$btod_e2e)
    _btod_ediv                               0x08001007   Thumb Code    40  btod.o(CL$$btod_ediv)
    _btod_emul                               0x0800102f   Thumb Code    40  btod.o(CL$$btod_emul)
    __btod_mult_common                       0x08001057   Thumb Code   580  btod.o(CL$$btod_mult_common)
    ADC1_Init                                0x0800129d   Thumb Code   132  drive_adc.o(i.ADC1_Init)
    ADC2_Init                                0x08001329   Thumb Code   132  drive_adc.o(i.ADC2_Init)
    ADC_Analysis                             0x080013b5   Thumb Code   594  drive_loadmeasure.o(i.ADC_Analysis)
    ADC_Cmd                                  0x08001621   Thumb Code    22  stm32f10x_adc.o(i.ADC_Cmd)
    ADC_DeInit                               0x08001639   Thumb Code    78  stm32f10x_adc.o(i.ADC_DeInit)
    ADC_GetCalibrationStatus                 0x08001695   Thumb Code    20  stm32f10x_adc.o(i.ADC_GetCalibrationStatus)
    ADC_GetConversionValue                   0x080016a9   Thumb Code     8  stm32f10x_adc.o(i.ADC_GetConversionValue)
    ADC_GetFlagStatus                        0x080016b1   Thumb Code    18  stm32f10x_adc.o(i.ADC_GetFlagStatus)
    ADC_GetResetCalibrationStatus            0x080016c3   Thumb Code    20  stm32f10x_adc.o(i.ADC_GetResetCalibrationStatus)
    ADC_Init                                 0x080016d9   Thumb Code    70  stm32f10x_adc.o(i.ADC_Init)
    ADC_RegularChannelConfig                 0x08001729   Thumb Code   184  stm32f10x_adc.o(i.ADC_RegularChannelConfig)
    ADC_ResetCalibration                     0x080017e1   Thumb Code    10  stm32f10x_adc.o(i.ADC_ResetCalibration)
    ADC_SoftwareStartConvCmd                 0x080017eb   Thumb Code    22  stm32f10x_adc.o(i.ADC_SoftwareStartConvCmd)
    ADC_StartCalibration                     0x08001801   Thumb Code    10  stm32f10x_adc.o(i.ADC_StartCalibration)
    ADC_Value_Get                            0x0800180d   Thumb Code   154  drive_adc.o(i.ADC_Value_Get)
    Bluetooth_Init                           0x080018b5   Thumb Code    14  drive_bluetooth.o(i.Bluetooth_Init)
    DMA1_Channel1_IRQHandler                 0x080018c3   Thumb Code    10  drive_interrupt.o(i.DMA1_Channel1_IRQHandler)
    DMA_ClearITPendingBit                    0x080018cd   Thumb Code    18  stm32f10x_dma.o(i.DMA_ClearITPendingBit)
    EXTI11_Init                              0x080018e9   Thumb Code   110  drive_exti.o(i.EXTI11_Init)
    EXTI15_10_IRQHandler                     0x0800195d   Thumb Code    26  drive_interrupt.o(i.EXTI15_10_IRQHandler)
    EXTI_ClearITPendingBit                   0x08001979   Thumb Code     6  stm32f10x_exti.o(i.EXTI_ClearITPendingBit)
    EXTI_GetITStatus                         0x08001985   Thumb Code    34  stm32f10x_exti.o(i.EXTI_GetITStatus)
    EXTI_Init                                0x080019ad   Thumb Code   142  stm32f10x_exti.o(i.EXTI_Init)
    FFT                                      0x08001a41   Thumb Code   374  drive_fft.o(i.FFT)
    FFT_Analysis                             0x08001bb9   Thumb Code   888  drive_loadmeasure.o(i.FFT_Analysis)
    FreqMeasure_IRQHandler                   0x08001fe1   Thumb Code    56  drive_freqmeasure.o(i.FreqMeasure_IRQHandler)
    FreqMeasure_Init                         0x0800202d   Thumb Code    14  drive_freqmeasure.o(i.FreqMeasure_Init)
    FreqMeasure_Read                         0x0800203d   Thumb Code    38  drive_freqmeasure.o(i.FreqMeasure_Read)
    GPIO_EXTILineConfig                      0x08002071   Thumb Code    60  stm32f10x_gpio.o(i.GPIO_EXTILineConfig)
    GPIO_Init                                0x080020b1   Thumb Code   278  stm32f10x_gpio.o(i.GPIO_Init)
    GPIO_LED_Init                            0x080021c9   Thumb Code    46  drive_gpio.o(i.GPIO_LED_Init)
    GPIO_ReadInputDataBit                    0x080021fd   Thumb Code    18  stm32f10x_gpio.o(i.GPIO_ReadInputDataBit)
    GPIO_Relay_Init                          0x08002211   Thumb Code    96  drive_gpio.o(i.GPIO_Relay_Init)
    GPIO_ResetBits                           0x08002279   Thumb Code     4  stm32f10x_gpio.o(i.GPIO_ResetBits)
    GPIO_SetBits                             0x0800227d   Thumb Code     4  stm32f10x_gpio.o(i.GPIO_SetBits)
    GPIO_WriteBit                            0x08002281   Thumb Code    10  stm32f10x_gpio.o(i.GPIO_WriteBit)
    LED_Main                                 0x0800228d   Thumb Code    20  app_led.o(i.LED_Main)
    LED_Start                                0x080022a5   Thumb Code    10  app_led.o(i.LED_Start)
    LcdDisChar                               0x080022af   Thumb Code    72  drive_oled.o(i.LcdDisChar)
    LcdDisplay_HZ                            0x080022f9   Thumb Code   172  drive_oled.o(i.LcdDisplay_HZ)
    LoadMeasure_Main                         0x080023a9   Thumb Code   150  app_loadmeasure.o(i.LoadMeasure_Main)
    LoadMeasure_Start                        0x08002465   Thumb Code    40  app_loadmeasure.o(i.LoadMeasure_Start)
    Message_CRC16_Receive                    0x080024a9   Thumb Code   110  drive_message.o(i.Message_CRC16_Receive)
    Message_CRC16_Send                       0x0800251d   Thumb Code    94  drive_message.o(i.Message_CRC16_Send)
    Message_Handle_USART2                    0x08002581   Thumb Code   206  drive_message.o(i.Message_Handle_USART2)
    Message_Main                             0x08002671   Thumb Code     4  app_message.o(i.Message_Main)
    Message_Send_USART2                      0x08002675   Thumb Code   102  drive_message.o(i.Message_Send_USART2)
    Message_Start                            0x080026ed   Thumb Code    10  app_message.o(i.Message_Start)
    NVIC_Init                                0x08002dc1   Thumb Code   100  misc.o(i.NVIC_Init)
    NVIC_PriorityGroupConfig                 0x08002e31   Thumb Code    10  misc.o(i.NVIC_PriorityGroupConfig)
    OLED_CLS                                 0x08002e45   Thumb Code    10  drive_oled.o(i.OLED_CLS)
    OLED_Fill                                0x08002e51   Thumb Code    74  drive_oled.o(i.OLED_Fill)
    OLED_Init                                0x08002ea1   Thumb Code   308  drive_oled.o(i.OLED_Init)
    OLED_SetPos                              0x08002fdd   Thumb Code    40  drive_oled.o(i.OLED_SetPos)
    OLED_WrCmd                               0x08003005   Thumb Code    78  drive_oled.o(i.OLED_WrCmd)
    OLED_WrDat                               0x0800305d   Thumb Code    78  drive_oled.o(i.OLED_WrDat)
    OSTask_Creat                             0x080030b5   Thumb Code    30  os_manage.o(i.OSTask_Creat)
    OSThread_4                               0x080030d9   Thumb Code   172  os_run.o(i.OSThread_4)
    OSThread_6                               0x08003189   Thumb Code   184  os_run.o(i.OSThread_6)
    OSThread_Free                            0x08003249   Thumb Code   188  os_run.o(i.OSThread_Free)
    OS_Clear                                 0x0800330d   Thumb Code     8  os_ui.o(i.OS_Clear)
    OS_Init                                  0x08003315   Thumb Code    32  os_startfile.o(i.OS_Init)
    OS_String_Show                           0x08003335   Thumb Code   134  os_ui.o(i.OS_String_Show)
    OS_UI_Init                               0x080033c1   Thumb Code    12  os_ui.o(i.OS_UI_Init)
    OSdelay_ms                               0x080033cd   Thumb Code    54  os_startfile.o(i.OSdelay_ms)
    OSdelay_us                               0x08003409   Thumb Code    48  os_startfile.o(i.OSdelay_us)
    PhaseMeasure_ADC_Handle                  0x0800343d   Thumb Code    86  drive_loadmeasure.o(i.PhaseMeasure_ADC_Handle)
    PhaseMeasure_End                         0x080034ad   Thumb Code    12  drive_loadmeasure.o(i.PhaseMeasure_End)
    PhaseMeasure_Start                       0x080034bd   Thumb Code   230  drive_loadmeasure.o(i.PhaseMeasure_Start)
    Phase_Limit                              0x080035c1   Thumb Code    72  drive_filter.o(i.Phase_Limit)
    RCC_ADCCLKConfig                         0x08003609   Thumb Code    18  stm32f10x_rcc.o(i.RCC_ADCCLKConfig)
    RCC_APB1PeriphClockCmd                   0x08003621   Thumb Code    26  stm32f10x_rcc.o(i.RCC_APB1PeriphClockCmd)
    RCC_APB2PeriphClockCmd                   0x08003641   Thumb Code    26  stm32f10x_rcc.o(i.RCC_APB2PeriphClockCmd)
    RCC_APB2PeriphResetCmd                   0x08003661   Thumb Code    26  stm32f10x_rcc.o(i.RCC_APB2PeriphResetCmd)
    RCC_GetClocksFreq                        0x08003681   Thumb Code   192  stm32f10x_rcc.o(i.RCC_GetClocksFreq)
    SystemInit                               0x08003899   Thumb Code    78  system_stm32f10x.o(i.SystemInit)
    TIM2_IRQHandler                          0x080038f9   Thumb Code    22  drive_interrupt.o(i.TIM2_IRQHandler)
    TIM2_Init                                0x08003915   Thumb Code    94  drive_timer.o(i.TIM2_Init)
    TIM3_IRQHandler                          0x08003975   Thumb Code    16  drive_interrupt.o(i.TIM3_IRQHandler)
    TIM3_Init                                0x08003989   Thumb Code    92  drive_timer.o(i.TIM3_Init)
    TIM4_IRQHandler                          0x080039e9   Thumb Code    16  drive_interrupt.o(i.TIM4_IRQHandler)
    TIM4_Init                                0x080039fd   Thumb Code    92  drive_timer.o(i.TIM4_Init)
    TIM5_IRQHandler                          0x08003a5d   Thumb Code    16  drive_interrupt.o(i.TIM5_IRQHandler)
    TIM6_IRQHandler                          0x08003a71   Thumb Code    22  drive_interrupt.o(i.TIM6_IRQHandler)
    TIM6_Init                                0x08003a91   Thumb Code    92  drive_timer.o(i.TIM6_Init)
    TIM_ClearITPendingBit                    0x08003af1   Thumb Code     6  stm32f10x_tim.o(i.TIM_ClearITPendingBit)
    TIM_Cmd                                  0x08003af7   Thumb Code    24  stm32f10x_tim.o(i.TIM_Cmd)
    TIM_GetCounter                           0x08003b0f   Thumb Code     6  stm32f10x_tim.o(i.TIM_GetCounter)
    TIM_ITConfig                             0x08003b15   Thumb Code    18  stm32f10x_tim.o(i.TIM_ITConfig)
    TIM_TimeBaseInit                         0x08003b29   Thumb Code   122  stm32f10x_tim.o(i.TIM_TimeBaseInit)
    USART2_IRQHandler                        0x08003bcd   Thumb Code    20  drive_interrupt.o(i.USART2_IRQHandler)
    USART_Cmd                                0x08003be5   Thumb Code    24  stm32f10x_usart.o(i.USART_Cmd)
    USART_GetFlagStatus                      0x08003bfd   Thumb Code    26  stm32f10x_usart.o(i.USART_GetFlagStatus)
    USART_GetITStatus                        0x08003c17   Thumb Code    84  stm32f10x_usart.o(i.USART_GetITStatus)
    USART_ITConfig                           0x08003c6b   Thumb Code    74  stm32f10x_usart.o(i.USART_ITConfig)
    USART_Init                               0x08003cb5   Thumb Code   210  stm32f10x_usart.o(i.USART_Init)
    USART_ReceiveData                        0x08003d8d   Thumb Code    10  stm32f10x_usart.o(i.USART_ReceiveData)
    USART_SendData                           0x08003d97   Thumb Code     8  stm32f10x_usart.o(i.USART_SendData)
    Usart2_Init                              0x08003da1   Thumb Code   156  drive_usart.o(i.Usart2_Init)
    Wn_i                                     0x08003e45   Thumb Code   190  drive_fft.o(i.Wn_i)
    __ARM_fpclassify                         0x08003f75   Thumb Code    40  fpclassify.o(i.__ARM_fpclassify)
    __ieee754_rem_pio2                       0x08003f9d   Thumb Code   828  rred.o(i.__ieee754_rem_pio2)
    __kernel_cos                             0x08004325   Thumb Code   230  cos_i.o(i.__kernel_cos)
    __kernel_poly                            0x08004421   Thumb Code   170  poly.o(i.__kernel_poly)
    __kernel_sin                             0x080044cd   Thumb Code   224  sin_i.o(i.__kernel_sin)
    __mathlib_dbl_divzero                    0x080045b9   Thumb Code    12  dunder.o(i.__mathlib_dbl_divzero)
    __mathlib_dbl_infnan                     0x080045c9   Thumb Code     6  dunder.o(i.__mathlib_dbl_infnan)
    __mathlib_dbl_infnan2                    0x080045cf   Thumb Code     4  dunder.o(i.__mathlib_dbl_infnan2)
    __mathlib_dbl_invalid                    0x080045d3   Thumb Code    12  dunder.o(i.__mathlib_dbl_invalid)
    __mathlib_dbl_overflow                   0x080045df   Thumb Code    14  dunder.o(i.__mathlib_dbl_overflow)
    __mathlib_dbl_underflow                  0x080045ed   Thumb Code    10  dunder.o(i.__mathlib_dbl_underflow)
    _is_digit                                0x080045fd   Thumb Code    14  __printf_wp.o(i._is_digit)
    _sys_exit                                0x0800460b   Thumb Code     4  drive_usart.o(i._sys_exit)
    acos                                     0x08004611   Thumb Code   574  acos.o(i.acos)
    atan                                     0x0800488d   Thumb Code   474  atan.o(i.atan)
    atan2                                    0x08004aad   Thumb Code   346  atan2.o(i.atan2)
    c_mul                                    0x08004c2d   Thumb Code    62  drive_fft.o(i.c_mul)
    c_plus                                   0x08004c6b   Thumb Code    26  drive_fft.o(i.c_plus)
    c_sub                                    0x08004c85   Thumb Code    26  drive_fft.o(i.c_sub)
    cos                                      0x08004ca1   Thumb Code   148  cos.o(i.cos)
    main                                     0x08004d3d   Thumb Code    30  main.o(i.main)
    pow                                      0x08004d69   Thumb Code  2478  pow.o(i.pow)
    sin                                      0x08005721   Thumb Code   150  sin.o(i.sin)
    sqrt                                     0x080057c1   Thumb Code    76  sqrt.o(i.sqrt)
    _get_lc_numeric                          0x0800580d   Thumb Code    44  lc_numeric_c.o(locale$$code)
    __aeabi_d2f                              0x08005839   Thumb Code     0  d2f.o(x$fpl$d2f)
    _d2f                                     0x08005839   Thumb Code    98  d2f.o(x$fpl$d2f)
    __aeabi_dadd                             0x0800589d   Thumb Code     0  daddsub_clz.o(x$fpl$dadd)
    _dadd                                    0x0800589d   Thumb Code   332  daddsub_clz.o(x$fpl$dadd)
    __fpl_dcheck_NaN1                        0x080059ed   Thumb Code    10  dcheck1.o(x$fpl$dcheck1)
    __fpl_dcmp_Inf                           0x080059fd   Thumb Code    24  dcmpi.o(x$fpl$dcmpinf)
    __aeabi_ddiv                             0x08005a15   Thumb Code     0  ddiv.o(x$fpl$ddiv)
    _ddiv                                    0x08005a15   Thumb Code   552  ddiv.o(x$fpl$ddiv)
    __aeabi_d2iz                             0x08005cc5   Thumb Code     0  dfix.o(x$fpl$dfix)
    _dfix                                    0x08005cc5   Thumb Code    94  dfix.o(x$fpl$dfix)
    __aeabi_d2uiz                            0x08005d25   Thumb Code     0  dfixu.o(x$fpl$dfixu)
    _dfixu                                   0x08005d25   Thumb Code    90  dfixu.o(x$fpl$dfixu)
    __aeabi_i2d                              0x08005d7f   Thumb Code     0  dflt_clz.o(x$fpl$dflt)
    _dflt                                    0x08005d7f   Thumb Code    46  dflt_clz.o(x$fpl$dflt)
    __aeabi_ui2d                             0x08005dad   Thumb Code     0  dflt_clz.o(x$fpl$dfltu)
    _dfltu                                   0x08005dad   Thumb Code    38  dflt_clz.o(x$fpl$dfltu)
    __aeabi_cdcmple                          0x08005dd5   Thumb Code     0  dleqf.o(x$fpl$dleqf)
    _dcmple                                  0x08005dd5   Thumb Code   120  dleqf.o(x$fpl$dleqf)
    __fpl_dcmple_InfNaN                      0x08005e37   Thumb Code     0  dleqf.o(x$fpl$dleqf)
    __aeabi_dmul                             0x08005e4d   Thumb Code     0  dmul.o(x$fpl$dmul)
    _dmul                                    0x08005e4d   Thumb Code   332  dmul.o(x$fpl$dmul)
    __fpl_dnaninf                            0x08005fa1   Thumb Code   156  dnaninf.o(x$fpl$dnaninf)
    __fpl_dretinf                            0x0800603d   Thumb Code    12  dretinf.o(x$fpl$dretinf)
    __aeabi_cdrcmple                         0x08006049   Thumb Code     0  drleqf.o(x$fpl$drleqf)
    _drcmple                                 0x08006049   Thumb Code   108  drleqf.o(x$fpl$drleqf)
    __aeabi_drsub                            0x080060b5   Thumb Code     0  daddsub_clz.o(x$fpl$drsb)
    _drsb                                    0x080060b5   Thumb Code    22  daddsub_clz.o(x$fpl$drsb)
    _dsqrt                                   0x080060cd   Thumb Code   456  dsqrt_noumaal.o(x$fpl$dsqrt)
    __aeabi_dsub                             0x08006299   Thumb Code     0  daddsub_clz.o(x$fpl$dsub)
    _dsub                                    0x08006299   Thumb Code   464  daddsub_clz.o(x$fpl$dsub)
    __aeabi_f2d                              0x0800646d   Thumb Code     0  f2d.o(x$fpl$f2d)
    _f2d                                     0x0800646d   Thumb Code    86  f2d.o(x$fpl$f2d)
    __aeabi_fadd                             0x080064c5   Thumb Code     0  faddsub_clz.o(x$fpl$fadd)
    _fadd                                    0x080064c5   Thumb Code   196  faddsub_clz.o(x$fpl$fadd)
    __fpl_fcmp_Inf                           0x08006589   Thumb Code    24  fcmpi.o(x$fpl$fcmpinf)
    __aeabi_fdiv                             0x080065a1   Thumb Code     0  fdiv.o(x$fpl$fdiv)
    _fdiv                                    0x080065a1   Thumb Code   384  fdiv.o(x$fpl$fdiv)
    __aeabi_f2iz                             0x08006725   Thumb Code     0  ffix.o(x$fpl$ffix)
    _ffix                                    0x08006725   Thumb Code    54  ffix.o(x$fpl$ffix)
    __aeabi_i2f                              0x0800675d   Thumb Code     0  fflt_clz.o(x$fpl$fflt)
    _fflt                                    0x0800675d   Thumb Code    48  fflt_clz.o(x$fpl$fflt)
    __aeabi_ui2f                             0x0800678d   Thumb Code     0  fflt_clz.o(x$fpl$ffltu)
    _ffltu                                   0x0800678d   Thumb Code    38  fflt_clz.o(x$fpl$ffltu)
    __aeabi_cfcmple                          0x080067b5   Thumb Code     0  fleqf.o(x$fpl$fleqf)
    _fcmple                                  0x080067b5   Thumb Code   104  fleqf.o(x$fpl$fleqf)
    __fpl_fcmple_InfNaN                      0x08006807   Thumb Code     0  fleqf.o(x$fpl$fleqf)
    __aeabi_fmul                             0x0800681d   Thumb Code     0  fmul.o(x$fpl$fmul)
    _fmul                                    0x0800681d   Thumb Code   258  fmul.o(x$fpl$fmul)
    __fpl_fnaninf                            0x0800691f   Thumb Code   140  fnaninf.o(x$fpl$fnaninf)
    __fpl_fretinf                            0x080069ab   Thumb Code    10  fretinf.o(x$fpl$fretinf)
    __aeabi_cfrcmple                         0x080069b5   Thumb Code     0  frleqf.o(x$fpl$frleqf)
    _frcmple                                 0x080069b5   Thumb Code    98  frleqf.o(x$fpl$frleqf)
    __aeabi_frsub                            0x08006a17   Thumb Code     0  faddsub_clz.o(x$fpl$frsb)
    _frsb                                    0x08006a17   Thumb Code    20  faddsub_clz.o(x$fpl$frsb)
    __aeabi_fsub                             0x08006a2d   Thumb Code     0  faddsub_clz.o(x$fpl$fsub)
    _fsub                                    0x08006a2d   Thumb Code   234  faddsub_clz.o(x$fpl$fsub)
    _printf_fp_dec                           0x08006b17   Thumb Code     4  printf1.o(x$fpl$printf1)
    __fpl_return_NaN                         0x08006b1b   Thumb Code   100  retnan.o(x$fpl$retnan)
    __ARM_scalbn                             0x08006b7f   Thumb Code    92  scalbn.o(x$fpl$scalbn)
    __fpl_cmpreturn                          0x08006bdb   Thumb Code    48  trapv.o(x$fpl$trapveneer)
    MESSAGE_BYTE                             0x08006c0a   Data          12  drive_message.o(.constdata)
    __I$use$fp                               0x08006c0a   Number         0  usenofp.o(x$fpl$usenofp)
    MESSAGE_MASTER_BYTE                      0x08006c16   Data          12  drive_message.o(.constdata)
    __mathlib_zero                           0x08006dd8   Data           8  qnan.o(.constdata)
    Region$$Table$$Base                      0x08006f7c   Number         0  anon$$obj.o(Region$$Table)
    Region$$Table$$Limit                     0x08006f9c   Number         0  anon$$obj.o(Region$$Table)
    Message_Update_Flag                      0x20000000   Data           1  app_message.o(.data)
    App_Message                              0x20000004   Data          36  app_message.o(.data)
    App_LoadMeasure                          0x20000028   Data          36  app_loadmeasure.o(.data)
    App_LED                                  0x2000004c   Data          36  app_led.o(.data)
    OS_Msg                                   0x20000070   Data           4  os_startfile.o(.data)
    OS_Error                                 0x20000074   Data           4  os_startfile.o(.data)
    OS_Clock                                 0x20000078   Data           4  os_startfile.o(.data)
    os_fosc                                  0x2000007c   Data           4  os_startfile.o(.data)
    PhaseMeasure_State                       0x20000082   Data           1  drive_loadmeasure.o(.data)
    Time_12M_Over                            0x20000094   Data           4  drive_timer.o(.data)
    AppHead                                  0x200000b8   Data          36  os_manage.o(.bss)
    ADC_Buff_V                               0x200000dc   Data        2048  drive_loadmeasure.o(.bss)
    ADC_Buff_I                               0x200008dc   Data        2048  drive_loadmeasure.o(.bss)
    ADC_Result                               0x200010dc   Data          60  drive_loadmeasure.o(.bss)
    FFT_Result                               0x20001118   Data          76  drive_loadmeasure.o(.bss)
    Message_USART2                           0x20001164   Data         399  drive_message.o(.bss)
    __libspace_start                         0x200012f4   Data          96  libspace.o(.bss)
    __temporary_stack_top$libspace           0x20001354   Data           0  libspace.o(.bss)



==============================================================================

Memory Map of the image

  Image Entry point : 0x08000131

  Load Region LR_IROM1 (Base: 0x08000000, Size: 0x00007070, Max: 0x00040000, ABSOLUTE)

    Execution Region ER_IROM1 (Base: 0x08000000, Size: 0x00006fb8, Max: 0x00040000, ABSOLUTE)

    Base Addr    Size         Type   Attr      Idx    E Section Name        Object

    0x08000000   0x00000130   Data   RO         1147    RESET               startup_stm32f10x_hd.o
    0x08000130   0x00000008   Code   RO         2819  * !!!main             c_w.l(__main.o)
    0x08000138   0x00000034   Code   RO         3268    !!!scatter          c_w.l(__scatter.o)
    0x0800016c   0x0000001a   Code   RO         3270    !!handler_copy      c_w.l(__scatter_copy.o)
    0x08000186   0x00000002   PAD
    0x08000188   0x0000001c   Code   RO         3272    !!handler_zi        c_w.l(__scatter_zi.o)
    0x080001a4   0x00000000   Code   RO         2812    .ARM.Collect$$_printf_percent$$00000000  c_w.l(_printf_percent.o)
    0x080001a4   0x00000006   Code   RO         2811    .ARM.Collect$$_printf_percent$$00000003  c_w.l(_printf_f.o)
    0x080001aa   0x00000004   Code   RO         2981    .ARM.Collect$$_printf_percent$$00000017  c_w.l(_printf_percent_end.o)
    0x080001ae   0x00000002   Code   RO         3199    .ARM.Collect$$libinit$$00000000  c_w.l(libinit.o)
    0x080001b0   0x00000000   Code   RO         3126    .ARM.Collect$$libinit$$00000002  c_w.l(libinit2.o)
    0x080001b0   0x00000000   Code   RO         3128    .ARM.Collect$$libinit$$00000004  c_w.l(libinit2.o)
    0x080001b0   0x00000000   Code   RO         3131    .ARM.Collect$$libinit$$0000000A  c_w.l(libinit2.o)
    0x080001b0   0x00000000   Code   RO         3133    .ARM.Collect$$libinit$$0000000C  c_w.l(libinit2.o)
    0x080001b0   0x00000000   Code   RO         3135    .ARM.Collect$$libinit$$0000000E  c_w.l(libinit2.o)
    0x080001b0   0x00000006   Code   RO         3136    .ARM.Collect$$libinit$$0000000F  c_w.l(libinit2.o)
    0x080001b6   0x00000000   Code   RO         3138    .ARM.Collect$$libinit$$00000011  c_w.l(libinit2.o)
    0x080001b6   0x00000000   Code   RO         3140    .ARM.Collect$$libinit$$00000013  c_w.l(libinit2.o)
    0x080001b6   0x00000000   Code   RO         3142    .ARM.Collect$$libinit$$00000015  c_w.l(libinit2.o)
    0x080001b6   0x0000000a   Code   RO         3143    .ARM.Collect$$libinit$$00000016  c_w.l(libinit2.o)
    0x080001c0   0x00000000   Code   RO         3144    .ARM.Collect$$libinit$$00000017  c_w.l(libinit2.o)
    0x080001c0   0x00000000   Code   RO         3146    .ARM.Collect$$libinit$$00000019  c_w.l(libinit2.o)
    0x080001c0   0x00000000   Code   RO         3148    .ARM.Collect$$libinit$$0000001B  c_w.l(libinit2.o)
    0x080001c0   0x00000000   Code   RO         3150    .ARM.Collect$$libinit$$0000001D  c_w.l(libinit2.o)
    0x080001c0   0x00000000   Code   RO         3152    .ARM.Collect$$libinit$$0000001F  c_w.l(libinit2.o)
    0x080001c0   0x00000000   Code   RO         3154    .ARM.Collect$$libinit$$00000021  c_w.l(libinit2.o)
    0x080001c0   0x00000000   Code   RO         3156    .ARM.Collect$$libinit$$00000023  c_w.l(libinit2.o)
    0x080001c0   0x00000000   Code   RO         3158    .ARM.Collect$$libinit$$00000025  c_w.l(libinit2.o)
    0x080001c0   0x00000000   Code   RO         3162    .ARM.Collect$$libinit$$0000002C  c_w.l(libinit2.o)
    0x080001c0   0x00000000   Code   RO         3164    .ARM.Collect$$libinit$$0000002E  c_w.l(libinit2.o)
    0x080001c0   0x00000000   Code   RO         3166    .ARM.Collect$$libinit$$00000030  c_w.l(libinit2.o)
    0x080001c0   0x00000000   Code   RO         3168    .ARM.Collect$$libinit$$00000032  c_w.l(libinit2.o)
    0x080001c0   0x00000002   Code   RO         3169    .ARM.Collect$$libinit$$00000033  c_w.l(libinit2.o)
    0x080001c2   0x00000002   Code   RO         3265    .ARM.Collect$$libshutdown$$00000000  c_w.l(libshutdown.o)
    0x080001c4   0x00000000   Code   RO         3221    .ARM.Collect$$libshutdown$$00000003  c_w.l(libshutdown2.o)
    0x080001c4   0x00000000   Code   RO         3224    .ARM.Collect$$libshutdown$$00000006  c_w.l(libshutdown2.o)
    0x080001c4   0x00000000   Code   RO         3227    .ARM.Collect$$libshutdown$$00000009  c_w.l(libshutdown2.o)
    0x080001c4   0x00000000   Code   RO         3229    .ARM.Collect$$libshutdown$$0000000B  c_w.l(libshutdown2.o)
    0x080001c4   0x00000000   Code   RO         3232    .ARM.Collect$$libshutdown$$0000000E  c_w.l(libshutdown2.o)
    0x080001c4   0x00000002   Code   RO         3233    .ARM.Collect$$libshutdown$$0000000F  c_w.l(libshutdown2.o)
    0x080001c6   0x00000000   Code   RO         2943    .ARM.Collect$$rtentry$$00000000  c_w.l(__rtentry.o)
    0x080001c6   0x00000000   Code   RO         3048    .ARM.Collect$$rtentry$$00000002  c_w.l(__rtentry2.o)
    0x080001c6   0x00000006   Code   RO         3060    .ARM.Collect$$rtentry$$00000004  c_w.l(__rtentry4.o)
    0x080001cc   0x00000000   Code   RO         3050    .ARM.Collect$$rtentry$$00000009  c_w.l(__rtentry2.o)
    0x080001cc   0x00000004   Code   RO         3051    .ARM.Collect$$rtentry$$0000000A  c_w.l(__rtentry2.o)
    0x080001d0   0x00000000   Code   RO         3053    .ARM.Collect$$rtentry$$0000000C  c_w.l(__rtentry2.o)
    0x080001d0   0x00000008   Code   RO         3054    .ARM.Collect$$rtentry$$0000000D  c_w.l(__rtentry2.o)
    0x080001d8   0x00000002   Code   RO         3205    .ARM.Collect$$rtexit$$00000000  c_w.l(rtexit.o)
    0x080001da   0x00000000   Code   RO         3239    .ARM.Collect$$rtexit$$00000002  c_w.l(rtexit2.o)
    0x080001da   0x00000004   Code   RO         3240    .ARM.Collect$$rtexit$$00000003  c_w.l(rtexit2.o)
    0x080001de   0x00000006   Code   RO         3241    .ARM.Collect$$rtexit$$00000004  c_w.l(rtexit2.o)
    0x080001e4   0x00000040   Code   RO         1148    .text               startup_stm32f10x_hd.o
    0x08000224   0x00000002   Code   RO         2724    .text               c_w.l(use_no_semi_2.o)
    0x08000226   0x00000002   PAD
    0x08000228   0x00000028   Code   RO         2784    .text               c_w.l(noretval__2sprintf.o)
    0x08000250   0x00000138   Code   RO         2802    .text               c_w.l(__printf_flags_wp.o)
    0x08000388   0x0000004e   Code   RO         2815    .text               c_w.l(rt_memclr_w.o)
    0x080003d6   0x00000006   Code   RO         2817    .text               c_w.l(heapauxi.o)
    0x080003dc   0x00000002   Code   RO         2939    .text               c_w.l(use_no_semi.o)
    0x080003de   0x00000016   Code   RO         2971    .text               c_w.l(_rserrno.o)
    0x080003f4   0x0000041a   Code   RO         2975    .text               c_w.l(_printf_fp_dec.o)
    0x0800080e   0x00000002   PAD
    0x08000810   0x00000030   Code   RO         2977    .text               c_w.l(_printf_char_common.o)
    0x08000840   0x0000000a   Code   RO         2979    .text               c_w.l(_sputc.o)
    0x0800084a   0x00000002   PAD
    0x0800084c   0x00000008   Code   RO         3044    .text               c_w.l(libspace.o)
    0x08000854   0x00000008   Code   RO         3065    .text               c_w.l(rt_locale_intlibspace.o)
    0x0800085c   0x00000008   Code   RO         3070    .text               c_w.l(rt_errno_addr_intlibspace.o)
    0x08000864   0x0000008a   Code   RO         3082    .text               c_w.l(lludiv10.o)
    0x080008ee   0x00000002   PAD
    0x080008f0   0x00000080   Code   RO         3084    .text               c_w.l(_printf_fp_infnan.o)
    0x08000970   0x000000dc   Code   RO         3088    .text               c_w.l(bigflt0.o)
    0x08000a4c   0x0000004a   Code   RO         3176    .text               c_w.l(sys_stackheap_outer.o)
    0x08000a96   0x0000000c   Code   RO         3184    .text               c_w.l(exit.o)
    0x08000aa2   0x00000002   PAD
    0x08000aa4   0x00000080   Code   RO         3190    .text               c_w.l(strcmpv7m.o)
    0x08000b24   0x0000003e   Code   RO         3091    CL$$btod_d2e        c_w.l(btod.o)
    0x08000b62   0x00000046   Code   RO         3093    CL$$btod_d2e_denorm_low  c_w.l(btod.o)
    0x08000ba8   0x00000060   Code   RO         3092    CL$$btod_d2e_norm_op1  c_w.l(btod.o)
    0x08000c08   0x00000338   Code   RO         3101    CL$$btod_div_common  c_w.l(btod.o)
    0x08000f40   0x000000c6   Code   RO         3098    CL$$btod_e2e        c_w.l(btod.o)
    0x08001006   0x00000028   Code   RO         3095    CL$$btod_ediv       c_w.l(btod.o)
    0x0800102e   0x00000028   Code   RO         3094    CL$$btod_emul       c_w.l(btod.o)
    0x08001056   0x00000244   Code   RO         3100    CL$$btod_mult_common  c_w.l(btod.o)
    0x0800129a   0x00000002   PAD
    0x0800129c   0x0000008c   Code   RO          977    i.ADC1_Init         drive_adc.o
    0x08001328   0x0000008c   Code   RO          980    i.ADC2_Init         drive_adc.o
    0x080013b4   0x0000026c   Code   RO          537    i.ADC_Analysis      drive_loadmeasure.o
    0x08001620   0x00000016   Code   RO         1460    i.ADC_Cmd           stm32f10x_adc.o
    0x08001636   0x00000002   PAD
    0x08001638   0x0000005c   Code   RO         1462    i.ADC_DeInit        stm32f10x_adc.o
    0x08001694   0x00000014   Code   RO         1468    i.ADC_GetCalibrationStatus  stm32f10x_adc.o
    0x080016a8   0x00000008   Code   RO         1469    i.ADC_GetConversionValue  stm32f10x_adc.o
    0x080016b0   0x00000012   Code   RO         1471    i.ADC_GetFlagStatus  stm32f10x_adc.o
    0x080016c2   0x00000014   Code   RO         1474    i.ADC_GetResetCalibrationStatus  stm32f10x_adc.o
    0x080016d6   0x00000002   PAD
    0x080016d8   0x00000050   Code   RO         1478    i.ADC_Init          stm32f10x_adc.o
    0x08001728   0x000000b8   Code   RO         1482    i.ADC_RegularChannelConfig  stm32f10x_adc.o
    0x080017e0   0x0000000a   Code   RO         1483    i.ADC_ResetCalibration  stm32f10x_adc.o
    0x080017ea   0x00000016   Code   RO         1485    i.ADC_SoftwareStartConvCmd  stm32f10x_adc.o
    0x08001800   0x0000000a   Code   RO         1487    i.ADC_StartCalibration  stm32f10x_adc.o
    0x0800180a   0x00000002   PAD
    0x0800180c   0x000000a8   Code   RO          981    i.ADC_Value_Get     drive_adc.o
    0x080018b4   0x0000000e   Code   RO          624    i.Bluetooth_Init    drive_bluetooth.o
    0x080018c2   0x0000000a   Code   RO          684    i.DMA1_Channel1_IRQHandler  drive_interrupt.o
    0x080018cc   0x0000001c   Code   RO         2471    i.DMA_ClearITPendingBit  stm32f10x_dma.o
    0x080018e8   0x00000074   Code   RO          960    i.EXTI11_Init       drive_exti.o
    0x0800195c   0x0000001a   Code   RO          685    i.EXTI15_10_IRQHandler  drive_interrupt.o
    0x08001976   0x00000002   PAD
    0x08001978   0x0000000c   Code   RO         1791    i.EXTI_ClearITPendingBit  stm32f10x_exti.o
    0x08001984   0x00000028   Code   RO         1795    i.EXTI_GetITStatus  stm32f10x_exti.o
    0x080019ac   0x00000094   Code   RO         1796    i.EXTI_Init         stm32f10x_exti.o
    0x08001a40   0x00000176   Code   RO         1082    i.FFT               drive_fft.o
    0x08001bb6   0x00000002   PAD
    0x08001bb8   0x00000398   Code   RO          538    i.FFT_Analysis      drive_loadmeasure.o
    0x08001f50   0x00000018   Code   RO          813    i.FF_CLK            drive_oled.o
    0x08001f68   0x00000018   Code   RO          814    i.FF_CS             drive_oled.o
    0x08001f80   0x00000048   Code   RO          815    i.FF_Init           drive_oled.o
    0x08001fc8   0x00000018   Code   RO          816    i.FF_SO             drive_oled.o
    0x08001fe0   0x0000004c   Code   RO         1047    i.FreqMeasure_IRQHandler  drive_freqmeasure.o
    0x0800202c   0x0000000e   Code   RO         1048    i.FreqMeasure_Init  drive_freqmeasure.o
    0x0800203a   0x00000002   PAD
    0x0800203c   0x00000034   Code   RO         1049    i.FreqMeasure_Read  drive_freqmeasure.o
    0x08002070   0x00000040   Code   RO         1679    i.GPIO_EXTILineConfig  stm32f10x_gpio.o
    0x080020b0   0x00000116   Code   RO         1682    i.GPIO_Init         stm32f10x_gpio.o
    0x080021c6   0x00000002   PAD
    0x080021c8   0x00000034   Code   RO          781    i.GPIO_LED_Init     drive_gpio.o
    0x080021fc   0x00000012   Code   RO         1686    i.GPIO_ReadInputDataBit  stm32f10x_gpio.o
    0x0800220e   0x00000002   PAD
    0x08002210   0x00000068   Code   RO          782    i.GPIO_Relay_Init   drive_gpio.o
    0x08002278   0x00000004   Code   RO         1689    i.GPIO_ResetBits    stm32f10x_gpio.o
    0x0800227c   0x00000004   Code   RO         1690    i.GPIO_SetBits      stm32f10x_gpio.o
    0x08002280   0x0000000a   Code   RO         1693    i.GPIO_WriteBit     stm32f10x_gpio.o
    0x0800228a   0x00000002   PAD
    0x0800228c   0x00000018   Code   RO          261    i.LED_Main          app_led.o
    0x080022a4   0x0000000a   Code   RO          262    i.LED_Start         app_led.o
    0x080022ae   0x00000048   Code   RO          817    i.LcdDisChar        drive_oled.o
    0x080022f6   0x00000002   PAD
    0x080022f8   0x000000b0   Code   RO          819    i.LcdDisplay_HZ     drive_oled.o
    0x080023a8   0x000000bc   Code   RO          208    i.LoadMeasure_Main  app_loadmeasure.o
    0x08002464   0x00000034   Code   RO          209    i.LoadMeasure_Start  app_loadmeasure.o
    0x08002498   0x00000010   Code   RO          580    i.Message_Analysis  drive_message.o
    0x080024a8   0x00000074   Code   RO          581    i.Message_CRC16_Receive  drive_message.o
    0x0800251c   0x00000064   Code   RO          582    i.Message_CRC16_Send  drive_message.o
    0x08002580   0x000000f0   Code   RO          583    i.Message_Handle_USART2  drive_message.o
    0x08002670   0x00000004   Code   RO            1    i.Message_Main      app_message.o
    0x08002674   0x00000078   Code   RO          584    i.Message_Send_USART2  drive_message.o
    0x080026ec   0x0000000a   Code   RO            2    i.Message_Start     app_message.o
    0x080026f6   0x00000002   PAD
    0x080026f8   0x000006c8   Code   RO          210    i.Message_Updata    app_loadmeasure.o
    0x08002dc0   0x00000070   Code   RO         1218    i.NVIC_Init         misc.o
    0x08002e30   0x00000014   Code   RO         1219    i.NVIC_PriorityGroupConfig  misc.o
    0x08002e44   0x0000000a   Code   RO          822    i.OLED_CLS          drive_oled.o
    0x08002e4e   0x00000002   PAD
    0x08002e50   0x00000050   Code   RO          823    i.OLED_Fill         drive_oled.o
    0x08002ea0   0x0000013c   Code   RO          824    i.OLED_Init         drive_oled.o
    0x08002fdc   0x00000028   Code   RO          825    i.OLED_SetPos       drive_oled.o
    0x08003004   0x00000058   Code   RO          826    i.OLED_WrCmd        drive_oled.o
    0x0800305c   0x00000058   Code   RO          827    i.OLED_WrDat        drive_oled.o
    0x080030b4   0x00000024   Code   RO          363    i.OSTask_Creat      os_manage.o
    0x080030d8   0x000000b0   Code   RO          469    i.OSThread_4        os_run.o
    0x08003188   0x000000c0   Code   RO          471    i.OSThread_6        os_run.o
    0x08003248   0x000000c4   Code   RO          473    i.OSThread_Free     os_run.o
    0x0800330c   0x00000008   Code   RO          428    i.OS_Clear          os_ui.o
    0x08003314   0x00000020   Code   RO          298    i.OS_Init           os_startfile.o
    0x08003334   0x0000008c   Code   RO          431    i.OS_String_Show    os_ui.o
    0x080033c0   0x0000000c   Code   RO          432    i.OS_UI_Init        os_ui.o
    0x080033cc   0x0000003c   Code   RO          299    i.OSdelay_ms        os_startfile.o
    0x08003408   0x00000034   Code   RO          301    i.OSdelay_us        os_startfile.o
    0x0800343c   0x00000070   Code   RO          539    i.PhaseMeasure_ADC_Handle  drive_loadmeasure.o
    0x080034ac   0x00000010   Code   RO          540    i.PhaseMeasure_End  drive_loadmeasure.o
    0x080034bc   0x00000104   Code   RO          541    i.PhaseMeasure_Start  drive_loadmeasure.o
    0x080035c0   0x00000048   Code   RO          744    i.Phase_Limit       drive_filter.o
    0x08003608   0x00000018   Code   RO         1254    i.RCC_ADCCLKConfig  stm32f10x_rcc.o
    0x08003620   0x00000020   Code   RO         1256    i.RCC_APB1PeriphClockCmd  stm32f10x_rcc.o
    0x08003640   0x00000020   Code   RO         1258    i.RCC_APB2PeriphClockCmd  stm32f10x_rcc.o
    0x08003660   0x00000020   Code   RO         1259    i.RCC_APB2PeriphResetCmd  stm32f10x_rcc.o
    0x08003680   0x000000d4   Code   RO         1266    i.RCC_GetClocksFreq  stm32f10x_rcc.o
    0x08003754   0x0000005c   Code   RO          828    i.Read_FLASH        drive_oled.o
    0x080037b0   0x00000008   Code   RO         1152    i.SetSysClock       system_stm32f10x.o
    0x080037b8   0x000000e0   Code   RO         1153    i.SetSysClockTo72   system_stm32f10x.o
    0x08003898   0x00000060   Code   RO         1155    i.SystemInit        system_stm32f10x.o
    0x080038f8   0x0000001c   Code   RO          686    i.TIM2_IRQHandler   drive_interrupt.o
    0x08003914   0x0000005e   Code   RO          918    i.TIM2_Init         drive_timer.o
    0x08003972   0x00000002   PAD
    0x08003974   0x00000014   Code   RO          687    i.TIM3_IRQHandler   drive_interrupt.o
    0x08003988   0x00000060   Code   RO          919    i.TIM3_Init         drive_timer.o
    0x080039e8   0x00000014   Code   RO          688    i.TIM4_IRQHandler   drive_interrupt.o
    0x080039fc   0x00000060   Code   RO          920    i.TIM4_Init         drive_timer.o
    0x08003a5c   0x00000014   Code   RO          689    i.TIM5_IRQHandler   drive_interrupt.o
    0x08003a70   0x00000020   Code   RO          690    i.TIM6_IRQHandler   drive_interrupt.o
    0x08003a90   0x00000060   Code   RO          922    i.TIM6_Init         drive_timer.o
    0x08003af0   0x00000006   Code   RO         1855    i.TIM_ClearITPendingBit  stm32f10x_tim.o
    0x08003af6   0x00000018   Code   RO         1860    i.TIM_Cmd           stm32f10x_tim.o
    0x08003b0e   0x00000006   Code   RO         1879    i.TIM_GetCounter    stm32f10x_tim.o
    0x08003b14   0x00000012   Code   RO         1885    i.TIM_ITConfig      stm32f10x_tim.o
    0x08003b26   0x00000002   PAD
    0x08003b28   0x000000a4   Code   RO         1931    i.TIM_TimeBaseInit  stm32f10x_tim.o
    0x08003bcc   0x00000018   Code   RO          691    i.USART2_IRQHandler  drive_interrupt.o
    0x08003be4   0x00000018   Code   RO         2546    i.USART_Cmd         stm32f10x_usart.o
    0x08003bfc   0x0000001a   Code   RO         2549    i.USART_GetFlagStatus  stm32f10x_usart.o
    0x08003c16   0x00000054   Code   RO         2550    i.USART_GetITStatus  stm32f10x_usart.o
    0x08003c6a   0x0000004a   Code   RO         2552    i.USART_ITConfig    stm32f10x_usart.o
    0x08003cb4   0x000000d8   Code   RO         2553    i.USART_Init        stm32f10x_usart.o
    0x08003d8c   0x0000000a   Code   RO         2560    i.USART_ReceiveData  stm32f10x_usart.o
    0x08003d96   0x00000008   Code   RO         2563    i.USART_SendData    stm32f10x_usart.o
    0x08003d9e   0x00000002   PAD
    0x08003da0   0x000000a4   Code   RO          645    i.Usart2_Init       drive_usart.o
    0x08003e44   0x000000c4   Code   RO         1084    i.Wn_i              drive_fft.o
    0x08003f08   0x0000006c   Code   RO          829    i.Write_FF          drive_oled.o
    0x08003f74   0x00000028   Code   RO         3028    i.__ARM_fpclassify  m_ws.l(fpclassify.o)
    0x08003f9c   0x00000388   Code   RO         3033    i.__ieee754_rem_pio2  m_ws.l(rred.o)
    0x08004324   0x000000fc   Code   RO         3011    i.__kernel_cos      m_ws.l(cos_i.o)
    0x08004420   0x000000aa   Code   RO         3030    i.__kernel_poly     m_ws.l(poly.o)
    0x080044ca   0x00000002   PAD
    0x080044cc   0x000000ec   Code   RO         3038    i.__kernel_sin      m_ws.l(sin_i.o)
    0x080045b8   0x00000010   Code   RO         3014    i.__mathlib_dbl_divzero  m_ws.l(dunder.o)
    0x080045c8   0x00000006   Code   RO         3015    i.__mathlib_dbl_infnan  m_ws.l(dunder.o)
    0x080045ce   0x00000004   Code   RO         3016    i.__mathlib_dbl_infnan2  m_ws.l(dunder.o)
    0x080045d2   0x0000000c   Code   RO         3017    i.__mathlib_dbl_invalid  m_ws.l(dunder.o)
    0x080045de   0x0000000e   Code   RO         3018    i.__mathlib_dbl_overflow  m_ws.l(dunder.o)
    0x080045ec   0x00000010   Code   RO         3020    i.__mathlib_dbl_underflow  m_ws.l(dunder.o)
    0x080045fc   0x0000000e   Code   RO         2800    i._is_digit         c_w.l(__printf_wp.o)
    0x0800460a   0x00000004   Code   RO          646    i._sys_exit         drive_usart.o
    0x0800460e   0x00000002   PAD
    0x08004610   0x0000027c   Code   RO         2888    i.acos              m_ws.l(acos.o)
    0x0800488c   0x00000220   Code   RO         3002    i.atan              m_ws.l(atan.o)
    0x08004aac   0x00000180   Code   RO         2898    i.atan2             m_ws.l(atan2.o)
    0x08004c2c   0x0000003e   Code   RO         1087    i.c_mul             drive_fft.o
    0x08004c6a   0x0000001a   Code   RO         1088    i.c_plus            drive_fft.o
    0x08004c84   0x0000001a   Code   RO         1089    i.c_sub             drive_fft.o
    0x08004c9e   0x00000002   PAD
    0x08004ca0   0x0000009c   Code   RO         2906    i.cos               m_ws.l(cos.o)
    0x08004d3c   0x0000002c   Code   RO          286    i.main              main.o
    0x08004d68   0x000009b8   Code   RO         2914    i.pow               m_ws.l(pow.o)
    0x08005720   0x000000a0   Code   RO         2924    i.sin               m_ws.l(sin.o)
    0x080057c0   0x0000004c   Code   RO         2932    i.sqrt              m_ws.l(sqrt.o)
    0x0800580c   0x0000002c   Code   RO         3114    locale$$code        c_w.l(lc_numeric_c.o)
    0x08005838   0x00000062   Code   RO         2821    x$fpl$d2f           fz_ws.l(d2f.o)
    0x0800589a   0x00000002   PAD
    0x0800589c   0x00000150   Code   RO         2823    x$fpl$dadd          fz_ws.l(daddsub_clz.o)
    0x080059ec   0x00000010   Code   RO         3170    x$fpl$dcheck1       fz_ws.l(dcheck1.o)
    0x080059fc   0x00000018   Code   RO         2984    x$fpl$dcmpinf       fz_ws.l(dcmpi.o)
    0x08005a14   0x000002b0   Code   RO         2830    x$fpl$ddiv          fz_ws.l(ddiv.o)
    0x08005cc4   0x0000005e   Code   RO         2833    x$fpl$dfix          fz_ws.l(dfix.o)
    0x08005d22   0x00000002   PAD
    0x08005d24   0x0000005a   Code   RO         2837    x$fpl$dfixu         fz_ws.l(dfixu.o)
    0x08005d7e   0x0000002e   Code   RO         2842    x$fpl$dflt          fz_ws.l(dflt_clz.o)
    0x08005dac   0x00000026   Code   RO         2841    x$fpl$dfltu         fz_ws.l(dflt_clz.o)
    0x08005dd2   0x00000002   PAD
    0x08005dd4   0x00000078   Code   RO         2847    x$fpl$dleqf         fz_ws.l(dleqf.o)
    0x08005e4c   0x00000154   Code   RO         2849    x$fpl$dmul          fz_ws.l(dmul.o)
    0x08005fa0   0x0000009c   Code   RO         2986    x$fpl$dnaninf       fz_ws.l(dnaninf.o)
    0x0800603c   0x0000000c   Code   RO         2988    x$fpl$dretinf       fz_ws.l(dretinf.o)
    0x08006048   0x0000006c   Code   RO         2851    x$fpl$drleqf        fz_ws.l(drleqf.o)
    0x080060b4   0x00000016   Code   RO         2824    x$fpl$drsb          fz_ws.l(daddsub_clz.o)
    0x080060ca   0x00000002   PAD
    0x080060cc   0x000001cc   Code   RO         2990    x$fpl$dsqrt         fz_ws.l(dsqrt_noumaal.o)
    0x08006298   0x000001d4   Code   RO         2825    x$fpl$dsub          fz_ws.l(daddsub_clz.o)
    0x0800646c   0x00000056   Code   RO         2853    x$fpl$f2d           fz_ws.l(f2d.o)
    0x080064c2   0x00000002   PAD
    0x080064c4   0x000000c4   Code   RO         2855    x$fpl$fadd          fz_ws.l(faddsub_clz.o)
    0x08006588   0x00000018   Code   RO         2992    x$fpl$fcmpinf       fz_ws.l(fcmpi.o)
    0x080065a0   0x00000184   Code   RO         2862    x$fpl$fdiv          fz_ws.l(fdiv.o)
    0x08006724   0x00000036   Code   RO         2865    x$fpl$ffix          fz_ws.l(ffix.o)
    0x0800675a   0x00000002   PAD
    0x0800675c   0x00000030   Code   RO         2874    x$fpl$fflt          fz_ws.l(fflt_clz.o)
    0x0800678c   0x00000026   Code   RO         2873    x$fpl$ffltu         fz_ws.l(fflt_clz.o)
    0x080067b2   0x00000002   PAD
    0x080067b4   0x00000068   Code   RO         2879    x$fpl$fleqf         fz_ws.l(fleqf.o)
    0x0800681c   0x00000102   Code   RO         2881    x$fpl$fmul          fz_ws.l(fmul.o)
    0x0800691e   0x0000008c   Code   RO         2994    x$fpl$fnaninf       fz_ws.l(fnaninf.o)
    0x080069aa   0x0000000a   Code   RO         2996    x$fpl$fretinf       fz_ws.l(fretinf.o)
    0x080069b4   0x00000062   Code   RO         2883    x$fpl$frleqf        fz_ws.l(frleqf.o)
    0x08006a16   0x00000014   Code   RO         2856    x$fpl$frsb          fz_ws.l(faddsub_clz.o)
    0x08006a2a   0x00000002   PAD
    0x08006a2c   0x000000ea   Code   RO         2857    x$fpl$fsub          fz_ws.l(faddsub_clz.o)
    0x08006b16   0x00000004   Code   RO         2885    x$fpl$printf1       fz_ws.l(printf1.o)
    0x08006b1a   0x00000064   Code   RO         3202    x$fpl$retnan        fz_ws.l(retnan.o)
    0x08006b7e   0x0000005c   Code   RO         2998    x$fpl$scalbn        fz_ws.l(scalbn.o)
    0x08006bda   0x00000030   Code   RO         3234    x$fpl$trapveneer    fz_ws.l(trapv.o)
    0x08006c0a   0x00000000   Code   RO         3000    x$fpl$usenofp       fz_ws.l(usenofp.o)
    0x08006c0a   0x00000018   Data   RO          586    .constdata          drive_message.o
    0x08006c22   0x00000011   Data   RO         2803    .constdata          c_w.l(__printf_flags_wp.o)
    0x08006c33   0x00000005   PAD
    0x08006c38   0x00000050   Data   RO         2889    .constdata          m_ws.l(acos.o)
    0x08006c88   0x00000088   Data   RO         2915    .constdata          m_ws.l(pow.o)
    0x08006d10   0x00000098   Data   RO         3003    .constdata          m_ws.l(atan.o)
    0x08006da8   0x00000030   Data   RO         3012    .constdata          m_ws.l(cos_i.o)
    0x08006dd8   0x00000008   Data   RO         3032    .constdata          m_ws.l(qnan.o)
    0x08006de0   0x000000c8   Data   RO         3035    .constdata          m_ws.l(rred.o)
    0x08006ea8   0x00000028   Data   RO         3039    .constdata          m_ws.l(sin_i.o)
    0x08006ed0   0x00000094   Data   RO         3089    .constdata          c_w.l(bigflt0.o)
    0x08006f64   0x00000008   Data   RO            3    .conststring        app_message.o
    0x08006f6c   0x0000000c   Data   RO          211    .conststring        app_loadmeasure.o
    0x08006f78   0x00000004   Data   RO          263    .conststring        app_led.o
    0x08006f7c   0x00000020   Data   RO         3266    Region$$Table       anon$$obj.o
    0x08006f9c   0x0000001c   Data   RO         3113    locale$$data        c_w.l(lc_numeric_c.o)


    Execution Region RW_IRAM1 (Base: 0x20000000, Size: 0x00007758, Max: 0x0000c000, ABSOLUTE)

    Base Addr    Size         Type   Attr      Idx    E Section Name        Object

    0x20000000   0x00000028   Data   RW            4    .data               app_message.o
    0x20000028   0x00000024   Data   RW          212    .data               app_loadmeasure.o
    0x2000004c   0x00000024   Data   RW          264    .data               app_led.o
    0x20000070   0x00000010   Data   RW          302    .data               os_startfile.o
    0x20000080   0x00000001   Data   RW          433    .data               os_ui.o
    0x20000081   0x00000001   PAD
    0x20000082   0x00000004   Data   RW          543    .data               drive_loadmeasure.o
    0x20000086   0x00000002   PAD
    0x20000088   0x0000000a   Data   RW          587    .data               drive_message.o
    0x20000092   0x00000002   PAD
    0x20000094   0x00000004   Data   RW          923    .data               drive_timer.o
    0x20000098   0x0000000c   Data   RW         1051    .data               drive_freqmeasure.o
    0x200000a4   0x00000014   Data   RW         1286    .data               stm32f10x_rcc.o
    0x200000b8   0x00000024   Zero   RW          366    .bss                os_manage.o
    0x200000dc   0x00001088   Zero   RW          542    .bss                drive_loadmeasure.o
    0x20001164   0x0000018f   Zero   RW          585    .bss                drive_message.o
    0x200012f3   0x00000001   PAD
    0x200012f4   0x00000060   Zero   RW         3045    .bss                c_w.l(libspace.o)
    0x20001354   0x00000004   PAD
    0x20001358   0x00000400   Zero   RW         1146    HEAP                startup_stm32f10x_hd.o
    0x20001758   0x00006000   Zero   RW         1145    STACK               startup_stm32f10x_hd.o


==============================================================================

Image component sizes


      Code (inc. data)   RO Data    RW Data    ZI Data      Debug   Object Name

        34          4          4         36          0       1305   app_led.o
      1976         84         12         36          0       2913   app_loadmeasure.o
        14          0          8         40          0     268732   app_message.o
       448         30          0          0          0       1972   drive_adc.o
        14          0          0          0          0        553   drive_bluetooth.o
       116          6          0          0          0        654   drive_exti.o
       684          6          0          0          0       3870   drive_fft.o
        72          0          0          0          0        662   drive_filter.o
       142         34          0         12          0       2051   drive_freqmeasure.o
       156         14          0          0          0       1158   drive_gpio.o
       180         32          0          0          0       4256   drive_interrupt.o
      1928        118          0          4       4232       4705   drive_loadmeasure.o
       592         70         24         10        399       4989   drive_message.o
      1214         70          0          0          0       9144   drive_oled.o
       382         12          0          4          0       2740   drive_timer.o
       168          8          0          0          0       1262   drive_usart.o
        44         14          0          0          0        499   main.o
       132         22          0          0          0       1651   misc.o
        36          6          0          0         36       2828   os_manage.o
       564         20          0          0          0       2494   os_run.o
       144         10          0         16          0       2107   os_startfile.o
       160          6          0          1          0       1777   os_ui.o
        64         26        304          0      25600        856   startup_stm32f10x_hd.o
       486         24          0          0          0       9010   stm32f10x_adc.o
        28         10          0          0          0        568   stm32f10x_dma.o
       200         18          0          0          0       2260   stm32f10x_exti.o
       378          4          0          0          0       5122   stm32f10x_gpio.o
       332         44          0         20          0       5842   stm32f10x_rcc.o
       218         42          0          0          0       3633   stm32f10x_tim.o
       442          6          0          0          0       6441   stm32f10x_usart.o
         0          0          0          0          0         32   sys.o
       328         28          0          0          0       2185   system_stm32f10x.o

    ----------------------------------------------------------------------
     11710        768        384        184      30268     358271   Object Totals
         0          0         32          0          0          0   (incl. Generated)
        34          0          0          5          1          0   (incl. Padding)

    ----------------------------------------------------------------------

      Code (inc. data)   RO Data    RW Data    ZI Data      Debug   Library Member Name

         8          0          0          0          0         68   __main.o
       312          4         17          0          0         92   __printf_flags_wp.o
        14          0          0          0          0         68   __printf_wp.o
         0          0          0          0          0          0   __rtentry.o
        12          0          0          0          0          0   __rtentry2.o
         6          0          0          0          0          0   __rtentry4.o
        52          8          0          0          0          0   __scatter.o
        26          0          0          0          0          0   __scatter_copy.o
        28          0          0          0          0          0   __scatter_zi.o
        48          6          0          0          0         96   _printf_char_common.o
         6          0          0          0          0          0   _printf_f.o
      1050          0          0          0          0        216   _printf_fp_dec.o
       128         16          0          0          0         84   _printf_fp_infnan.o
         0          0          0          0          0          0   _printf_percent.o
         4          0          0          0          0          0   _printf_percent_end.o
        22          0          0          0          0        100   _rserrno.o
        10          0          0          0          0         68   _sputc.o
       220          4        148          0          0         96   bigflt0.o
      1910        128          0          0          0        672   btod.o
        12          0          0          0          0         72   exit.o
         6          0          0          0          0        152   heapauxi.o
        44         10         28          0          0         76   lc_numeric_c.o
         2          0          0          0          0          0   libinit.o
        18          0          0          0          0          0   libinit2.o
         2          0          0          0          0          0   libshutdown.o
         2          0          0          0          0          0   libshutdown2.o
         8          4          0          0         96         68   libspace.o
       138          0          0          0          0         80   lludiv10.o
        40          6          0          0          0         84   noretval__2sprintf.o
         8          4          0          0          0         68   rt_errno_addr_intlibspace.o
         8          4          0          0          0         68   rt_locale_intlibspace.o
        78          0          0          0          0         80   rt_memclr_w.o
         2          0          0          0          0          0   rtexit.o
        10          0          0          0          0          0   rtexit2.o
       128          0          0          0          0         68   strcmpv7m.o
        74          0          0          0          0         80   sys_stackheap_outer.o
         2          0          0          0          0         68   use_no_semi.o
         2          0          0          0          0         68   use_no_semi_2.o
        98          4          0          0          0         92   d2f.o
       826         16          0          0          0        348   daddsub_clz.o
        16          4          0          0          0         68   dcheck1.o
        24          0          0          0          0         68   dcmpi.o
       688        140          0          0          0        208   ddiv.o
        94          4          0          0          0         92   dfix.o
        90          4          0          0          0         92   dfixu.o
        84          0          0          0          0        136   dflt_clz.o
       120          4          0          0          0         92   dleqf.o
       340         12          0          0          0        104   dmul.o
       156          4          0          0          0         92   dnaninf.o
        12          0          0          0          0         68   dretinf.o
       108          0          0          0          0         80   drleqf.o
       460         56          0          0          0        120   dsqrt_noumaal.o
        86          4          0          0          0         84   f2d.o
       450          8          0          0          0        236   faddsub_clz.o
        24          0          0          0          0         68   fcmpi.o
       388         76          0          0          0         96   fdiv.o
        54          4          0          0          0         84   ffix.o
        86          0          0          0          0        136   fflt_clz.o
       104          4          0          0          0         84   fleqf.o
       258          4          0          0          0         84   fmul.o
       140          4          0          0          0         84   fnaninf.o
        10          0          0          0          0         68   fretinf.o
        98          0          0          0          0         68   frleqf.o
         4          0          0          0          0         68   printf1.o
       100          0          0          0          0         68   retnan.o
        92          0          0          0          0         68   scalbn.o
        48          0          0          0          0         68   trapv.o
         0          0          0          0          0          0   usenofp.o
       636         62         80          0          0        188   acos.o
       544         70        152          0          0        124   atan.o
       384         38          0          0          0        144   atan2.o
       156          8          0          0          0        104   cos.o
       252         22         48          0          0        124   cos_i.o
        68         10          0          0          0        408   dunder.o
        40          0          0          0          0         68   fpclassify.o
       170          0          0          0          0         96   poly.o
      2488        190        136          0          0        300   pow.o
         0          0          8          0          0          0   qnan.o
       904         76        200          0          0        140   rred.o
       160         10          0          0          0        108   sin.o
       236         12         40          0          0        128   sin_i.o
        76          0          0          0          0         84   sqrt.o

    ----------------------------------------------------------------------
     15644       1044        862          0        100       7632   Library Totals
        32          0          5          0          4          0   (incl. Padding)

    ----------------------------------------------------------------------

      Code (inc. data)   RO Data    RW Data    ZI Data      Debug   Library Name

      4440        194        193          0         96       2592   c_w.l
      5058        352          0          0          0       3024   fz_ws.l
      6114        498        664          0          0       2016   m_ws.l

    ----------------------------------------------------------------------
     15644       1044        862          0        100       7632   Library Totals

    ----------------------------------------------------------------------

==============================================================================


      Code (inc. data)   RO Data    RW Data    ZI Data      Debug   

     27354       1812       1246        184      30368     355967   Grand Totals
     27354       1812       1246        184      30368     355967   ELF Image Totals
     27354       1812       1246        184          0          0   ROM Totals

==============================================================================

    Total RO  Size (Code + RO Data)                28600 (  27.93kB)
    Total RW  Size (RW Data + ZI Data)             30552 (  29.84kB)
    Total ROM Size (Code + RO Data + RW Data)      28784 (  28.11kB)

==============================================================================

